Archive member included to satisfy reference by file (symbol)

d:/wbudowane/plugins/fr.ac6.mcu.externaltools.arm-none.win32_1.15.0.201708311556/tools/compiler/bin/../lib/gcc/arm-none-eabi/6.3.1/../../../../arm-none-eabi/lib/thumb/v7e-m/fpv4-sp/hard\libc_nano.a(lib_a-exit.o)
                              d:/wbudowane/plugins/fr.ac6.mcu.externaltools.arm-none.win32_1.15.0.201708311556/tools/compiler/bin/../lib/gcc/arm-none-eabi/6.3.1/../../../../arm-none-eabi/lib/thumb/v7e-m/fpv4-sp/hard/crt0.o (exit)
d:/wbudowane/plugins/fr.ac6.mcu.externaltools.arm-none.win32_1.15.0.201708311556/tools/compiler/bin/../lib/gcc/arm-none-eabi/6.3.1/../../../../arm-none-eabi/lib/thumb/v7e-m/fpv4-sp/hard\libc_nano.a(lib_a-impure.o)
                              d:/wbudowane/plugins/fr.ac6.mcu.externaltools.arm-none.win32_1.15.0.201708311556/tools/compiler/bin/../lib/gcc/arm-none-eabi/6.3.1/../../../../arm-none-eabi/lib/thumb/v7e-m/fpv4-sp/hard\libc_nano.a(lib_a-exit.o) (_global_impure_ptr)
d:/wbudowane/plugins/fr.ac6.mcu.externaltools.arm-none.win32_1.15.0.201708311556/tools/compiler/bin/../lib/gcc/arm-none-eabi/6.3.1/../../../../arm-none-eabi/lib/thumb/v7e-m/fpv4-sp/hard\libc_nano.a(lib_a-init.o)
                              d:/wbudowane/plugins/fr.ac6.mcu.externaltools.arm-none.win32_1.15.0.201708311556/tools/compiler/bin/../lib/gcc/arm-none-eabi/6.3.1/../../../../arm-none-eabi/lib/thumb/v7e-m/fpv4-sp/hard/crt0.o (__libc_init_array)
d:/wbudowane/plugins/fr.ac6.mcu.externaltools.arm-none.win32_1.15.0.201708311556/tools/compiler/bin/../lib/gcc/arm-none-eabi/6.3.1/../../../../arm-none-eabi/lib/thumb/v7e-m/fpv4-sp/hard\libc_nano.a(lib_a-memcpy-stub.o)
                              Middlewares/Third_Party/FreeRTOS/Source/queue.o (memcpy)
d:/wbudowane/plugins/fr.ac6.mcu.externaltools.arm-none.win32_1.15.0.201708311556/tools/compiler/bin/../lib/gcc/arm-none-eabi/6.3.1/../../../../arm-none-eabi/lib/thumb/v7e-m/fpv4-sp/hard\libc_nano.a(lib_a-memset.o)
                              d:/wbudowane/plugins/fr.ac6.mcu.externaltools.arm-none.win32_1.15.0.201708311556/tools/compiler/bin/../lib/gcc/arm-none-eabi/6.3.1/../../../../arm-none-eabi/lib/thumb/v7e-m/fpv4-sp/hard/crt0.o (memset)
d:/wbudowane/plugins/fr.ac6.mcu.externaltools.arm-none.win32_1.15.0.201708311556/tools/compiler/bin/../lib/gcc/arm-none-eabi/6.3.1/../../../../arm-none-eabi/lib/thumb/v7e-m/fpv4-sp/hard\libc_nano.a(lib_a-snprintf.o)
                              Src/freertos.o (snprintf)
d:/wbudowane/plugins/fr.ac6.mcu.externaltools.arm-none.win32_1.15.0.201708311556/tools/compiler/bin/../lib/gcc/arm-none-eabi/6.3.1/../../../../arm-none-eabi/lib/thumb/v7e-m/fpv4-sp/hard\libc_nano.a(lib_a-nano-svfprintf.o)
                              d:/wbudowane/plugins/fr.ac6.mcu.externaltools.arm-none.win32_1.15.0.201708311556/tools/compiler/bin/../lib/gcc/arm-none-eabi/6.3.1/../../../../arm-none-eabi/lib/thumb/v7e-m/fpv4-sp/hard\libc_nano.a(lib_a-snprintf.o) (_svfprintf_r)
d:/wbudowane/plugins/fr.ac6.mcu.externaltools.arm-none.win32_1.15.0.201708311556/tools/compiler/bin/../lib/gcc/arm-none-eabi/6.3.1/../../../../arm-none-eabi/lib/thumb/v7e-m/fpv4-sp/hard\libc_nano.a(lib_a-nano-vfprintf_i.o)
                              d:/wbudowane/plugins/fr.ac6.mcu.externaltools.arm-none.win32_1.15.0.201708311556/tools/compiler/bin/../lib/gcc/arm-none-eabi/6.3.1/../../../../arm-none-eabi/lib/thumb/v7e-m/fpv4-sp/hard\libc_nano.a(lib_a-nano-svfprintf.o) (_printf_i)
d:/wbudowane/plugins/fr.ac6.mcu.externaltools.arm-none.win32_1.15.0.201708311556/tools/compiler/bin/../lib/gcc/arm-none-eabi/6.3.1/../../../../arm-none-eabi/lib/thumb/v7e-m/fpv4-sp/hard\libc_nano.a(lib_a-memchr.o)
                              d:/wbudowane/plugins/fr.ac6.mcu.externaltools.arm-none.win32_1.15.0.201708311556/tools/compiler/bin/../lib/gcc/arm-none-eabi/6.3.1/../../../../arm-none-eabi/lib/thumb/v7e-m/fpv4-sp/hard\libc_nano.a(lib_a-nano-svfprintf.o) (memchr)
d:/wbudowane/plugins/fr.ac6.mcu.externaltools.arm-none.win32_1.15.0.201708311556/tools/compiler/bin/../lib/gcc/arm-none-eabi/6.3.1/../../../../arm-none-eabi/lib/thumb/v7e-m/fpv4-sp/hard\libc_nano.a(lib_a-memmove.o)
                              d:/wbudowane/plugins/fr.ac6.mcu.externaltools.arm-none.win32_1.15.0.201708311556/tools/compiler/bin/../lib/gcc/arm-none-eabi/6.3.1/../../../../arm-none-eabi/lib/thumb/v7e-m/fpv4-sp/hard\libc_nano.a(lib_a-nano-svfprintf.o) (memmove)
d:/wbudowane/plugins/fr.ac6.mcu.externaltools.arm-none.win32_1.15.0.201708311556/tools/compiler/bin/../lib/gcc/arm-none-eabi/6.3.1/../../../../arm-none-eabi/lib/thumb/v7e-m/fpv4-sp/hard\libc_nano.a(lib_a-nano-freer.o)
                              d:/wbudowane/plugins/fr.ac6.mcu.externaltools.arm-none.win32_1.15.0.201708311556/tools/compiler/bin/../lib/gcc/arm-none-eabi/6.3.1/../../../../arm-none-eabi/lib/thumb/v7e-m/fpv4-sp/hard\libc_nano.a(lib_a-nano-svfprintf.o) (_free_r)
[...]
Memory Configuration

Name             Origin             Length             Attributes
RAM              0x20000000         0x00010000         xrw
CCMRAM           0x10000000         0x00004000         rw
FLASH            0x08000000         0x00080000         xr
*default*        0x00000000         0xffffffff

Linker script and memory map

LOAD d:/wbudowane/plugins/fr.ac6.mcu.externaltools.arm-none.win32_1.15.0.201708311556/tools/compiler/bin/../lib/gcc/arm-none-eabi/6.3.1/thumb/v7e-m/fpv4-sp/hard/crti.o
LOAD d:/wbudowane/plugins/fr.ac6.mcu.externaltools.arm-none.win32_1.15.0.201708311556/tools/compiler/bin/../lib/gcc/arm-none-eabi/6.3.1/thumb/v7e-m/fpv4-sp/hard/crtbegin.o
LOAD d:/wbudowane/plugins/fr.ac6.mcu.externaltools.arm-none.win32_1.15.0.201708311556/tools/compiler/bin/../lib/gcc/arm-none-eabi/6.3.1/../../../../arm-none-eabi/lib/thumb/v7e-m/fpv4-sp/hard/crt0.o
LOAD Drivers/STM32F3xx_HAL_Driver/Src/stm32f3xx_hal.o
LOAD Drivers/STM32F3xx_HAL_Driver/Src/stm32f3xx_hal_adc.o
LOAD Drivers/STM32F3xx_HAL_Driver/Src/stm32f3xx_hal_adc_ex.o
LOAD Drivers/STM32F3xx_HAL_Driver/Src/stm32f3xx_hal_cortex.o
LOAD Drivers/STM32F3xx_HAL_Driver/Src/stm32f3xx_hal_dma.o
LOAD Drivers/STM32F3xx_HAL_Driver/Src/stm32f3xx_hal_flash.o
LOAD Drivers/STM32F3xx_HAL_Driver/Src/stm32f3xx_hal_flash_ex.o
LOAD Drivers/STM32F3xx_HAL_Driver/Src/stm32f3xx_hal_gpio.o
LOAD Drivers/STM32F3xx_HAL_Driver/Src/stm32f3xx_hal_i2c.o
LOAD Drivers/STM32F3xx_HAL_Driver/Src/stm32f3xx_hal_i2c_ex.o
LOAD Drivers/STM32F3xx_HAL_Driver/Src/stm32f3xx_hal_pwr.o
LOAD Drivers/STM32F3xx_HAL_Driver/Src/stm32f3xx_hal_pwr_ex.o
LOAD Drivers/STM32F3xx_HAL_Driver/Src/stm32f3xx_hal_rcc.o
LOAD Drivers/STM32F3xx_HAL_Driver/Src/stm32f3xx_hal_rcc_ex.o
LOAD Drivers/STM32F3xx_HAL_Driver/Src/stm32f3xx_hal_tim.o
LOAD Drivers/STM32F3xx_HAL_Driver/Src/stm32f3xx_hal_tim_ex.o
LOAD Drivers/STM32F3xx_HAL_Driver/Src/stm32f3xx_hal_uart.o
LOAD Drivers/STM32F3xx_HAL_Driver/Src/stm32f3xx_hal_uart_ex.o
LOAD Middlewares/Third_Party/FreeRTOS/Source/CMSIS_RTOS/cmsis_os.o
LOAD Middlewares/Third_Party/FreeRTOS/Source/croutine.o
LOAD Middlewares/Third_Party/FreeRTOS/Source/event_groups.o
LOAD Middlewares/Third_Party/FreeRTOS/Source/list.o
LOAD Middlewares/Third_Party/FreeRTOS/Source/queue.o
LOAD Middlewares/Third_Party/FreeRTOS/Source/tasks.o
LOAD Middlewares/Third_Party/FreeRTOS/Source/timers.o
LOAD Middlewares/Third_Party/FreeRTOS/Source/portable/GCC/ARM_CM4F/port.o
LOAD Middlewares/Third_Party/FreeRTOS/Source/portable/MemMang/heap_4.o
LOAD Src/adc.o
LOAD Src/freertos.o
LOAD Src/gpio.o
LOAD Src/main.o
LOAD Src/stm32f3xx_hal_msp.o
LOAD Src/stm32f3xx_hal_timebase_TIM.o
LOAD Src/stm32f3xx_it.o
LOAD Src/system_stm32f3xx.o
LOAD Src/tim.o
LOAD Src/usart.o
LOAD startup/startup_stm32f303xe.o
LOAD d:/wbudowane/plugins/fr.ac6.mcu.externaltools.arm-none.win32_1.15.0.201708311556/tools/compiler/bin/../lib/gcc/arm-none-eabi/6.3.1/../../../../arm-none-eabi/lib/thumb/v7e-m/fpv4-sp/hard\libm.a
START GROUP
LOAD d:/wbudowane/plugins/fr.ac6.mcu.externaltools.arm-none.win32_1.15.0.201708311556/tools/compiler/bin/../lib/gcc/arm-none-eabi/6.3.1/thumb/v7e-m/fpv4-sp/hard\libgcc.a
LOAD d:/wbudowane/plugins/fr.ac6.mcu.externaltools.arm-none.win32_1.15.0.201708311556/tools/compiler/bin/../lib/gcc/arm-none-eabi/6.3.1/../../../../arm-none-eabi/lib/thumb/v7e-m/fpv4-sp/hard\libc_nano.a
END GROUP
START GROUP
LOAD d:/wbudowane/plugins/fr.ac6.mcu.externaltools.arm-none.win32_1.15.0.201708311556/tools/compiler/bin/../lib/gcc/arm-none-eabi/6.3.1/thumb/v7e-m/fpv4-sp/hard\libgcc.a
LOAD d:/wbudowane/plugins/fr.ac6.mcu.externaltools.arm-none.win32_1.15.0.201708311556/tools/compiler/bin/../lib/gcc/arm-none-eabi/6.3.1/../../../../arm-none-eabi/lib/thumb/v7e-m/fpv4-sp/hard\libc_nano.a
LOAD d:/wbudowane/plugins/fr.ac6.mcu.externaltools.arm-none.win32_1.15.0.201708311556/tools/compiler/bin/../lib/gcc/arm-none-eabi/6.3.1/../../../../arm-none-eabi/lib/thumb/v7e-m/fpv4-sp/hard\libnosys.a
END GROUP
START GROUP
LOAD d:/wbudowane/plugins/fr.ac6.mcu.externaltools.arm-none.win32_1.15.0.201708311556/tools/compiler/bin/../lib/gcc/arm-none-eabi/6.3.1/thumb/v7e-m/fpv4-sp/hard\libgcc.a
LOAD d:/wbudowane/plugins/fr.ac6.mcu.externaltools.arm-none.win32_1.15.0.201708311556/tools/compiler/bin/../lib/gcc/arm-none-eabi/6.3.1/../../../../arm-none-eabi/lib/thumb/v7e-m/fpv4-sp/hard\libc_nano.a
LOAD d:/wbudowane/plugins/fr.ac6.mcu.externaltools.arm-none.win32_1.15.0.201708311556/tools/compiler/bin/../lib/gcc/arm-none-eabi/6.3.1/../../../../arm-none-eabi/lib/thumb/v7e-m/fpv4-sp/hard\libnosys.a
END GROUP
LOAD d:/wbudowane/plugins/fr.ac6.mcu.externaltools.arm-none.win32_1.15.0.201708311556/tools/compiler/bin/../lib/gcc/arm-none-eabi/6.3.1/thumb/v7e-m/fpv4-sp/hard/crtend.o
LOAD d:/wbudowane/plugins/fr.ac6.mcu.externaltools.arm-none.win32_1.15.0.201708311556/tools/compiler/bin/../lib/gcc/arm-none-eabi/6.3.1/thumb/v7e-m/fpv4-sp/hard/crtn.o
                0x20010000                _estack = 0x20010000
                0x00000200                _Min_Heap_Size = 0x200
                0x00000400                _Min_Stack_Size = 0x400

.isr_vector     0x08000000      0x194
                0x08000000                . = ALIGN (0x4)
 *(.isr_vector)
 .isr_vector    0x08000000      0x194 startup/startup_stm32f303xe.o
                0x08000000                g_pfnVectors
                0x08000194                . = ALIGN (0x4)

.text           0x080001a0     0x4aa8
                0x080001a0                . = ALIGN (0x4)
 *(.text)
 .text          0x080001a0       0x6c d:/wbudowane/plugins/fr.ac6.mcu.externaltools.arm-none.win32_1.15.0.201708311556/tools/compiler/bin/../lib/gcc/arm-none-eabi/6.3.1/thumb/v7e-m/fpv4-sp/hard/crtbegin.o
 *fill*         0x0800020c        0x4 
 .text          0x08000210       0xa0 d:/wbudowane/plugins/fr.ac6.mcu.externaltools.arm-none.win32_1.15.0.201708311556/tools/compiler/bin/../lib/gcc/arm-none-eabi/6.3.1/../../../../arm-none-eabi/lib/thumb/v7e-m/fpv4-sp/hard\libc_nano.a(lib_a-memchr.o)
                0x08000210                memchr
 *(.text*)
 .text.HAL_Init
                0x080002b0       0x24 Drivers/STM32F3xx_HAL_Driver/Src/stm32f3xx_hal.o
                0x080002b0                HAL_Init
 .text.HAL_IncTick
                0x080002d4       0x18 Drivers/STM32F3xx_HAL_Driver/Src/stm32f3xx_hal.o
                0x080002d4                HAL_IncTick
 .text.HAL_GetTick
                0x080002ec        0xc Drivers/STM32F3xx_HAL_Driver/Src/stm32f3xx_hal.o
                0x080002ec                HAL_GetTick
 .text.HAL_Delay
                0x080002f8       0x28 Drivers/STM32F3xx_HAL_Driver/Src/stm32f3xx_hal.o
                0x080002f8                HAL_Delay
 .text.ADC_Disable
                0x08000320       0x88 Drivers/STM32F3xx_HAL_Driver/Src/stm32f3xx_hal_adc_ex.o
 .text.HAL_ADC_Init
                0x080003a8      0x2c0 Drivers/STM32F3xx_HAL_Driver/Src/stm32f3xx_hal_adc_ex.o
                0x080003a8                HAL_ADC_Init
 .text.HAL_ADC_ConfigChannel
                0x08000668      0x3c8 Drivers/STM32F3xx_HAL_Driver/Src/stm32f3xx_hal_adc_ex.o
                0x08000668                HAL_ADC_ConfigChannel
 .text.HAL_ADCEx_MultiModeConfigChannel
                0x08000a30      0x180 Drivers/STM32F3xx_HAL_Driver/Src/stm32f3xx_hal_adc_ex.o
                0x08000a30                HAL_ADCEx_MultiModeConfigChannel
 .text.HAL_NVIC_SetPriorityGrouping
                0x08000bb0       0x24 Drivers/STM32F3xx_HAL_Driver/Src/stm32f3xx_hal_cortex.o
                0x08000bb0                HAL_NVIC_SetPriorityGrouping
 .text.HAL_NVIC_SetPriority
                0x08000bd4       0x64 Drivers/STM32F3xx_HAL_Driver/Src/stm32f3xx_hal_cortex.o
                0x08000bd4                HAL_NVIC_SetPriority
 .text.HAL_NVIC_EnableIRQ
                0x08000c38       0x18 Drivers/STM32F3xx_HAL_Driver/Src/stm32f3xx_hal_cortex.o
                0x08000c38                HAL_NVIC_EnableIRQ
 .text.HAL_SYSTICK_Config
                0x08000c50       0x2c Drivers/STM32F3xx_HAL_Driver/Src/stm32f3xx_hal_cortex.o
                0x08000c50                HAL_SYSTICK_Config
 .text.HAL_SYSTICK_CLKSourceConfig
                0x08000c7c       0x20 Drivers/STM32F3xx_HAL_Driver/Src/stm32f3xx_hal_cortex.o
                0x08000c7c                HAL_SYSTICK_CLKSourceConfig
 .text.HAL_GPIO_Init
                0x08000c9c      0x1b4 Drivers/STM32F3xx_HAL_Driver/Src/stm32f3xx_hal_gpio.o
                0x08000c9c                HAL_GPIO_Init
 .text.HAL_GPIO_WritePin
                0x08000e50        0xa Drivers/STM32F3xx_HAL_Driver/Src/stm32f3xx_hal_gpio.o
                0x08000e50                HAL_GPIO_WritePin
 *fill*         0x08000e5a        0x2 
 .text.HAL_RCC_OscConfig
                0x08000e5c      0x610 Drivers/STM32F3xx_HAL_Driver/Src/stm32f3xx_hal_rcc.o
                0x08000e5c                HAL_RCC_OscConfig
 .text.HAL_RCC_GetSysClockFreq
                0x0800146c       0x70 Drivers/STM32F3xx_HAL_Driver/Src/stm32f3xx_hal_rcc.o
                0x0800146c                HAL_RCC_GetSysClockFreq
 .text.HAL_RCC_ClockConfig
                0x080014dc      0x1d4 Drivers/STM32F3xx_HAL_Driver/Src/stm32f3xx_hal_rcc.o
                0x080014dc                HAL_RCC_ClockConfig
 .text.HAL_RCC_GetHCLKFreq
                0x080016b0        0xc Drivers/STM32F3xx_HAL_Driver/Src/stm32f3xx_hal_rcc.o
                0x080016b0                HAL_RCC_GetHCLKFreq
 .text.HAL_RCC_GetPCLK1Freq
                0x080016bc       0x2c Drivers/STM32F3xx_HAL_Driver/Src/stm32f3xx_hal_rcc.o
                0x080016bc                HAL_RCC_GetPCLK1Freq
 .text.HAL_RCC_GetPCLK2Freq
                0x080016e8       0x2c Drivers/STM32F3xx_HAL_Driver/Src/stm32f3xx_hal_rcc.o
                0x080016e8                HAL_RCC_GetPCLK2Freq
 .text.HAL_RCC_GetClockConfig
                0x08001714       0x3c Drivers/STM32F3xx_HAL_Driver/Src/stm32f3xx_hal_rcc.o
                0x08001714                HAL_RCC_GetClockConfig
 .text.HAL_RCCEx_PeriphCLKConfig
                0x08001750      0x308 Drivers/STM32F3xx_HAL_Driver/Src/stm32f3xx_hal_rcc_ex.o
                0x08001750                HAL_RCCEx_PeriphCLKConfig
 .text.TIM_TI1_ConfigInputStage
                0x08001a58       0x26 Drivers/STM32F3xx_HAL_Driver/Src/stm32f3xx_hal_tim.o
 .text.TIM_TI2_ConfigInputStage
                0x08001a7e       0x28 Drivers/STM32F3xx_HAL_Driver/Src/stm32f3xx_hal_tim.o
 .text.TIM_ITRx_SetConfig
                0x08001aa6       0x10 Drivers/STM32F3xx_HAL_Driver/Src/stm32f3xx_hal_tim.o
 .text.HAL_TIM_Base_Start
                0x08001ab6       0x1a Drivers/STM32F3xx_HAL_Driver/Src/stm32f3xx_hal_tim.o
                0x08001ab6                HAL_TIM_Base_Start
 .text.HAL_TIM_Base_Start_IT
                0x08001ad0       0x18 Drivers/STM32F3xx_HAL_Driver/Src/stm32f3xx_hal_tim.o
                0x08001ad0                HAL_TIM_Base_Start_IT
 .text.HAL_TIM_OC_MspInit
                0x08001ae8        0x2 Drivers/STM32F3xx_HAL_Driver/Src/stm32f3xx_hal_tim.o
                0x08001ae8                HAL_TIM_OC_MspInit
 .text.HAL_TIM_OC_DelayElapsedCallback
                0x08001aea        0x2 Drivers/STM32F3xx_HAL_Driver/Src/stm32f3xx_hal_tim.o
                0x08001aea                HAL_TIM_OC_DelayElapsedCallback
 .text.HAL_TIM_IC_CaptureCallback
                0x08001aec        0x2 Drivers/STM32F3xx_HAL_Driver/Src/stm32f3xx_hal_tim.o
                0x08001aec                HAL_TIM_IC_CaptureCallback
 .text.HAL_TIM_PWM_PulseFinishedCallback
                0x08001aee        0x2 Drivers/STM32F3xx_HAL_Driver/Src/stm32f3xx_hal_tim.o
                0x08001aee                HAL_TIM_PWM_PulseFinishedCallback
 .text.HAL_TIM_TriggerCallback
                0x08001af0        0x2 Drivers/STM32F3xx_HAL_Driver/Src/stm32f3xx_hal_tim.o
                0x08001af0                HAL_TIM_TriggerCallback
 .text.HAL_TIM_IRQHandler
                0x08001af2      0x19a Drivers/STM32F3xx_HAL_Driver/Src/stm32f3xx_hal_tim.o
                0x08001af2                HAL_TIM_IRQHandler
 .text.TIM_Base_SetConfig
                0x08001c8c       0xd0 Drivers/STM32F3xx_HAL_Driver/Src/stm32f3xx_hal_tim.o
                0x08001c8c                TIM_Base_SetConfig
 .text.HAL_TIM_Base_Init
                0x08001d5c       0x32 Drivers/STM32F3xx_HAL_Driver/Src/stm32f3xx_hal_tim.o
                0x08001d5c                HAL_TIM_Base_Init
 .text.HAL_TIM_OC_Init
                0x08001d8e       0x32 Drivers/STM32F3xx_HAL_Driver/Src/stm32f3xx_hal_tim.o
                0x08001d8e                HAL_TIM_OC_Init
 .text.TIM_OC1_SetConfig
                0x08001dc0       0xac Drivers/STM32F3xx_HAL_Driver/Src/stm32f3xx_hal_tim.o
                0x08001dc0                TIM_OC1_SetConfig
 .text.TIM_OC2_SetConfig
                0x08001e6c       0xa0 Drivers/STM32F3xx_HAL_Driver/Src/stm32f3xx_hal_tim.o
                0x08001e6c                TIM_OC2_SetConfig
 .text.TIM_OC3_SetConfig
                0x08001f0c       0x9c Drivers/STM32F3xx_HAL_Driver/Src/stm32f3xx_hal_tim.o
                0x08001f0c                TIM_OC3_SetConfig
 .text.TIM_OC4_SetConfig
                0x08001fa8       0x74 Drivers/STM32F3xx_HAL_Driver/Src/stm32f3xx_hal_tim.o
                0x08001fa8                TIM_OC4_SetConfig
 .text.TIM_ETR_SetConfig
                0x0800201c       0x18 Drivers/STM32F3xx_HAL_Driver/Src/stm32f3xx_hal_tim.o
                0x0800201c                TIM_ETR_SetConfig
 .text.HAL_TIM_ConfigClockSource
                0x08002034      0x118 Drivers/STM32F3xx_HAL_Driver/Src/stm32f3xx_hal_tim.o
                0x08002034                HAL_TIM_ConfigClockSource
 .text.TIM_OC5_SetConfig
                0x0800214c       0x70 Drivers/STM32F3xx_HAL_Driver/Src/stm32f3xx_hal_tim_ex.o
 .text.TIM_OC6_SetConfig
                0x080021bc       0x74 Drivers/STM32F3xx_HAL_Driver/Src/stm32f3xx_hal_tim_ex.o
 .text.HAL_TIM_OC_ConfigChannel
                0x08002230       0x76 Drivers/STM32F3xx_HAL_Driver/Src/stm32f3xx_hal_tim_ex.o
                0x08002230                HAL_TIM_OC_ConfigChannel
 *fill*         0x080022a6        0x2 
 .text.HAL_TIMEx_MasterConfigSynchronization
                0x080022a8       0x60 Drivers/STM32F3xx_HAL_Driver/Src/stm32f3xx_hal_tim_ex.o
                0x080022a8                HAL_TIMEx_MasterConfigSynchronization
 .text.HAL_TIMEx_CommutationCallback
                0x08002308        0x2 Drivers/STM32F3xx_HAL_Driver/Src/stm32f3xx_hal_tim_ex.o
                0x08002308                HAL_TIMEx_CommutationCallback
 .text.HAL_TIMEx_BreakCallback
                0x0800230a        0x2 Drivers/STM32F3xx_HAL_Driver/Src/stm32f3xx_hal_tim_ex.o
                0x0800230a                HAL_TIMEx_BreakCallback
 .text.HAL_TIMEx_Break2Callback
                0x0800230c        0x2 Drivers/STM32F3xx_HAL_Driver/Src/stm32f3xx_hal_tim_ex.o
                0x0800230c                HAL_TIMEx_Break2Callback
 *fill*         0x0800230e        0x2 
 .text.UART_SetConfig
                0x08002310      0x29c Drivers/STM32F3xx_HAL_Driver/Src/stm32f3xx_hal_uart.o
                0x08002310                UART_SetConfig
 .text.UART_AdvFeatureConfig
                0x080025ac       0xca Drivers/STM32F3xx_HAL_Driver/Src/stm32f3xx_hal_uart.o
                0x080025ac                UART_AdvFeatureConfig
 .text.UART_WaitOnFlagUntilTimeout
                0x08002676       0x64 Drivers/STM32F3xx_HAL_Driver/Src/stm32f3xx_hal_uart.o
                0x08002676                UART_WaitOnFlagUntilTimeout
 .text.HAL_UART_Transmit
                0x080026da       0xd0 Drivers/STM32F3xx_HAL_Driver/Src/stm32f3xx_hal_uart.o
                0x080026da                HAL_UART_Transmit
 .text.UART_CheckIdleState
                0x080027aa       0x70 Drivers/STM32F3xx_HAL_Driver/Src/stm32f3xx_hal_uart.o
                0x080027aa                UART_CheckIdleState
 .text.HAL_UART_Init
                0x0800281a       0x68 Drivers/STM32F3xx_HAL_Driver/Src/stm32f3xx_hal_uart.o
                0x0800281a                HAL_UART_Init
 .text.makeFreeRtosPriority
                0x08002882        0xc Middlewares/Third_Party/FreeRTOS/Source/CMSIS_RTOS/cmsis_os.o
 .text.inHandlerMode
                0x0800288e        0xc Middlewares/Third_Party/FreeRTOS/Source/CMSIS_RTOS/cmsis_os.o
 .text.osKernelStart
                0x0800289a        0xa Middlewares/Third_Party/FreeRTOS/Source/CMSIS_RTOS/cmsis_os.o
                0x0800289a                osKernelStart
 .text.osThreadCreate
                0x080028a4       0x34 Middlewares/Third_Party/FreeRTOS/Source/CMSIS_RTOS/cmsis_os.o
                0x080028a4                osThreadCreate
 .text.osMessageCreate
                0x080028d8        0xe Middlewares/Third_Party/FreeRTOS/Source/CMSIS_RTOS/cmsis_os.o
                0x080028d8                osMessageCreate
 *fill*         0x080028e6        0x2 
 .text.osMessageGet
                0x080028e8       0xa0 Middlewares/Third_Party/FreeRTOS/Source/CMSIS_RTOS/cmsis_os.o
                0x080028e8                osMessageGet
 .text.osSystickHandler
                0x08002988       0x10 Middlewares/Third_Party/FreeRTOS/Source/CMSIS_RTOS/cmsis_os.o
                0x08002988                osSystickHandler
 .text.vListInitialise
                0x08002998       0x16 Middlewares/Third_Party/FreeRTOS/Source/list.o
                0x08002998                vListInitialise
 .text.vListInitialiseItem
                0x080029ae        0x6 Middlewares/Third_Party/FreeRTOS/Source/list.o
                0x080029ae                vListInitialiseItem
 .text.vListInsertEnd
                0x080029b4       0x18 Middlewares/Third_Party/FreeRTOS/Source/list.o
                0x080029b4                vListInsertEnd
 .text.vListInsert
                0x080029cc       0x34 Middlewares/Third_Party/FreeRTOS/Source/list.o
                0x080029cc                vListInsert
 .text.uxListRemove
                0x08002a00       0x26 Middlewares/Third_Party/FreeRTOS/Source/list.o
                0x08002a00                uxListRemove
 .text.prvIsQueueEmpty
                0x08002a26       0x1a Middlewares/Third_Party/FreeRTOS/Source/queue.o
 .text.prvCopyDataFromQueue
                0x08002a40       0x24 Middlewares/Third_Party/FreeRTOS/Source/queue.o
 .text.prvUnlockQueue
                0x08002a64       0x6e Middlewares/Third_Party/FreeRTOS/Source/queue.o
 *fill*         0x08002ad2        0x2 
 .text.xQueueGenericReset
                0x08002ad4       0x80 Middlewares/Third_Party/FreeRTOS/Source/queue.o
                0x08002ad4                xQueueGenericReset
 .text.prvInitialiseNewQueue
                0x08002b54       0x1c Middlewares/Third_Party/FreeRTOS/Source/queue.o
 .text.xQueueGenericCreate
                0x08002b70       0x48 Middlewares/Third_Party/FreeRTOS/Source/queue.o
                0x08002b70                xQueueGenericCreate
 .text.xQueueGenericReceive
                0x08002bb8      0x1b0 Middlewares/Third_Party/FreeRTOS/Source/queue.o
                0x08002bb8                xQueueGenericReceive
 .text.xQueueReceiveFromISR
                0x08002d68       0xb6 Middlewares/Third_Party/FreeRTOS/Source/queue.o
                0x08002d68                xQueueReceiveFromISR
 *fill*         0x08002e1e        0x2 
 .text.prvResetNextTaskUnblockTime
                0x08002e20       0x2c Middlewares/Third_Party/FreeRTOS/Source/tasks.o
 .text.prvDeleteTCB
                0x08002e4c       0x12 Middlewares/Third_Party/FreeRTOS/Source/tasks.o
 .text.prvInitialiseNewTask
                0x08002e5e       0x80 Middlewares/Third_Party/FreeRTOS/Source/tasks.o
 *fill*         0x08002ede        0x2 
 .text.prvInitialiseTaskLists
                0x08002ee0       0x58 Middlewares/Third_Party/FreeRTOS/Source/tasks.o
 .text.prvAddNewTaskToReadyList
                0x08002f38       0xac Middlewares/Third_Party/FreeRTOS/Source/tasks.o
 .text.prvAddCurrentTaskToDelayedList
                0x08002fe4       0x88 Middlewares/Third_Party/FreeRTOS/Source/tasks.o
 .text.xTaskCreate
                0x0800306c       0x62 Middlewares/Third_Party/FreeRTOS/Source/tasks.o
                0x0800306c                xTaskCreate
 *fill*         0x080030ce        0x2 
 .text.vTaskStartScheduler
                0x080030d0       0x74 Middlewares/Third_Party/FreeRTOS/Source/tasks.o
                0x080030d0                vTaskStartScheduler
 .text.vTaskSuspendAll
                0x08003144       0x14 Middlewares/Third_Party/FreeRTOS/Source/tasks.o
                0x08003144                vTaskSuspendAll
 .text.xTaskIncrementTick
                0x08003158      0x114 Middlewares/Third_Party/FreeRTOS/Source/tasks.o
                0x08003158                xTaskIncrementTick
 .text.xTaskResumeAll
                0x0800326c       0xf4 Middlewares/Third_Party/FreeRTOS/Source/tasks.o
                0x0800326c                xTaskResumeAll
 .text.prvCheckTasksWaitingTermination
                0x08003360       0x54 Middlewares/Third_Party/FreeRTOS/Source/tasks.o
 .text.prvIdleTask
                0x080033b4       0x28 Middlewares/Third_Party/FreeRTOS/Source/tasks.o
 .text.vTaskSwitchContext
                0x080033dc       0x90 Middlewares/Third_Party/FreeRTOS/Source/tasks.o
                0x080033dc                vTaskSwitchContext
 .text.vTaskPlaceOnEventList
                0x0800346c       0x34 Middlewares/Third_Party/FreeRTOS/Source/tasks.o
                0x0800346c                vTaskPlaceOnEventList
 .text.xTaskRemoveFromEventList
                0x080034a0       0x84 Middlewares/Third_Party/FreeRTOS/Source/tasks.o
                0x080034a0                xTaskRemoveFromEventList
 .text.vTaskSetTimeOutState
                0x08003524       0x28 Middlewares/Third_Party/FreeRTOS/Source/tasks.o
                0x08003524                vTaskSetTimeOutState
 .text.xTaskCheckForTimeOut
                0x0800354c       0x80 Middlewares/Third_Party/FreeRTOS/Source/tasks.o
                0x0800354c                xTaskCheckForTimeOut
 .text.vTaskMissedYield
                0x080035cc       0x10 Middlewares/Third_Party/FreeRTOS/Source/tasks.o
                0x080035cc                vTaskMissedYield
 .text.xTaskGetSchedulerState
                0x080035dc       0x20 Middlewares/Third_Party/FreeRTOS/Source/tasks.o
                0x080035dc                xTaskGetSchedulerState
 .text.vTaskPriorityInherit
                0x080035fc       0xb0 Middlewares/Third_Party/FreeRTOS/Source/tasks.o
                0x080035fc                vTaskPriorityInherit
 .text.pvTaskIncrementMutexHeldCount
                0x080036ac       0x20 Middlewares/Third_Party/FreeRTOS/Source/tasks.o
                0x080036ac                pvTaskIncrementMutexHeldCount
 .text.prvTaskExitError
                0x080036cc       0x34 Middlewares/Third_Party/FreeRTOS/Source/portable/GCC/ARM_CM4F/port.o
 .text.prvPortStartFirstTask
                0x08003700       0x20 Middlewares/Third_Party/FreeRTOS/Source/portable/GCC/ARM_CM4F/port.o
 .text.vPortEnableVFP
                0x08003720       0x14 Middlewares/Third_Party/FreeRTOS/Source/portable/GCC/ARM_CM4F/port.o
 .text.pxPortInitialiseStack
                0x08003734       0x2c Middlewares/Third_Party/FreeRTOS/Source/portable/GCC/ARM_CM4F/port.o
                0x08003734                pxPortInitialiseStack
 .text.SVC_Handler
                0x08003760       0x24 Middlewares/Third_Party/FreeRTOS/Source/portable/GCC/ARM_CM4F/port.o
                0x08003760                SVC_Handler
 .text.vPortEnterCritical
                0x08003784       0x44 Middlewares/Third_Party/FreeRTOS/Source/portable/GCC/ARM_CM4F/port.o
                0x08003784                vPortEnterCritical
 .text.vPortExitCritical
                0x080037c8       0x2c Middlewares/Third_Party/FreeRTOS/Source/portable/GCC/ARM_CM4F/port.o
                0x080037c8                vPortExitCritical
 *fill*         0x080037f4        0xc 
 .text.PendSV_Handler
                0x08003800       0x64 Middlewares/Third_Party/FreeRTOS/Source/portable/GCC/ARM_CM4F/port.o
                0x08003800                PendSV_Handler
 .text.xPortSysTickHandler
                0x08003864       0x2c Middlewares/Third_Party/FreeRTOS/Source/portable/GCC/ARM_CM4F/port.o
                0x08003864                xPortSysTickHandler
 .text.vPortSetupTimerInterrupt
                0x08003890       0x2c Middlewares/Third_Party/FreeRTOS/Source/portable/GCC/ARM_CM4F/port.o
                0x08003890                vPortSetupTimerInterrupt
 .text.xPortStartScheduler
                0x080038bc       0xe8 Middlewares/Third_Party/FreeRTOS/Source/portable/GCC/ARM_CM4F/port.o
                0x080038bc                xPortStartScheduler
 .text.vPortValidateInterruptPriority
                0x080039a4       0x58 Middlewares/Third_Party/FreeRTOS/Source/portable/GCC/ARM_CM4F/port.o
                0x080039a4                vPortValidateInterruptPriority
 .text.prvHeapInit
                0x080039fc       0x58 Middlewares/Third_Party/FreeRTOS/Source/portable/MemMang/heap_4.o
 .text.prvInsertBlockIntoFreeList
                0x08003a54       0x58 Middlewares/Third_Party/FreeRTOS/Source/portable/MemMang/heap_4.o
 .text.pvPortMalloc
                0x08003aac      0x108 Middlewares/Third_Party/FreeRTOS/Source/portable/MemMang/heap_4.o
                0x08003aac                pvPortMalloc
 .text.vPortFree
                0x08003bb4       0x70 Middlewares/Third_Party/FreeRTOS/Source/portable/MemMang/heap_4.o
                0x08003bb4                vPortFree
 .text.MX_ADC1_Init
                0x08003c24       0x88 Src/adc.o
                0x08003c24                MX_ADC1_Init
 .text.HAL_ADC_MspInit
                0x08003cac       0x44 Src/adc.o
                0x08003cac                HAL_ADC_MspInit
 .text.StartTask02
                0x08003cf0       0x42 Src/freertos.o
                0x08003cf0                StartTask02
 *fill*         0x08003d32        0x2 
 .text.StartTask03
                0x08003d34       0xb0 Src/freertos.o
                0x08003d34                StartTask03
 .text.MX_FREERTOS_Init
                0x08003de4       0x6c Src/freertos.o
                0x08003de4                MX_FREERTOS_Init
 .text.MX_GPIO_Init
                0x08003e50       0x98 Src/gpio.o
                0x08003e50                MX_GPIO_Init
 .text.HAL_TIM_PeriodElapsedCallback
                0x08003ee8       0x38 Src/main.o
                0x08003ee8                HAL_TIM_PeriodElapsedCallback
 .text._Error_Handler
                0x08003f20        0x2 Src/main.o
                0x08003f20                _Error_Handler
 *fill*         0x08003f22        0x2 
 .text.SystemClock_Config
                0x08003f24       0xac Src/main.o
                0x08003f24                SystemClock_Config
 .text.main     0x08003fd0       0x24 Src/main.o
                0x08003fd0                main
 .text.HAL_MspInit
                0x08003ff4       0x90 Src/stm32f3xx_hal_msp.o
                0x08003ff4                HAL_MspInit
 .text.HAL_InitTick
                0x08004084       0x78 Src/stm32f3xx_hal_timebase_TIM.o
                0x08004084                HAL_InitTick
 .text.SysTick_Handler
                0x080040fc        0x8 Src/stm32f3xx_it.o
                0x080040fc                SysTick_Handler
 .text.TIM1_UP_TIM16_IRQHandler
                0x08004104       0x10 Src/stm32f3xx_it.o
                0x08004104                TIM1_UP_TIM16_IRQHandler
 .text.SystemInit
                0x08004114       0x68 Src/system_stm32f3xx.o
                0x08004114                SystemInit
 .text.HAL_TIM_Base_MspInit
                0x0800417c       0x26 Src/tim.o
                0x0800417c                HAL_TIM_Base_MspInit
 .text.HAL_TIM_MspPostInit
                0x080041a2       0x32 Src/tim.o
                0x080041a2                HAL_TIM_MspPostInit
 .text.MX_TIM2_Init
                0x080041d4       0xac Src/tim.o
                0x080041d4                MX_TIM2_Init
 .text.MX_USART2_UART_Init
                0x08004280       0x40 Src/usart.o
                0x08004280                MX_USART2_UART_Init
 .text.HAL_UART_MspInit
                0x080042c0       0x4c Src/usart.o
                0x080042c0                HAL_UART_MspInit
 .text.Reset_Handler
                0x0800430c       0x50 startup/startup_stm32f303xe.o
                0x0800430c                Reset_Handler
 .text.Default_Handler
                0x0800435c        0x2 startup/startup_stm32f303xe.o
                0x0800435c                RTC_Alarm_IRQHandler
                0x0800435c                TIM8_TRG_COM_IRQHandler
                0x0800435c                TIM8_CC_IRQHandler
                0x0800435c                DebugMon_Handler
                0x0800435c                SPI4_IRQHandler
                0x0800435c                TIM1_CC_IRQHandler
                0x0800435c                HardFault_Handler
                0x0800435c                USB_HP_IRQHandler
                0x0800435c                PVD_IRQHandler
                0x0800435c                TAMP_STAMP_IRQHandler
                0x0800435c                NMI_Handler
                0x0800435c                EXTI3_IRQHandler
                0x0800435c                I2C3_ER_IRQHandler
                0x0800435c                USB_HP_CAN_TX_IRQHandler
                0x0800435c                EXTI0_IRQHandler
                0x0800435c                I2C2_EV_IRQHandler
                0x0800435c                FPU_IRQHandler
                0x0800435c                UsageFault_Handler
                0x0800435c                ADC1_2_IRQHandler
                0x0800435c                SPI1_IRQHandler
                0x0800435c                CAN_SCE_IRQHandler
                0x0800435c                TIM6_DAC_IRQHandler
                0x0800435c                TIM8_UP_IRQHandler
                0x0800435c                DMA2_Channel2_IRQHandler
                0x0800435c                DMA1_Channel4_IRQHandler
                0x0800435c                TIM20_TRG_COM_IRQHandler
                0x0800435c                USART3_IRQHandler
                0x0800435c                DMA1_Channel7_IRQHandler
                0x0800435c                UART5_IRQHandler
                0x0800435c                ADC3_IRQHandler
                0x0800435c                TIM4_IRQHandler
                0x0800435c                CAN_RX1_IRQHandler
                0x0800435c                DMA2_Channel1_IRQHandler
                0x0800435c                I2C1_EV_IRQHandler
                0x0800435c                DMA1_Channel6_IRQHandler
                0x0800435c                UART4_IRQHandler
                0x0800435c                DMA2_Channel4_IRQHandler
                0x0800435c                TIM3_IRQHandler
                0x0800435c                RCC_IRQHandler
                0x0800435c                TIM20_UP_IRQHandler
                0x0800435c                DMA1_Channel1_IRQHandler
                0x0800435c                Default_Handler
                0x0800435c                USBWakeUp_RMP_IRQHandler
                0x0800435c                EXTI15_10_IRQHandler
                0x0800435c                TIM7_IRQHandler
                0x0800435c                I2C3_EV_IRQHandler
                0x0800435c                EXTI9_5_IRQHandler
                0x0800435c                RTC_WKUP_IRQHandler
                0x0800435c                SPI2_IRQHandler
                0x0800435c                USB_LP_CAN_RX0_IRQHandler
                0x0800435c                MemManage_Handler
                0x0800435c                DMA2_Channel5_IRQHandler
                0x0800435c                DMA1_Channel5_IRQHandler
                0x0800435c                USB_LP_IRQHandler
                0x0800435c                EXTI4_IRQHandler
                0x0800435c                TIM1_TRG_COM_TIM17_IRQHandler
                0x0800435c                DMA1_Channel3_IRQHandler
                0x0800435c                ADC4_IRQHandler
                0x0800435c                WWDG_IRQHandler
                0x0800435c                TIM2_IRQHandler
                0x0800435c                COMP7_IRQHandler
                0x0800435c                COMP1_2_3_IRQHandler
                0x0800435c                EXTI1_IRQHandler
                0x0800435c                USART2_IRQHandler
                0x0800435c                COMP4_5_6_IRQHandler
                0x0800435c                TIM20_BRK_IRQHandler
                0x0800435c                I2C2_ER_IRQHandler
                0x0800435c                DMA1_Channel2_IRQHandler
                0x0800435c                TIM8_BRK_IRQHandler
                0x0800435c                FLASH_IRQHandler
                0x0800435c                TIM20_CC_IRQHandler
                0x0800435c                BusFault_Handler
                0x0800435c                USART1_IRQHandler
                0x0800435c                SPI3_IRQHandler
                0x0800435c                I2C1_ER_IRQHandler
                0x0800435c                FMC_IRQHandler
                0x0800435c                USBWakeUp_IRQHandler
                0x0800435c                DMA2_Channel3_IRQHandler
                0x0800435c                EXTI2_TSC_IRQHandler
                0x0800435c                TIM1_BRK_TIM15_IRQHandler
 *fill*         0x0800435e        0x2 
 .text.__libc_init_array
                0x08004360       0x48 d:/wbudowane/plugins/fr.ac6.mcu.externaltools.arm-none.win32_1.15.0.201708311556/tools/compiler/bin/../lib/gcc/arm-none-eabi/6.3.1/../../../../arm-none-eabi/lib/thumb/v7e-m/fpv4-sp/hard\libc_nano.a(lib_a-init.o)
                0x08004360                __libc_init_array
 .text.memcpy   0x080043a8       0x16 d:/wbudowane/plugins/fr.ac6.mcu.externaltools.arm-none.win32_1.15.0.201708311556/tools/compiler/bin/../lib/gcc/arm-none-eabi/6.3.1/../../../../arm-none-eabi/lib/thumb/v7e-m/fpv4-sp/hard\libc_nano.a(lib_a-memcpy-stub.o)
                0x080043a8                memcpy
 .text.memset   0x080043be       0x10 d:/wbudowane/plugins/fr.ac6.mcu.externaltools.arm-none.win32_1.15.0.201708311556/tools/compiler/bin/../lib/gcc/arm-none-eabi/6.3.1/../../../../arm-none-eabi/lib/thumb/v7e-m/fpv4-sp/hard\libc_nano.a(lib_a-memset.o)
                0x080043be                memset
 *fill*         0x080043ce        0x2 
 .text.snprintf
                0x080043d0       0x68 d:/wbudowane/plugins/fr.ac6.mcu.externaltools.arm-none.win32_1.15.0.201708311556/tools/compiler/bin/../lib/gcc/arm-none-eabi/6.3.1/../../../../arm-none-eabi/lib/thumb/v7e-m/fpv4-sp/hard\libc_nano.a(lib_a-snprintf.o)
                0x080043d0                sniprintf
                0x080043d0                snprintf
 .text.__ssputs_r
                0x08004438       0xb6 d:/wbudowane/plugins/fr.ac6.mcu.externaltools.arm-none.win32_1.15.0.201708311556/tools/compiler/bin/../lib/gcc/arm-none-eabi/6.3.1/../../../../arm-none-eabi/lib/thumb/v7e-m/fpv4-sp/hard\libc_nano.a(lib_a-nano-svfprintf.o)
                0x08004438                __ssputs_r
 *fill*         0x080044ee        0x2 
 .text._svfprintf_r
                0x080044f0      0x1e8 d:/wbudowane/plugins/fr.ac6.mcu.externaltools.arm-none.win32_1.15.0.201708311556/tools/compiler/bin/../lib/gcc/arm-none-eabi/6.3.1/../../../../arm-none-eabi/lib/thumb/v7e-m/fpv4-sp/hard\libc_nano.a(lib_a-nano-svfprintf.o)
                0x080044f0                _svfiprintf_r
                0x080044f0                _svfprintf_r
 .text._printf_common
                0x080046d8       0xec d:/wbudowane/plugins/fr.ac6.mcu.externaltools.arm-none.win32_1.15.0.201708311556/tools/compiler/bin/../lib/gcc/arm-none-eabi/6.3.1/../../../../arm-none-eabi/lib/thumb/v7e-m/fpv4-sp/hard\libc_nano.a(lib_a-nano-vfprintf_i.o)
                0x080046d8                _printf_common
 .text._printf_i
                0x080047c4      0x240 d:/wbudowane/plugins/fr.ac6.mcu.externaltools.arm-none.win32_1.15.0.201708311556/tools/compiler/bin/../lib/gcc/arm-none-eabi/6.3.1/../../../../arm-none-eabi/lib/thumb/v7e-m/fpv4-sp/hard\libc_nano.a(lib_a-nano-vfprintf_i.o)
                0x080047c4                _printf_i
 .text.memmove  0x08004a04       0x34 d:/wbudowane/plugins/fr.ac6.mcu.externaltools.arm-none.win32_1.15.0.201708311556/tools/compiler/bin/../lib/gcc/arm-none-eabi/6.3.1/../../../../arm-none-eabi/lib/thumb/v7e-m/fpv4-sp/hard\libc_nano.a(lib_a-memmove.o)
                0x08004a04                memmove
 .text._free_r  0x08004a38       0x9c d:/wbudowane/plugins/fr.ac6.mcu.externaltools.arm-none.win32_1.15.0.201708311556/tools/compiler/bin/../lib/gcc/arm-none-eabi/6.3.1/../../../../arm-none-eabi/lib/thumb/v7e-m/fpv4-sp/hard\libc_nano.a(lib_a-nano-freer.o)
                0x08004a38                _free_r
 .text._malloc_r
                0x08004ad4       0xbc d:/wbudowane/plugins/fr.ac6.mcu.externaltools.arm-none.win32_1.15.0.201708311556/tools/compiler/bin/../lib/gcc/arm-none-eabi/6.3.1/../../../../arm-none-eabi/lib/thumb/v7e-m/fpv4-sp/hard\libc_nano.a(lib_a-nano-mallocr.o)
                0x08004ad4                _malloc_r
 .text._realloc_r
                0x08004b90       0x4c d:/wbudowane/plugins/fr.ac6.mcu.externaltools.arm-none.win32_1.15.0.201708311556/tools/compiler/bin/../lib/gcc/arm-none-eabi/6.3.1/../../../../arm-none-eabi/lib/thumb/v7e-m/fpv4-sp/hard\libc_nano.a(lib_a-nano-reallocr.o)
                0x08004b90                _realloc_r
 .text._sbrk_r  0x08004bdc       0x20 d:/wbudowane/plugins/fr.ac6.mcu.externaltools.arm-none.win32_1.15.0.201708311556/tools/compiler/bin/../lib/gcc/arm-none-eabi/6.3.1/../../../../arm-none-eabi/lib/thumb/v7e-m/fpv4-sp/hard\libc_nano.a(lib_a-sbrkr.o)
                0x08004bdc                _sbrk_r
 .text.__malloc_lock
                0x08004bfc        0x2 d:/wbudowane/plugins/fr.ac6.mcu.externaltools.arm-none.win32_1.15.0.201708311556/tools/compiler/bin/../lib/gcc/arm-none-eabi/6.3.1/../../../../arm-none-eabi/lib/thumb/v7e-m/fpv4-sp/hard\libc_nano.a(lib_a-mlock.o)
                0x08004bfc                __malloc_lock
 .text.__malloc_unlock
                0x08004bfe        0x2 d:/wbudowane/plugins/fr.ac6.mcu.externaltools.arm-none.win32_1.15.0.201708311556/tools/compiler/bin/../lib/gcc/arm-none-eabi/6.3.1/../../../../arm-none-eabi/lib/thumb/v7e-m/fpv4-sp/hard\libc_nano.a(lib_a-mlock.o)
                0x08004bfe                __malloc_unlock
 .text._malloc_usable_size_r
                0x08004c00       0x12 d:/wbudowane/plugins/fr.ac6.mcu.externaltools.arm-none.win32_1.15.0.201708311556/tools/compiler/bin/../lib/gcc/arm-none-eabi/6.3.1/../../../../arm-none-eabi/lib/thumb/v7e-m/fpv4-sp/hard\libc_nano.a(lib_a-nano-msizer.o)
                0x08004c00                _malloc_usable_size_r
 *fill*         0x08004c12        0x2 
 .text._sbrk    0x08004c14       0x1c d:/wbudowane/plugins/fr.ac6.mcu.externaltools.arm-none.win32_1.15.0.201708311556/tools/compiler/bin/../lib/gcc/arm-none-eabi/6.3.1/../../../../arm-none-eabi/lib/thumb/v7e-m/fpv4-sp/hard\libnosys.a(sbrk.o)
                0x08004c14                _sbrk
 *(.glue_7)
 .glue_7        0x08004c30        0x0 linker stubs
 *(.glue_7t)
 .glue_7t       0x08004c30        0x0 linker stubs
 *(.eh_frame)
 .eh_frame      0x08004c30        0x0 d:/wbudowane/plugins/fr.ac6.mcu.externaltools.arm-none.win32_1.15.0.201708311556/tools/compiler/bin/../lib/gcc/arm-none-eabi/6.3.1/thumb/v7e-m/fpv4-sp/hard/crtbegin.o
 *(.init)
 .init          0x08004c30        0x4 d:/wbudowane/plugins/fr.ac6.mcu.externaltools.arm-none.win32_1.15.0.201708311556/tools/compiler/bin/../lib/gcc/arm-none-eabi/6.3.1/thumb/v7e-m/fpv4-sp/hard/crti.o
                0x08004c30                _init
 .init          0x08004c34        0x8 d:/wbudowane/plugins/fr.ac6.mcu.externaltools.arm-none.win32_1.15.0.201708311556/tools/compiler/bin/../lib/gcc/arm-none-eabi/6.3.1/thumb/v7e-m/fpv4-sp/hard/crtn.o
 *(.fini)
 .fini          0x08004c3c        0x4 d:/wbudowane/plugins/fr.ac6.mcu.externaltools.arm-none.win32_1.15.0.201708311556/tools/compiler/bin/../lib/gcc/arm-none-eabi/6.3.1/thumb/v7e-m/fpv4-sp/hard/crti.o
                0x08004c3c                _fini
 .fini          0x08004c40        0x8 d:/wbudowane/plugins/fr.ac6.mcu.externaltools.arm-none.win32_1.15.0.201708311556/tools/compiler/bin/../lib/gcc/arm-none-eabi/6.3.1/thumb/v7e-m/fpv4-sp/hard/crtn.o
                0x08004c48                . = ALIGN (0x4)
                0x08004c48                _etext = .

.vfp11_veneer   0x08004c48        0x0
 .vfp11_veneer  0x08004c48        0x0 linker stubs

.v4_bx          0x08004c48        0x0
 .v4_bx         0x08004c48        0x0 linker stubs

.iplt           0x08004c48        0x0
 .iplt          0x08004c48        0x0 d:/wbudowane/plugins/fr.ac6.mcu.externaltools.arm-none.win32_1.15.0.201708311556/tools/compiler/bin/../lib/gcc/arm-none-eabi/6.3.1/thumb/v7e-m/fpv4-sp/hard/crtbegin.o

.rodata         0x08004c48      0x124
                0x08004c48                . = ALIGN (0x4)
 *(.rodata)
 .rodata        0x08004c48       0x20 Drivers/STM32F3xx_HAL_Driver/Src/stm32f3xx_hal_rcc.o
                0x08004c48                aPLLMULFactorTable
                0x08004c58                aPredivFactorTable
 .rodata        0x08004c68       0x30 Src/freertos.o
 .rodata        0x08004c98       0x18 Src/system_stm32f3xx.o
                0x08004c98                AHBPrescTable
                0x08004ca8                APBPrescTable
 *(.rodata*)
 .rodata.str1.4
                0x08004cb0        0x5 Middlewares/Third_Party/FreeRTOS/Source/tasks.o
 *fill*         0x08004cb5        0x3 
 .rodata.str1.4
                0x08004cb8        0xd Src/adc.o
 *fill*         0x08004cc5        0x3 
 .rodata.str1.4
                0x08004cc8       0x35 Src/freertos.o
 *fill*         0x08004cfd        0x3 
 .rodata.str1.4
                0x08004d00       0x16 Src/main.o
 *fill*         0x08004d16        0x2 
 .rodata.str1.4
                0x08004d18        0xd Src/tim.o
 *fill*         0x08004d25        0x3 
 .rodata.str1.4
                0x08004d28       0x10 Src/usart.o
                                  0xf (size before relaxing)
 .rodata._svfprintf_r.str1.1
                0x08004d38       0x11 d:/wbudowane/plugins/fr.ac6.mcu.externaltools.arm-none.win32_1.15.0.201708311556/tools/compiler/bin/../lib/gcc/arm-none-eabi/6.3.1/../../../../arm-none-eabi/lib/thumb/v7e-m/fpv4-sp/hard\libc_nano.a(lib_a-nano-svfprintf.o)
 .rodata._printf_i.str1.1
                0x08004d49       0x22 d:/wbudowane/plugins/fr.ac6.mcu.externaltools.arm-none.win32_1.15.0.201708311556/tools/compiler/bin/../lib/gcc/arm-none-eabi/6.3.1/../../../../arm-none-eabi/lib/thumb/v7e-m/fpv4-sp/hard\libc_nano.a(lib_a-nano-vfprintf_i.o)
                0x08004d6c                . = ALIGN (0x4)
 *fill*         0x08004d6b        0x1 

.rel.dyn        0x08004d6c        0x0
 .rel.iplt      0x08004d6c        0x0 d:/wbudowane/plugins/fr.ac6.mcu.externaltools.arm-none.win32_1.15.0.201708311556/tools/compiler/bin/../lib/gcc/arm-none-eabi/6.3.1/thumb/v7e-m/fpv4-sp/hard/crtbegin.o

.ARM.extab
 *(.ARM.extab* .gnu.linkonce.armextab.*)

.ARM            0x08004d6c        0x0
                0x08004d6c                __exidx_start = .
 *(.ARM.exidx*)
                0x08004d6c                __exidx_end = .

.preinit_array  0x08004d6c        0x0
                0x08004d6c                PROVIDE (__preinit_array_start, .)
 *(.preinit_array*)
                0x08004d6c                PROVIDE (__preinit_array_end, .)

.init_array     0x08004d6c        0x4
                0x08004d6c                PROVIDE (__init_array_start, .)
 *(SORT(.init_array.*))
 *(.init_array*)
 .init_array    0x08004d6c        0x4 d:/wbudowane/plugins/fr.ac6.mcu.externaltools.arm-none.win32_1.15.0.201708311556/tools/compiler/bin/../lib/gcc/arm-none-eabi/6.3.1/thumb/v7e-m/fpv4-sp/hard/crtbegin.o
                0x08004d70                PROVIDE (__init_array_end, .)

.fini_array     0x08004d70        0x4
                [!provide]                PROVIDE (__fini_array_start, .)
 *(SORT(.fini_array.*))
 *(.fini_array*)
 .fini_array    0x08004d70        0x4 d:/wbudowane/plugins/fr.ac6.mcu.externaltools.arm-none.win32_1.15.0.201708311556/tools/compiler/bin/../lib/gcc/arm-none-eabi/6.3.1/thumb/v7e-m/fpv4-sp/hard/crtbegin.o
                [!provide]                PROVIDE (__fini_array_end, .)
                0x08004d74                _sidata = LOADADDR (.data)

.data           0x20000000       0x74 load address 0x08004d74
                0x20000000                . = ALIGN (0x4)
                0x20000000                _sdata = .
 *(.data)
 .data          0x20000000        0x8 Drivers/STM32F3xx_HAL_Driver/Src/stm32f3xx_hal.o
                0x20000000                uwTickFreq
                0x20000004                uwTickPrio
 .data          0x20000008        0x4 Middlewares/Third_Party/FreeRTOS/Source/portable/GCC/ARM_CM4F/port.o
 .data          0x2000000c        0x4 Src/system_stm32f3xx.o
                0x2000000c                SystemCoreClock
 *(.data*)
 .data._impure_ptr
                0x20000010        0x4 d:/wbudowane/plugins/fr.ac6.mcu.externaltools.arm-none.win32_1.15.0.201708311556/tools/compiler/bin/../lib/gcc/arm-none-eabi/6.3.1/../../../../arm-none-eabi/lib/thumb/v7e-m/fpv4-sp/hard\libc_nano.a(lib_a-impure.o)
                0x20000010                _impure_ptr
 .data.impure_data
                0x20000014       0x60 d:/wbudowane/plugins/fr.ac6.mcu.externaltools.arm-none.win32_1.15.0.201708311556/tools/compiler/bin/../lib/gcc/arm-none-eabi/6.3.1/../../../../arm-none-eabi/lib/thumb/v7e-m/fpv4-sp/hard\libc_nano.a(lib_a-impure.o)
                0x20000074                . = ALIGN (0x4)
                0x20000074                _edata = .
                0x08004de8                _siccmram = LOADADDR (.ccmram)

.jcr            0x20000074        0x0 load address 0x08004de8
 .jcr           0x20000074        0x0 d:/wbudowane/plugins/fr.ac6.mcu.externaltools.arm-none.win32_1.15.0.201708311556/tools/compiler/bin/../lib/gcc/arm-none-eabi/6.3.1/thumb/v7e-m/fpv4-sp/hard/crtbegin.o

.igot.plt       0x20000074        0x0 load address 0x08004de8
 .igot.plt      0x20000074        0x0 d:/wbudowane/plugins/fr.ac6.mcu.externaltools.arm-none.win32_1.15.0.201708311556/tools/compiler/bin/../lib/gcc/arm-none-eabi/6.3.1/thumb/v7e-m/fpv4-sp/hard/crtbegin.o

.ccmram         0x10000000        0x0 load address 0x08004de8
                0x10000000                . = ALIGN (0x4)
                0x10000000                _sccmram = .
 *(.ccmram)
 *(.ccmram*)
                0x10000000                . = ALIGN (0x4)
                0x10000000                _eccmram = .
                0x10000000                . = ALIGN (0x4)

.bss            0x20000074     0x12d0
                0x20000074                _sbss = .
                0x20000074                __bss_start__ = _sbss
 *(.bss)
 .bss           0x20000074       0x1c d:/wbudowane/plugins/fr.ac6.mcu.externaltools.arm-none.win32_1.15.0.201708311556/tools/compiler/bin/../lib/gcc/arm-none-eabi/6.3.1/thumb/v7e-m/fpv4-sp/hard/crtbegin.o
 .bss           0x20000090      0x12c Middlewares/Third_Party/FreeRTOS/Source/tasks.o
                0x20000190                pxCurrentTCB
 .bss           0x200001bc        0x8 Middlewares/Third_Party/FreeRTOS/Source/portable/GCC/ARM_CM4F/port.o
 .bss           0x200001c4     0x1018 Middlewares/Third_Party/FreeRTOS/Source/portable/MemMang/heap_4.o
 *(.bss*)
 .bss.__malloc_free_list
                0x200011dc        0x4 d:/wbudowane/plugins/fr.ac6.mcu.externaltools.arm-none.win32_1.15.0.201708311556/tools/compiler/bin/../lib/gcc/arm-none-eabi/6.3.1/../../../../arm-none-eabi/lib/thumb/v7e-m/fpv4-sp/hard\libc_nano.a(lib_a-nano-mallocr.o)
                0x200011dc                __malloc_free_list
 .bss.__malloc_sbrk_start
                0x200011e0        0x4 d:/wbudowane/plugins/fr.ac6.mcu.externaltools.arm-none.win32_1.15.0.201708311556/tools/compiler/bin/../lib/gcc/arm-none-eabi/6.3.1/../../../../arm-none-eabi/lib/thumb/v7e-m/fpv4-sp/hard\libc_nano.a(lib_a-nano-mallocr.o)
                0x200011e0                __malloc_sbrk_start
 .bss.heap_end.5239
                0x200011e4        0x4 d:/wbudowane/plugins/fr.ac6.mcu.externaltools.arm-none.win32_1.15.0.201708311556/tools/compiler/bin/../lib/gcc/arm-none-eabi/6.3.1/../../../../arm-none-eabi/lib/thumb/v7e-m/fpv4-sp/hard\libnosys.a(sbrk.o)
 *(COMMON)
 COMMON         0x200011e8        0x4 Drivers/STM32F3xx_HAL_Driver/Src/stm32f3xx_hal.o
                0x200011e8                uwTick
 COMMON         0x200011ec       0x54 Src/adc.o
                0x200011ec                hadc1
 COMMON         0x20001240       0x10 Src/freertos.o
                0x20001240                defaultTaskHandle
                0x20001244                myTask02Handle
                0x20001248                myTask03Handle
                0x2000124c                myQueue01Handle
 COMMON         0x20001250       0x40 Src/stm32f3xx_hal_timebase_TIM.o
                0x20001250                htim1
 COMMON         0x20001290       0x40 Src/tim.o
                0x20001290                htim2
 COMMON         0x200012d0       0x70 Src/usart.o
                0x200012d0                huart2
 COMMON         0x20001340        0x4 d:/wbudowane/plugins/fr.ac6.mcu.externaltools.arm-none.win32_1.15.0.201708311556/tools/compiler/bin/../lib/gcc/arm-none-eabi/6.3.1/../../../../arm-none-eabi/lib/thumb/v7e-m/fpv4-sp/hard\libc_nano.a(lib_a-reent.o)
                0x20001340                errno
                0x20001344                . = ALIGN (0x4)
                0x20001344                _ebss = .
                0x20001344                __bss_end__ = _ebss

._user_heap_stack
                0x20001344      0x604
                0x20001348                . = ALIGN (0x8)
 *fill*         0x20001344        0x4 
                0x20001348                PROVIDE (end, .)
                [!provide]                PROVIDE (_end, .)
                0x20001548                . = (. + _Min_Heap_Size)
 *fill*         0x20001348      0x200 
                0x20001948                . = (. + _Min_Stack_Size)
 *fill*         0x20001548      0x400 
                0x20001948                . = ALIGN (0x8)

/DISCARD/
 libc.a(*)
 libm.a(*)
 libgcc.a(*)

.ARM.attributes
                0x00000000       0x30
 *(.ARM.attributes)
 .ARM.attributes
                0x00000000       0x22 d:/wbudowane/plugins/fr.ac6.mcu.externaltools.arm-none.win32_1.15.0.201708311556/tools/compiler/bin/../lib/gcc/arm-none-eabi/6.3.1/thumb/v7e-m/fpv4-sp/hard/crti.o
 .ARM.attributes
                0x00000022       0x34 d:/wbudowane/plugins/fr.ac6.mcu.externaltools.arm-none.win32_1.15.0.201708311556/tools/compiler/bin/../lib/gcc/arm-none-eabi/6.3.1/thumb/v7e-m/fpv4-sp/hard/crtbegin.o
 .ARM.attributes
                0x00000056       0x39 Drivers/STM32F3xx_HAL_Driver/Src/stm32f3xx_hal.o
 .ARM.attributes
                0x0000008f       0x39 Drivers/STM32F3xx_HAL_Driver/Src/stm32f3xx_hal_adc_ex.o
 .ARM.attributes
                0x000000c8       0x39 Drivers/STM32F3xx_HAL_Driver/Src/stm32f3xx_hal_cortex.o
 .ARM.attributes
                0x00000101       0x39 Drivers/STM32F3xx_HAL_Driver/Src/stm32f3xx_hal_gpio.o
 .ARM.attributes
                0x0000013a       0x39 Drivers/STM32F3xx_HAL_Driver/Src/stm32f3xx_hal_rcc.o
 .ARM.attributes
                0x00000173       0x39 Drivers/STM32F3xx_HAL_Driver/Src/stm32f3xx_hal_rcc_ex.o
 .ARM.attributes
                0x000001ac       0x39 Drivers/STM32F3xx_HAL_Driver/Src/stm32f3xx_hal_tim.o
 .ARM.attributes
                0x000001e5       0x39 Drivers/STM32F3xx_HAL_Driver/Src/stm32f3xx_hal_tim_ex.o
 .ARM.attributes
                0x0000021e       0x39 Drivers/STM32F3xx_HAL_Driver/Src/stm32f3xx_hal_uart.o
 .ARM.attributes
                0x00000257       0x39 Middlewares/Third_Party/FreeRTOS/Source/CMSIS_RTOS/cmsis_os.o
 .ARM.attributes
                0x00000290       0x39 Middlewares/Third_Party/FreeRTOS/Source/list.o
 .ARM.attributes
                0x000002c9       0x39 Middlewares/Third_Party/FreeRTOS/Source/queue.o
 .ARM.attributes
                0x00000302       0x39 Middlewares/Third_Party/FreeRTOS/Source/tasks.o
 .ARM.attributes
                0x0000033b       0x39 Middlewares/Third_Party/FreeRTOS/Source/portable/GCC/ARM_CM4F/port.o
 .ARM.attributes
                0x00000374       0x39 Middlewares/Third_Party/FreeRTOS/Source/portable/MemMang/heap_4.o
 .ARM.attributes
                0x000003ad       0x39 Src/adc.o
 .ARM.attributes
                0x000003e6       0x39 Src/freertos.o
 .ARM.attributes
                0x0000041f       0x39 Src/gpio.o
 .ARM.attributes
                0x00000458       0x39 Src/main.o
 .ARM.attributes
                0x00000491       0x39 Src/stm32f3xx_hal_msp.o
 .ARM.attributes
                0x000004ca       0x39 Src/stm32f3xx_hal_timebase_TIM.o
 .ARM.attributes
                0x00000503       0x39 Src/stm32f3xx_it.o
 .ARM.attributes
                0x0000053c       0x39 Src/system_stm32f3xx.o
 .ARM.attributes
                0x00000575       0x39 Src/tim.o
 .ARM.attributes
                0x000005ae       0x39 Src/usart.o
 .ARM.attributes
                0x000005e7       0x21 startup/startup_stm32f303xe.o
 .ARM.attributes
                0x00000608       0x34 d:/wbudowane/plugins/fr.ac6.mcu.externaltools.arm-none.win32_1.15.0.201708311556/tools/compiler/bin/../lib/gcc/arm-none-eabi/6.3.1/../../../../arm-none-eabi/lib/thumb/v7e-m/fpv4-sp/hard\libc_nano.a(lib_a-impure.o)
 .ARM.attributes
                0x0000063c       0x34 d:/wbudowane/plugins/fr.ac6.mcu.externaltools.arm-none.win32_1.15.0.201708311556/tools/compiler/bin/../lib/gcc/arm-none-eabi/6.3.1/../../../../arm-none-eabi/lib/thumb/v7e-m/fpv4-sp/hard\libc_nano.a(lib_a-init.o)
 .ARM.attributes
                0x00000670       0x34 d:/wbudowane/plugins/fr.ac6.mcu.externaltools.arm-none.win32_1.15.0.201708311556/tools/compiler/bin/../lib/gcc/arm-none-eabi/6.3.1/../../../../arm-none-eabi/lib/thumb/v7e-m/fpv4-sp/hard\libc_nano.a(lib_a-memcpy-stub.o)
 .ARM.attributes
                0x000006a4       0x34 d:/wbudowane/plugins/fr.ac6.mcu.externaltools.arm-none.win32_1.15.0.201708311556/tools/compiler/bin/../lib/gcc/arm-none-eabi/6.3.1/../../../../arm-none-eabi/lib/thumb/v7e-m/fpv4-sp/hard\libc_nano.a(lib_a-memset.o)
 .ARM.attributes
                0x000006d8       0x34 d:/wbudowane/plugins/fr.ac6.mcu.externaltools.arm-none.win32_1.15.0.201708311556/tools/compiler/bin/../lib/gcc/arm-none-eabi/6.3.1/../../../../arm-none-eabi/lib/thumb/v7e-m/fpv4-sp/hard\libc_nano.a(lib_a-snprintf.o)
 .ARM.attributes
                0x0000070c       0x34 d:/wbudowane/plugins/fr.ac6.mcu.externaltools.arm-none.win32_1.15.0.201708311556/tools/compiler/bin/../lib/gcc/arm-none-eabi/6.3.1/../../../../arm-none-eabi/lib/thumb/v7e-m/fpv4-sp/hard\libc_nano.a(lib_a-nano-svfprintf.o)
 .ARM.attributes
                0x00000740       0x34 d:/wbudowane/plugins/fr.ac6.mcu.externaltools.arm-none.win32_1.15.0.201708311556/tools/compiler/bin/../lib/gcc/arm-none-eabi/6.3.1/../../../../arm-none-eabi/lib/thumb/v7e-m/fpv4-sp/hard\libc_nano.a(lib_a-nano-vfprintf_i.o)
 .ARM.attributes
                0x00000774       0x20 d:/wbudowane/plugins/fr.ac6.mcu.externaltools.arm-none.win32_1.15.0.201708311556/tools/compiler/bin/../lib/gcc/arm-none-eabi/6.3.1/../../../../arm-none-eabi/lib/thumb/v7e-m/fpv4-sp/hard\libc_nano.a(lib_a-memchr.o)
 .ARM.attributes
                0x00000794       0x34 d:/wbudowane/plugins/fr.ac6.mcu.externaltools.arm-none.win32_1.15.0.201708311556/tools/compiler/bin/../lib/gcc/arm-none-eabi/6.3.1/../../../../arm-none-eabi/lib/thumb/v7e-m/fpv4-sp/hard\libc_nano.a(lib_a-memmove.o)
 .ARM.attributes
                0x000007c8       0x34 d:/wbudowane/plugins/fr.ac6.mcu.externaltools.arm-none.win32_1.15.0.201708311556/tools/compiler/bin/../lib/gcc/arm-none-eabi/6.3.1/../../../../arm-none-eabi/lib/thumb/v7e-m/fpv4-sp/hard\libc_nano.a(lib_a-nano-freer.o)
 .ARM.attributes
                0x000007fc       0x34 d:/wbudowane/plugins/fr.ac6.mcu.externaltools.arm-none.win32_1.15.0.201708311556/tools/compiler/bin/../lib/gcc/arm-none-eabi/6.3.1/../../../../arm-none-eabi/lib/thumb/v7e-m/fpv4-sp/hard\libc_nano.a(lib_a-nano-mallocr.o)
 .ARM.attributes
                0x00000830       0x34 d:/wbudowane/plugins/fr.ac6.mcu.externaltools.arm-none.win32_1.15.0.201708311556/tools/compiler/bin/../lib/gcc/arm-none-eabi/6.3.1/../../../../arm-none-eabi/lib/thumb/v7e-m/fpv4-sp/hard\libc_nano.a(lib_a-nano-reallocr.o)
 .ARM.attributes
                0x00000864       0x34 d:/wbudowane/plugins/fr.ac6.mcu.externaltools.arm-none.win32_1.15.0.201708311556/tools/compiler/bin/../lib/gcc/arm-none-eabi/6.3.1/../../../../arm-none-eabi/lib/thumb/v7e-m/fpv4-sp/hard\libc_nano.a(lib_a-sbrkr.o)
 .ARM.attributes
                0x00000898       0x34 d:/wbudowane/plugins/fr.ac6.mcu.externaltools.arm-none.win32_1.15.0.201708311556/tools/compiler/bin/../lib/gcc/arm-none-eabi/6.3.1/../../../../arm-none-eabi/lib/thumb/v7e-m/fpv4-sp/hard\libc_nano.a(lib_a-mlock.o)
 .ARM.attributes
                0x000008cc       0x34 d:/wbudowane/plugins/fr.ac6.mcu.externaltools.arm-none.win32_1.15.0.201708311556/tools/compiler/bin/../lib/gcc/arm-none-eabi/6.3.1/../../../../arm-none-eabi/lib/thumb/v7e-m/fpv4-sp/hard\libc_nano.a(lib_a-nano-msizer.o)
 .ARM.attributes
                0x00000900       0x34 d:/wbudowane/plugins/fr.ac6.mcu.externaltools.arm-none.win32_1.15.0.201708311556/tools/compiler/bin/../lib/gcc/arm-none-eabi/6.3.1/../../../../arm-none-eabi/lib/thumb/v7e-m/fpv4-sp/hard\libc_nano.a(lib_a-reent.o)
 .ARM.attributes
                0x00000934       0x34 d:/wbudowane/plugins/fr.ac6.mcu.externaltools.arm-none.win32_1.15.0.201708311556/tools/compiler/bin/../lib/gcc/arm-none-eabi/6.3.1/../../../../arm-none-eabi/lib/thumb/v7e-m/fpv4-sp/hard\libnosys.a(sbrk.o)
 .ARM.attributes
                0x00000968       0x22 d:/wbudowane/plugins/fr.ac6.mcu.externaltools.arm-none.win32_1.15.0.201708311556/tools/compiler/bin/../lib/gcc/arm-none-eabi/6.3.1/thumb/v7e-m/fpv4-sp/hard/crtn.o
OUTPUT(servo3232.elf elf32-littlearm)

.debug_info     0x00000000    0x23de6
 .debug_info    0x00000000     0x10bc Drivers/STM32F3xx_HAL_Driver/Src/stm32f3xx_hal.o
 .debug_info    0x000010bc     0x22bb Drivers/STM32F3xx_HAL_Driver/Src/stm32f3xx_hal_adc_ex.o
 .debug_info    0x00003377     0x16f4 Drivers/STM32F3xx_HAL_Driver/Src/stm32f3xx_hal_cortex.o
 .debug_info    0x00004a6b      0xfa7 Drivers/STM32F3xx_HAL_Driver/Src/stm32f3xx_hal_gpio.o
 .debug_info    0x00005a12     0x1bb3 Drivers/STM32F3xx_HAL_Driver/Src/stm32f3xx_hal_rcc.o
 .debug_info    0x000075c5     0x101e Drivers/STM32F3xx_HAL_Driver/Src/stm32f3xx_hal_rcc_ex.o
 .debug_info    0x000085e3     0x37c1 Drivers/STM32F3xx_HAL_Driver/Src/stm32f3xx_hal_tim.o
 .debug_info    0x0000bda4     0x1eb9 Drivers/STM32F3xx_HAL_Driver/Src/stm32f3xx_hal_tim_ex.o
 .debug_info    0x0000dc5d     0x21e2 Drivers/STM32F3xx_HAL_Driver/Src/stm32f3xx_hal_uart.o
 .debug_info    0x0000fe3f     0x2321 Middlewares/Third_Party/FreeRTOS/Source/CMSIS_RTOS/cmsis_os.o
 .debug_info    0x00012160      0xad4 Middlewares/Third_Party/FreeRTOS/Source/list.o
 .debug_info    0x00012c34     0x1f96 Middlewares/Third_Party/FreeRTOS/Source/queue.o
 .debug_info    0x00014bca     0x2922 Middlewares/Third_Party/FreeRTOS/Source/tasks.o
 .debug_info    0x000174ec      0x534 Middlewares/Third_Party/FreeRTOS/Source/portable/GCC/ARM_CM4F/port.o
 .debug_info    0x00017a20      0xc78 Middlewares/Third_Party/FreeRTOS/Source/portable/MemMang/heap_4.o
 .debug_info    0x00018698     0x130d Src/adc.o
 .debug_info    0x000199a5     0x1cfb Src/freertos.o
 .debug_info    0x0001b6a0      0xc32 Src/gpio.o
 .debug_info    0x0001c2d2     0x1b74 Src/main.o
 .debug_info    0x0001de46      0xd4c Src/stm32f3xx_hal_msp.o
 .debug_info    0x0001eb92     0x12b4 Src/stm32f3xx_hal_timebase_TIM.o
 .debug_info    0x0001fe46      0xe47 Src/stm32f3xx_it.o
 .debug_info    0x00020c8d      0xc34 Src/system_stm32f3xx.o
 .debug_info    0x000218c1     0x1347 Src/tim.o
 .debug_info    0x00022c08     0x1170 Src/usart.o
 .debug_info    0x00023d78       0x6e startup/startup_stm32f303xe.o

.debug_abbrev   0x00000000     0x45ce
 .debug_abbrev  0x00000000      0x2e3 Drivers/STM32F3xx_HAL_Driver/Src/stm32f3xx_hal.o
 .debug_abbrev  0x000002e3      0x32e Drivers/STM32F3xx_HAL_Driver/Src/stm32f3xx_hal_adc_ex.o
 .debug_abbrev  0x00000611      0x3b8 Drivers/STM32F3xx_HAL_Driver/Src/stm32f3xx_hal_cortex.o
 .debug_abbrev  0x000009c9      0x2a5 Drivers/STM32F3xx_HAL_Driver/Src/stm32f3xx_hal_gpio.o
 .debug_abbrev  0x00000c6e      0x343 Drivers/STM32F3xx_HAL_Driver/Src/stm32f3xx_hal_rcc.o
 .debug_abbrev  0x00000fb1      0x334 Drivers/STM32F3xx_HAL_Driver/Src/stm32f3xx_hal_rcc_ex.o
 .debug_abbrev  0x000012e5      0x2dc Drivers/STM32F3xx_HAL_Driver/Src/stm32f3xx_hal_tim.o
 .debug_abbrev  0x000015c1      0x2dc Drivers/STM32F3xx_HAL_Driver/Src/stm32f3xx_hal_tim_ex.o
 .debug_abbrev  0x0000189d      0x2e9 Drivers/STM32F3xx_HAL_Driver/Src/stm32f3xx_hal_uart.o
 .debug_abbrev  0x00001b86      0x3d0 Middlewares/Third_Party/FreeRTOS/Source/CMSIS_RTOS/cmsis_os.o
 .debug_abbrev  0x00001f56      0x21c Middlewares/Third_Party/FreeRTOS/Source/list.o
 .debug_abbrev  0x00002172      0x37f Middlewares/Third_Party/FreeRTOS/Source/queue.o
 .debug_abbrev  0x000024f1      0x3cd Middlewares/Third_Party/FreeRTOS/Source/tasks.o
 .debug_abbrev  0x000028be      0x205 Middlewares/Third_Party/FreeRTOS/Source/portable/GCC/ARM_CM4F/port.o
 .debug_abbrev  0x00002ac3      0x318 Middlewares/Third_Party/FreeRTOS/Source/portable/MemMang/heap_4.o
 .debug_abbrev  0x00002ddb      0x256 Src/adc.o
 .debug_abbrev  0x00003031      0x33d Src/freertos.o
 .debug_abbrev  0x0000336e      0x229 Src/gpio.o
 .debug_abbrev  0x00003597      0x28c Src/main.o
 .debug_abbrev  0x00003823      0x232 Src/stm32f3xx_hal_msp.o
 .debug_abbrev  0x00003a55      0x295 Src/stm32f3xx_hal_timebase_TIM.o
 .debug_abbrev  0x00003cea      0x205 Src/stm32f3xx_it.o
 .debug_abbrev  0x00003eef      0x205 Src/system_stm32f3xx.o
 .debug_abbrev  0x000040f4      0x272 Src/tim.o
 .debug_abbrev  0x00004366      0x256 Src/usart.o
 .debug_abbrev  0x000045bc       0x12 startup/startup_stm32f303xe.o

.debug_loc      0x00000000     0xda57
 .debug_loc     0x00000000      0x108 Drivers/STM32F3xx_HAL_Driver/Src/stm32f3xx_hal.o
 .debug_loc     0x00000108     0x1bb2 Drivers/STM32F3xx_HAL_Driver/Src/stm32f3xx_hal_adc_ex.o
 .debug_loc     0x00001cba      0x5ce Drivers/STM32F3xx_HAL_Driver/Src/stm32f3xx_hal_cortex.o
 .debug_loc     0x00002288      0x315 Drivers/STM32F3xx_HAL_Driver/Src/stm32f3xx_hal_gpio.o
 .debug_loc     0x0000259d      0x908 Drivers/STM32F3xx_HAL_Driver/Src/stm32f3xx_hal_rcc.o
 .debug_loc     0x00002ea5      0xabb Drivers/STM32F3xx_HAL_Driver/Src/stm32f3xx_hal_rcc_ex.o
 .debug_loc     0x00003960     0x35de Drivers/STM32F3xx_HAL_Driver/Src/stm32f3xx_hal_tim.o
 .debug_loc     0x00006f3e     0x18ee Drivers/STM32F3xx_HAL_Driver/Src/stm32f3xx_hal_tim_ex.o
 .debug_loc     0x0000882c     0x16c5 Drivers/STM32F3xx_HAL_Driver/Src/stm32f3xx_hal_uart.o
 .debug_loc     0x00009ef1      0xfe2 Middlewares/Third_Party/FreeRTOS/Source/CMSIS_RTOS/cmsis_os.o
 .debug_loc     0x0000aed3       0x70 Middlewares/Third_Party/FreeRTOS/Source/list.o
 .debug_loc     0x0000af43      0xe4e Middlewares/Third_Party/FreeRTOS/Source/queue.o
 .debug_loc     0x0000bd91     0x14e6 Middlewares/Third_Party/FreeRTOS/Source/tasks.o
 .debug_loc     0x0000d277      0x104 Middlewares/Third_Party/FreeRTOS/Source/portable/GCC/ARM_CM4F/port.o
 .debug_loc     0x0000d37b      0x291 Middlewares/Third_Party/FreeRTOS/Source/portable/MemMang/heap_4.o
 .debug_loc     0x0000d60c       0x5b Src/adc.o
 .debug_loc     0x0000d667      0x1c9 Src/freertos.o
 .debug_loc     0x0000d830       0x34 Src/main.o
 .debug_loc     0x0000d864       0x79 Src/stm32f3xx_hal_timebase_TIM.o
 .debug_loc     0x0000d8dd       0xfe Src/system_stm32f3xx.o
 .debug_loc     0x0000d9db       0x21 Src/tim.o
 .debug_loc     0x0000d9fc       0x5b Src/usart.o

.debug_aranges  0x00000000     0x1238
 .debug_aranges
                0x00000000       0xe0 Drivers/STM32F3xx_HAL_Driver/Src/stm32f3xx_hal.o
 .debug_aranges
                0x000000e0      0x168 Drivers/STM32F3xx_HAL_Driver/Src/stm32f3xx_hal_adc_ex.o
 .debug_aranges
                0x00000248       0xa8 Drivers/STM32F3xx_HAL_Driver/Src/stm32f3xx_hal_cortex.o
 .debug_aranges
                0x000002f0       0x58 Drivers/STM32F3xx_HAL_Driver/Src/stm32f3xx_hal_gpio.o
 .debug_aranges
                0x00000348       0x88 Drivers/STM32F3xx_HAL_Driver/Src/stm32f3xx_hal_rcc.o
 .debug_aranges
                0x000003d0       0x38 Drivers/STM32F3xx_HAL_Driver/Src/stm32f3xx_hal_rcc_ex.o
 .debug_aranges
                0x00000408      0x378 Drivers/STM32F3xx_HAL_Driver/Src/stm32f3xx_hal_tim.o
 .debug_aranges
                0x00000780      0x178 Drivers/STM32F3xx_HAL_Driver/Src/stm32f3xx_hal_tim_ex.o
 .debug_aranges
                0x000008f8      0x1f0 Drivers/STM32F3xx_HAL_Driver/Src/stm32f3xx_hal_uart.o
 .debug_aranges
                0x00000ae8      0x1d8 Middlewares/Third_Party/FreeRTOS/Source/CMSIS_RTOS/cmsis_os.o
 .debug_aranges
                0x00000cc0       0x40 Middlewares/Third_Party/FreeRTOS/Source/list.o
 .debug_aranges
                0x00000d00       0xe0 Middlewares/Third_Party/FreeRTOS/Source/queue.o
 .debug_aranges
                0x00000de0      0x190 Middlewares/Third_Party/FreeRTOS/Source/tasks.o
 .debug_aranges
                0x00000f70       0x80 Middlewares/Third_Party/FreeRTOS/Source/portable/GCC/ARM_CM4F/port.o
 .debug_aranges
                0x00000ff0       0x50 Middlewares/Third_Party/FreeRTOS/Source/portable/MemMang/heap_4.o
 .debug_aranges
                0x00001040       0x30 Src/adc.o
 .debug_aranges
                0x00001070       0x40 Src/freertos.o
 .debug_aranges
                0x000010b0       0x20 Src/gpio.o
 .debug_aranges
                0x000010d0       0x38 Src/main.o
 .debug_aranges
                0x00001108       0x20 Src/stm32f3xx_hal_msp.o
 .debug_aranges
                0x00001128       0x30 Src/stm32f3xx_hal_timebase_TIM.o
 .debug_aranges
                0x00001158       0x28 Src/stm32f3xx_it.o
 .debug_aranges
                0x00001180       0x28 Src/system_stm32f3xx.o
 .debug_aranges
                0x000011a8       0x38 Src/tim.o
 .debug_aranges
                0x000011e0       0x30 Src/usart.o
 .debug_aranges
                0x00001210       0x28 startup/startup_stm32f303xe.o

.debug_ranges   0x00000000     0x1288
 .debug_ranges  0x00000000       0xd0 Drivers/STM32F3xx_HAL_Driver/Src/stm32f3xx_hal.o
 .debug_ranges  0x000000d0      0x158 Drivers/STM32F3xx_HAL_Driver/Src/stm32f3xx_hal_adc_ex.o
 .debug_ranges  0x00000228       0xf8 Drivers/STM32F3xx_HAL_Driver/Src/stm32f3xx_hal_cortex.o
 .debug_ranges  0x00000320       0x48 Drivers/STM32F3xx_HAL_Driver/Src/stm32f3xx_hal_gpio.o
 .debug_ranges  0x00000368       0x98 Drivers/STM32F3xx_HAL_Driver/Src/stm32f3xx_hal_rcc.o
 .debug_ranges  0x00000400       0x40 Drivers/STM32F3xx_HAL_Driver/Src/stm32f3xx_hal_rcc_ex.o
 .debug_ranges  0x00000440      0x368 Drivers/STM32F3xx_HAL_Driver/Src/stm32f3xx_hal_tim.o
 .debug_ranges  0x000007a8      0x168 Drivers/STM32F3xx_HAL_Driver/Src/stm32f3xx_hal_tim_ex.o
 .debug_ranges  0x00000910      0x1e0 Drivers/STM32F3xx_HAL_Driver/Src/stm32f3xx_hal_uart.o
 .debug_ranges  0x00000af0      0x1c8 Middlewares/Third_Party/FreeRTOS/Source/CMSIS_RTOS/cmsis_os.o
 .debug_ranges  0x00000cb8       0x30 Middlewares/Third_Party/FreeRTOS/Source/list.o
 .debug_ranges  0x00000ce8      0x180 Middlewares/Third_Party/FreeRTOS/Source/queue.o
 .debug_ranges  0x00000e68      0x208 Middlewares/Third_Party/FreeRTOS/Source/tasks.o
 .debug_ranges  0x00001070       0x88 Middlewares/Third_Party/FreeRTOS/Source/portable/GCC/ARM_CM4F/port.o
 .debug_ranges  0x000010f8       0x40 Middlewares/Third_Party/FreeRTOS/Source/portable/MemMang/heap_4.o
 .debug_ranges  0x00001138       0x20 Src/adc.o
 .debug_ranges  0x00001158       0x30 Src/freertos.o
 .debug_ranges  0x00001188       0x10 Src/gpio.o
 .debug_ranges  0x00001198       0x28 Src/main.o
 .debug_ranges  0x000011c0       0x10 Src/stm32f3xx_hal_msp.o
 .debug_ranges  0x000011d0       0x20 Src/stm32f3xx_hal_timebase_TIM.o
 .debug_ranges  0x000011f0       0x18 Src/stm32f3xx_it.o
 .debug_ranges  0x00001208       0x18 Src/system_stm32f3xx.o
 .debug_ranges  0x00001220       0x28 Src/tim.o
 .debug_ranges  0x00001248       0x20 Src/usart.o
 .debug_ranges  0x00001268       0x20 startup/startup_stm32f303xe.o

.debug_macro    0x00000000    0x216ee
 .debug_macro   0x00000000      0x351 Drivers/STM32F3xx_HAL_Driver/Src/stm32f3xx_hal.o
 .debug_macro   0x00000351      0x8bc Drivers/STM32F3xx_HAL_Driver/Src/stm32f3xx_hal.o
 .debug_macro   0x00000c0d       0x64 Drivers/STM32F3xx_HAL_Driver/Src/stm32f3xx_hal.o
 .debug_macro   0x00000c71       0xab Drivers/STM32F3xx_HAL_Driver/Src/stm32f3xx_hal.o
 .debug_macro   0x00000d1c       0x2f Drivers/STM32F3xx_HAL_Driver/Src/stm32f3xx_hal.o
 .debug_macro   0x00000d4b       0x28 Drivers/STM32F3xx_HAL_Driver/Src/stm32f3xx_hal.o
 .debug_macro   0x00000d73       0x22 Drivers/STM32F3xx_HAL_Driver/Src/stm32f3xx_hal.o
 .debug_macro   0x00000d95       0x87 Drivers/STM32F3xx_HAL_Driver/Src/stm32f3xx_hal.o
 .debug_macro   0x00000e1c       0x51 Drivers/STM32F3xx_HAL_Driver/Src/stm32f3xx_hal.o
 .debug_macro   0x00000e6d       0xef Drivers/STM32F3xx_HAL_Driver/Src/stm32f3xx_hal.o
 .debug_macro   0x00000f5c       0x6a Drivers/STM32F3xx_HAL_Driver/Src/stm32f3xx_hal.o
 .debug_macro   0x00000fc6      0x1df Drivers/STM32F3xx_HAL_Driver/Src/stm32f3xx_hal.o
 .debug_macro   0x000011a5       0x35 Drivers/STM32F3xx_HAL_Driver/Src/stm32f3xx_hal.o
 .debug_macro   0x000011da       0x50 Drivers/STM32F3xx_HAL_Driver/Src/stm32f3xx_hal.o
 .debug_macro   0x0000122a      0xe66 Drivers/STM32F3xx_HAL_Driver/Src/stm32f3xx_hal.o
 .debug_macro   0x00002090    0x15376 Drivers/STM32F3xx_HAL_Driver/Src/stm32f3xx_hal.o
 .debug_macro   0x00017406       0x43 Drivers/STM32F3xx_HAL_Driver/Src/stm32f3xx_hal.o
 .debug_macro   0x00017449       0x58 Drivers/STM32F3xx_HAL_Driver/Src/stm32f3xx_hal.o
 .debug_macro   0x000174a1       0x35 Drivers/STM32F3xx_HAL_Driver/Src/stm32f3xx_hal.o
 .debug_macro   0x000174d6       0x9c Drivers/STM32F3xx_HAL_Driver/Src/stm32f3xx_hal.o
 .debug_macro   0x00017572       0x16 Drivers/STM32F3xx_HAL_Driver/Src/stm32f3xx_hal.o
 .debug_macro   0x00017588       0x97 Drivers/STM32F3xx_HAL_Driver/Src/stm32f3xx_hal.o
 .debug_macro   0x0001761f      0x330 Drivers/STM32F3xx_HAL_Driver/Src/stm32f3xx_hal.o
 .debug_macro   0x0001794f       0xfd Drivers/STM32F3xx_HAL_Driver/Src/stm32f3xx_hal.o
 .debug_macro   0x00017a4c       0x10 Drivers/STM32F3xx_HAL_Driver/Src/stm32f3xx_hal.o
 .debug_macro   0x00017a5c       0x58 Drivers/STM32F3xx_HAL_Driver/Src/stm32f3xx_hal.o
 .debug_macro   0x00017ab4       0x1f Drivers/STM32F3xx_HAL_Driver/Src/stm32f3xx_hal.o
 .debug_macro   0x00017ad3       0x43 Drivers/STM32F3xx_HAL_Driver/Src/stm32f3xx_hal.o
 .debug_macro   0x00017b16       0x20 Drivers/STM32F3xx_HAL_Driver/Src/stm32f3xx_hal.o
 .debug_macro   0x00017b36      0x187 Drivers/STM32F3xx_HAL_Driver/Src/stm32f3xx_hal.o
 .debug_macro   0x00017cbd       0x10 Drivers/STM32F3xx_HAL_Driver/Src/stm32f3xx_hal.o
 .debug_macro   0x00017ccd       0x1c Drivers/STM32F3xx_HAL_Driver/Src/stm32f3xx_hal.o
 .debug_macro   0x00017ce9       0x52 Drivers/STM32F3xx_HAL_Driver/Src/stm32f3xx_hal.o
 .debug_macro   0x00017d3b       0x40 Drivers/STM32F3xx_HAL_Driver/Src/stm32f3xx_hal.o
 .debug_macro   0x00017d7b       0x10 Drivers/STM32F3xx_HAL_Driver/Src/stm32f3xx_hal.o
 .debug_macro   0x00017d8b       0x40 Drivers/STM32F3xx_HAL_Driver/Src/stm32f3xx_hal.o
 .debug_macro   0x00017dcb       0xd7 Drivers/STM32F3xx_HAL_Driver/Src/stm32f3xx_hal.o
 .debug_macro   0x00017ea2       0x16 Drivers/STM32F3xx_HAL_Driver/Src/stm32f3xx_hal.o
 .debug_macro   0x00017eb8      0x18b Drivers/STM32F3xx_HAL_Driver/Src/stm32f3xx_hal.o
 .debug_macro   0x00018043       0x49 Drivers/STM32F3xx_HAL_Driver/Src/stm32f3xx_hal.o
 .debug_macro   0x0001808c      0x95a Drivers/STM32F3xx_HAL_Driver/Src/stm32f3xx_hal.o
 .debug_macro   0x000189e6      0x84a Drivers/STM32F3xx_HAL_Driver/Src/stm32f3xx_hal.o
 .debug_macro   0x00019230      0x13a Drivers/STM32F3xx_HAL_Driver/Src/stm32f3xx_hal.o
 .debug_macro   0x0001936a      0x23a Drivers/STM32F3xx_HAL_Driver/Src/stm32f3xx_hal.o
 .debug_macro   0x000195a4      0x1bc Drivers/STM32F3xx_HAL_Driver/Src/stm32f3xx_hal.o
 .debug_macro   0x00019760       0x31 Drivers/STM32F3xx_HAL_Driver/Src/stm32f3xx_hal.o
 .debug_macro   0x00019791       0x3c Drivers/STM32F3xx_HAL_Driver/Src/stm32f3xx_hal.o
 .debug_macro   0x000197cd      0x23a Drivers/STM32F3xx_HAL_Driver/Src/stm32f3xx_hal.o
 .debug_macro   0x00019a07      0xa05 Drivers/STM32F3xx_HAL_Driver/Src/stm32f3xx_hal.o
 .debug_macro   0x0001a40c       0x77 Drivers/STM32F3xx_HAL_Driver/Src/stm32f3xx_hal.o
 .debug_macro   0x0001a483       0xcb Drivers/STM32F3xx_HAL_Driver/Src/stm32f3xx_hal.o
 .debug_macro   0x0001a54e      0x21e Drivers/STM32F3xx_HAL_Driver/Src/stm32f3xx_hal.o
 .debug_macro   0x0001a76c      0x209 Drivers/STM32F3xx_HAL_Driver/Src/stm32f3xx_hal.o
 .debug_macro   0x0001a975       0x5b Drivers/STM32F3xx_HAL_Driver/Src/stm32f3xx_hal.o
 .debug_macro   0x0001a9d0       0x90 Drivers/STM32F3xx_HAL_Driver/Src/stm32f3xx_hal.o
 .debug_macro   0x0001aa60       0x82 Drivers/STM32F3xx_HAL_Driver/Src/stm32f3xx_hal.o
 .debug_macro   0x0001aae2       0xd3 Drivers/STM32F3xx_HAL_Driver/Src/stm32f3xx_hal.o
 .debug_macro   0x0001abb5      0x6af Drivers/STM32F3xx_HAL_Driver/Src/stm32f3xx_hal.o
 .debug_macro   0x0001b264      0x3c2 Drivers/STM32F3xx_HAL_Driver/Src/stm32f3xx_hal.o
 .debug_macro   0x0001b626      0x566 Drivers/STM32F3xx_HAL_Driver/Src/stm32f3xx_hal.o
 .debug_macro   0x0001bb8c       0x31 Drivers/STM32F3xx_HAL_Driver/Src/stm32f3xx_hal.o
 .debug_macro   0x0001bbbd      0x349 Drivers/STM32F3xx_HAL_Driver/Src/stm32f3xx_hal.o
 .debug_macro   0x0001bf06      0x357 Drivers/STM32F3xx_HAL_Driver/Src/stm32f3xx_hal_adc_ex.o
 .debug_macro   0x0001c25d      0x32d Drivers/STM32F3xx_HAL_Driver/Src/stm32f3xx_hal_cortex.o
 .debug_macro   0x0001c58a      0x365 Drivers/STM32F3xx_HAL_Driver/Src/stm32f3xx_hal_gpio.o
 .debug_macro   0x0001c8ef      0x351 Drivers/STM32F3xx_HAL_Driver/Src/stm32f3xx_hal_rcc.o
 .debug_macro   0x0001cc40      0x32d Drivers/STM32F3xx_HAL_Driver/Src/stm32f3xx_hal_rcc_ex.o
 .debug_macro   0x0001cf6d      0x32d Drivers/STM32F3xx_HAL_Driver/Src/stm32f3xx_hal_tim.o
 .debug_macro   0x0001d29a      0x339 Drivers/STM32F3xx_HAL_Driver/Src/stm32f3xx_hal_tim_ex.o
 .debug_macro   0x0001d5d3      0x335 Drivers/STM32F3xx_HAL_Driver/Src/stm32f3xx_hal_uart.o
 .debug_macro   0x0001d908      0x1f3 Middlewares/Third_Party/FreeRTOS/Source/CMSIS_RTOS/cmsis_os.o
 .debug_macro   0x0001dafb       0x52 Middlewares/Third_Party/FreeRTOS/Source/CMSIS_RTOS/cmsis_os.o
 .debug_macro   0x0001db4d       0x8d Middlewares/Third_Party/FreeRTOS/Source/CMSIS_RTOS/cmsis_os.o
 .debug_macro   0x0001dbda      0x174 Middlewares/Third_Party/FreeRTOS/Source/CMSIS_RTOS/cmsis_os.o
 .debug_macro   0x0001dd4e       0x57 Middlewares/Third_Party/FreeRTOS/Source/CMSIS_RTOS/cmsis_os.o
 .debug_macro   0x0001dda5       0x10 Middlewares/Third_Party/FreeRTOS/Source/CMSIS_RTOS/cmsis_os.o
 .debug_macro   0x0001ddb5       0x35 Middlewares/Third_Party/FreeRTOS/Source/CMSIS_RTOS/cmsis_os.o
 .debug_macro   0x0001ddea       0xd2 Middlewares/Third_Party/FreeRTOS/Source/CMSIS_RTOS/cmsis_os.o
 .debug_macro   0x0001debc      0x168 Middlewares/Third_Party/FreeRTOS/Source/CMSIS_RTOS/cmsis_os.o
 .debug_macro   0x0001e024       0xe4 Middlewares/Third_Party/FreeRTOS/Source/CMSIS_RTOS/cmsis_os.o
 .debug_macro   0x0001e108       0x10 Middlewares/Third_Party/FreeRTOS/Source/CMSIS_RTOS/cmsis_os.o
 .debug_macro   0x0001e118       0x1f Middlewares/Third_Party/FreeRTOS/Source/CMSIS_RTOS/cmsis_os.o
 .debug_macro   0x0001e137      0x40f Middlewares/Third_Party/FreeRTOS/Source/CMSIS_RTOS/cmsis_os.o
 .debug_macro   0x0001e546       0xc0 Middlewares/Third_Party/FreeRTOS/Source/CMSIS_RTOS/cmsis_os.o
 .debug_macro   0x0001e606       0x8c Middlewares/Third_Party/FreeRTOS/Source/CMSIS_RTOS/cmsis_os.o
 .debug_macro   0x0001e692       0x91 Middlewares/Third_Party/FreeRTOS/Source/CMSIS_RTOS/cmsis_os.o
 .debug_macro   0x0001e723       0x94 Middlewares/Third_Party/FreeRTOS/Source/CMSIS_RTOS/cmsis_os.o
 .debug_macro   0x0001e7b7       0x63 Middlewares/Third_Party/FreeRTOS/Source/CMSIS_RTOS/cmsis_os.o
 .debug_macro   0x0001e81a       0x19 Middlewares/Third_Party/FreeRTOS/Source/CMSIS_RTOS/cmsis_os.o
 .debug_macro   0x0001e833       0xcf Middlewares/Third_Party/FreeRTOS/Source/CMSIS_RTOS/cmsis_os.o
 .debug_macro   0x0001e902       0x26 Middlewares/Third_Party/FreeRTOS/Source/CMSIS_RTOS/cmsis_os.o
 .debug_macro   0x0001e928      0x18b Middlewares/Third_Party/FreeRTOS/Source/list.o
 .debug_macro   0x0001eab3      0x207 Middlewares/Third_Party/FreeRTOS/Source/queue.o
 .debug_macro   0x0001ecba       0x16 Middlewares/Third_Party/FreeRTOS/Source/queue.o
 .debug_macro   0x0001ecd0      0x26a Middlewares/Third_Party/FreeRTOS/Source/tasks.o
 .debug_macro   0x0001ef3a       0x11 Middlewares/Third_Party/FreeRTOS/Source/tasks.o
 .debug_macro   0x0001ef4b      0x1ad Middlewares/Third_Party/FreeRTOS/Source/portable/GCC/ARM_CM4F/port.o
 .debug_macro   0x0001f0f8      0x1b2 Middlewares/Third_Party/FreeRTOS/Source/portable/MemMang/heap_4.o
 .debug_macro   0x0001f2aa      0x341 Src/adc.o
 .debug_macro   0x0001f5eb      0x40b Src/freertos.o
 .debug_macro   0x0001f9f6       0xb1 Src/freertos.o
 .debug_macro   0x0001faa7       0x3b Src/freertos.o
 .debug_macro   0x0001fae2      0x337 Src/gpio.o
 .debug_macro   0x0001fe19      0x40d Src/main.o
 .debug_macro   0x00020226       0xd8 Src/main.o
 .debug_macro   0x000202fe      0x32d Src/stm32f3xx_hal_msp.o
 .debug_macro   0x0002062b      0x32d Src/stm32f3xx_hal_timebase_TIM.o
 .debug_macro   0x00020958      0x3eb Src/stm32f3xx_it.o
 .debug_macro   0x00020d43      0x333 Src/system_stm32f3xx.o
 .debug_macro   0x00021076      0x337 Src/tim.o
 .debug_macro   0x000213ad      0x341 Src/usart.o

.debug_line     0x00000000    0x10e81
 .debug_line    0x00000000      0x93a Drivers/STM32F3xx_HAL_Driver/Src/stm32f3xx_hal.o
 .debug_line    0x0000093a     0x1a06 Drivers/STM32F3xx_HAL_Driver/Src/stm32f3xx_hal_adc_ex.o
 .debug_line    0x00002340      0x96a Drivers/STM32F3xx_HAL_Driver/Src/stm32f3xx_hal_cortex.o
 .debug_line    0x00002caa      0x8dd Drivers/STM32F3xx_HAL_Driver/Src/stm32f3xx_hal_gpio.o
 .debug_line    0x00003587      0xc23 Drivers/STM32F3xx_HAL_Driver/Src/stm32f3xx_hal_rcc.o
 .debug_line    0x000041aa      0xaac Drivers/STM32F3xx_HAL_Driver/Src/stm32f3xx_hal_rcc_ex.o
 .debug_line    0x00004c56     0x1a4f Drivers/STM32F3xx_HAL_Driver/Src/stm32f3xx_hal_tim.o
 .debug_line    0x000066a5      0xee8 Drivers/STM32F3xx_HAL_Driver/Src/stm32f3xx_hal_tim_ex.o
 .debug_line    0x0000758d     0x1219 Drivers/STM32F3xx_HAL_Driver/Src/stm32f3xx_hal_uart.o
 .debug_line    0x000087a6      0xb76 Middlewares/Third_Party/FreeRTOS/Source/CMSIS_RTOS/cmsis_os.o
 .debug_line    0x0000931c      0x534 Middlewares/Third_Party/FreeRTOS/Source/list.o
 .debug_line    0x00009850      0xa4d Middlewares/Third_Party/FreeRTOS/Source/queue.o
 .debug_line    0x0000a29d      0xda1 Middlewares/Third_Party/FreeRTOS/Source/tasks.o
 .debug_line    0x0000b03e      0x5b5 Middlewares/Third_Party/FreeRTOS/Source/portable/GCC/ARM_CM4F/port.o
 .debug_line    0x0000b5f3      0x5e5 Middlewares/Third_Party/FreeRTOS/Source/portable/MemMang/heap_4.o
 .debug_line    0x0000bbd8      0x7b3 Src/adc.o
 .debug_line    0x0000c38b      0xa05 Src/freertos.o
 .debug_line    0x0000cd90      0x76c Src/gpio.o
 .debug_line    0x0000d4fc      0x9b4 Src/main.o
 .debug_line    0x0000deb0      0x76a Src/stm32f3xx_hal_msp.o
 .debug_line    0x0000e61a      0x79a Src/stm32f3xx_hal_timebase_TIM.o
 .debug_line    0x0000edb4      0x95a Src/stm32f3xx_it.o
 .debug_line    0x0000f70e      0x791 Src/system_stm32f3xx.o
 .debug_line    0x0000fe9f      0x7be Src/tim.o
 .debug_line    0x0001065d      0x7a5 Src/usart.o
 .debug_line    0x00010e02       0x7f startup/startup_stm32f303xe.o

.debug_str      0x00000000    0xbbdfb
 .debug_str     0x00000000    0xb027d Drivers/STM32F3xx_HAL_Driver/Src/stm32f3xx_hal.o
                              0xb0626 (size before relaxing)
 .debug_str     0x000b027d      0xce8 Drivers/STM32F3xx_HAL_Driver/Src/stm32f3xx_hal_adc_ex.o
                              0xb0a68 (size before relaxing)
 .debug_str     0x000b0f65      0x3ae Drivers/STM32F3xx_HAL_Driver/Src/stm32f3xx_hal_cortex.o
                              0xb0665 (size before relaxing)
 .debug_str     0x000b1313      0x2dc Drivers/STM32F3xx_HAL_Driver/Src/stm32f3xx_hal_gpio.o
                              0xb004a (size before relaxing)
 .debug_str     0x000b15ef      0x3ef Drivers/STM32F3xx_HAL_Driver/Src/stm32f3xx_hal_rcc.o
                              0xb01d4 (size before relaxing)
 .debug_str     0x000b19de      0x2b9 Drivers/STM32F3xx_HAL_Driver/Src/stm32f3xx_hal_rcc_ex.o
                              0xb0070 (size before relaxing)
 .debug_str     0x000b1c97      0xf6b Drivers/STM32F3xx_HAL_Driver/Src/stm32f3xx_hal_tim.o
                              0xb0e81 (size before relaxing)
 .debug_str     0x000b2c02      0x5ce Drivers/STM32F3xx_HAL_Driver/Src/stm32f3xx_hal_tim_ex.o
                              0xb08e7 (size before relaxing)
 .debug_str     0x000b31d0      0x9b0 Drivers/STM32F3xx_HAL_Driver/Src/stm32f3xx_hal_uart.o
                              0xb0972 (size before relaxing)
 .debug_str     0x000b3b80     0x5cfe Middlewares/Third_Party/FreeRTOS/Source/CMSIS_RTOS/cmsis_os.o
                               0xc405 (size before relaxing)
 .debug_str     0x000b987e      0x234 Middlewares/Third_Party/FreeRTOS/Source/list.o
                               0x96a2 (size before relaxing)
 .debug_str     0x000b9ab2      0x6eb Middlewares/Third_Party/FreeRTOS/Source/queue.o
                               0xacd8 (size before relaxing)
 .debug_str     0x000ba19d      0xf16 Middlewares/Third_Party/FreeRTOS/Source/tasks.o
                               0xb728 (size before relaxing)
 .debug_str     0x000bb0b3      0x77c Middlewares/Third_Party/FreeRTOS/Source/portable/GCC/ARM_CM4F/port.o
                               0x771a (size before relaxing)
 .debug_str     0x000bb82f      0x243 Middlewares/Third_Party/FreeRTOS/Source/portable/MemMang/heap_4.o
                               0x9de2 (size before relaxing)
 .debug_str     0x000bba72       0x5c Src/adc.o
                              0xb02de (size before relaxing)
 .debug_str     0x000bbace      0x134 Src/freertos.o
                              0xb5c43 (size before relaxing)
 .debug_str     0x000bbc02       0x1b Src/gpio.o
                              0xafd92 (size before relaxing)
 .debug_str     0x000bbc1d       0x68 Src/main.o
                              0xb604a (size before relaxing)
 .debug_str     0x000bbc85       0x1b Src/stm32f3xx_hal_msp.o
                              0xb01a6 (size before relaxing)
 .debug_str     0x000bbca0       0x61 Src/stm32f3xx_hal_timebase_TIM.o
                              0xb06bd (size before relaxing)
 .debug_str     0x000bbd01       0x38 Src/stm32f3xx_it.o
                              0xb52a8 (size before relaxing)
 .debug_str     0x000bbd39       0x64 Src/system_stm32f3xx.o
                              0xafd75 (size before relaxing)
 .debug_str     0x000bbd9d       0x44 Src/tim.o
                              0xb0351 (size before relaxing)
 .debug_str     0x000bbde1       0x1a Src/usart.o
                              0xb0253 (size before relaxing)

.comment        0x00000000       0x7f
 .comment       0x00000000       0x7f Drivers/STM32F3xx_HAL_Driver/Src/stm32f3xx_hal.o
                                 0x80 (size before relaxing)
 .comment       0x0000007f       0x80 Drivers/STM32F3xx_HAL_Driver/Src/stm32f3xx_hal_adc_ex.o
 .comment       0x0000007f       0x80 Drivers/STM32F3xx_HAL_Driver/Src/stm32f3xx_hal_cortex.o
 .comment       0x0000007f       0x80 Drivers/STM32F3xx_HAL_Driver/Src/stm32f3xx_hal_gpio.o
 .comment       0x0000007f       0x80 Drivers/STM32F3xx_HAL_Driver/Src/stm32f3xx_hal_rcc.o
 .comment       0x0000007f       0x80 Drivers/STM32F3xx_HAL_Driver/Src/stm32f3xx_hal_rcc_ex.o
 .comment       0x0000007f       0x80 Drivers/STM32F3xx_HAL_Driver/Src/stm32f3xx_hal_tim.o
 .comment       0x0000007f       0x80 Drivers/STM32F3xx_HAL_Driver/Src/stm32f3xx_hal_tim_ex.o
 .comment       0x0000007f       0x80 Drivers/STM32F3xx_HAL_Driver/Src/stm32f3xx_hal_uart.o
 .comment       0x0000007f       0x80 Middlewares/Third_Party/FreeRTOS/Source/CMSIS_RTOS/cmsis_os.o
 .comment       0x0000007f       0x80 Middlewares/Third_Party/FreeRTOS/Source/list.o
 .comment       0x0000007f       0x80 Middlewares/Third_Party/FreeRTOS/Source/queue.o
 .comment       0x0000007f       0x80 Middlewares/Third_Party/FreeRTOS/Source/tasks.o
 .comment       0x0000007f       0x80 Middlewares/Third_Party/FreeRTOS/Source/portable/GCC/ARM_CM4F/port.o
 .comment       0x0000007f       0x80 Middlewares/Third_Party/FreeRTOS/Source/portable/MemMang/heap_4.o
 .comment       0x0000007f       0x80 Src/adc.o
 .comment       0x0000007f       0x80 Src/freertos.o
 .comment       0x0000007f       0x80 Src/gpio.o
 .comment       0x0000007f       0x80 Src/main.o
 .comment       0x0000007f       0x80 Src/stm32f3xx_hal_msp.o
 .comment       0x0000007f       0x80 Src/stm32f3xx_hal_timebase_TIM.o
 .comment       0x0000007f       0x80 Src/stm32f3xx_it.o
 .comment       0x0000007f       0x80 Src/system_stm32f3xx.o
 .comment       0x0000007f       0x80 Src/tim.o
 .comment       0x0000007f       0x80 Src/usart.o

.debug_frame    0x00000000     0x3484
 .debug_frame   0x00000000      0x1cc Drivers/STM32F3xx_HAL_Driver/Src/stm32f3xx_hal.o
 .debug_frame   0x000001cc      0x4a4 Drivers/STM32F3xx_HAL_Driver/Src/stm32f3xx_hal_adc_ex.o
 .debug_frame   0x00000670      0x15c Drivers/STM32F3xx_HAL_Driver/Src/stm32f3xx_hal_cortex.o
 .debug_frame   0x000007cc       0xd0 Drivers/STM32F3xx_HAL_Driver/Src/stm32f3xx_hal_gpio.o
 .debug_frame   0x0000089c      0x150 Drivers/STM32F3xx_HAL_Driver/Src/stm32f3xx_hal_rcc.o
 .debug_frame   0x000009ec       0x80 Drivers/STM32F3xx_HAL_Driver/Src/stm32f3xx_hal_rcc_ex.o
 .debug_frame   0x00000a6c      0xa1c Drivers/STM32F3xx_HAL_Driver/Src/stm32f3xx_hal_tim.o
 .debug_frame   0x00001488      0x45c Drivers/STM32F3xx_HAL_Driver/Src/stm32f3xx_hal_tim_ex.o
 .debug_frame   0x000018e4      0x570 Drivers/STM32F3xx_HAL_Driver/Src/stm32f3xx_hal_uart.o
 .debug_frame   0x00001e54      0x584 Middlewares/Third_Party/FreeRTOS/Source/CMSIS_RTOS/cmsis_os.o
 .debug_frame   0x000023d8       0x6c Middlewares/Third_Party/FreeRTOS/Source/list.o
 .debug_frame   0x00002444      0x2b4 Middlewares/Third_Party/FreeRTOS/Source/queue.o
 .debug_frame   0x000026f8      0x4e8 Middlewares/Third_Party/FreeRTOS/Source/tasks.o
 .debug_frame   0x00002be0       0xfc Middlewares/Third_Party/FreeRTOS/Source/portable/GCC/ARM_CM4F/port.o
 .debug_frame   0x00002cdc       0xac Middlewares/Third_Party/FreeRTOS/Source/portable/MemMang/heap_4.o
 .debug_frame   0x00002d88       0x64 Src/adc.o
 .debug_frame   0x00002dec       0x9c Src/freertos.o
 .debug_frame   0x00002e88       0x30 Src/gpio.o
 .debug_frame   0x00002eb8       0x70 Src/main.o
 .debug_frame   0x00002f28       0x2c Src/stm32f3xx_hal_msp.o
 .debug_frame   0x00002f54       0x50 Src/stm32f3xx_hal_timebase_TIM.o
 .debug_frame   0x00002fa4       0x40 Src/stm32f3xx_it.o
 .debug_frame   0x00002fe4       0x30 Src/system_stm32f3xx.o
 .debug_frame   0x00003014       0x74 Src/tim.o
 .debug_frame   0x00003088       0x5c Src/usart.o
 .debug_frame   0x000030e4       0x2c d:/wbudowane/plugins/fr.ac6.mcu.externaltools.arm-none.win32_1.15.0.201708311556/tools/compiler/bin/../lib/gcc/arm-none-eabi/6.3.1/../../../../arm-none-eabi/lib/thumb/v7e-m/fpv4-sp/hard\libc_nano.a(lib_a-init.o)
 .debug_frame   0x00003110       0x28 d:/wbudowane/plugins/fr.ac6.mcu.externaltools.arm-none.win32_1.15.0.201708311556/tools/compiler/bin/../lib/gcc/arm-none-eabi/6.3.1/../../../../arm-none-eabi/lib/thumb/v7e-m/fpv4-sp/hard\libc_nano.a(lib_a-memcpy-stub.o)
 .debug_frame   0x00003138       0x20 d:/wbudowane/plugins/fr.ac6.mcu.externaltools.arm-none.win32_1.15.0.201708311556/tools/compiler/bin/../lib/gcc/arm-none-eabi/6.3.1/../../../../arm-none-eabi/lib/thumb/v7e-m/fpv4-sp/hard\libc_nano.a(lib_a-memset.o)
 .debug_frame   0x00003158       0x7c d:/wbudowane/plugins/fr.ac6.mcu.externaltools.arm-none.win32_1.15.0.201708311556/tools/compiler/bin/../lib/gcc/arm-none-eabi/6.3.1/../../../../arm-none-eabi/lib/thumb/v7e-m/fpv4-sp/hard\libc_nano.a(lib_a-snprintf.o)
 .debug_frame   0x000031d4       0x90 d:/wbudowane/plugins/fr.ac6.mcu.externaltools.arm-none.win32_1.15.0.201708311556/tools/compiler/bin/../lib/gcc/arm-none-eabi/6.3.1/../../../../arm-none-eabi/lib/thumb/v7e-m/fpv4-sp/hard\libc_nano.a(lib_a-nano-svfprintf.o)
 .debug_frame   0x00003264       0x60 d:/wbudowane/plugins/fr.ac6.mcu.externaltools.arm-none.win32_1.15.0.201708311556/tools/compiler/bin/../lib/gcc/arm-none-eabi/6.3.1/../../../../arm-none-eabi/lib/thumb/v7e-m/fpv4-sp/hard\libc_nano.a(lib_a-nano-vfprintf_i.o)
 .debug_frame   0x000032c4       0x28 d:/wbudowane/plugins/fr.ac6.mcu.externaltools.arm-none.win32_1.15.0.201708311556/tools/compiler/bin/../lib/gcc/arm-none-eabi/6.3.1/../../../../arm-none-eabi/lib/thumb/v7e-m/fpv4-sp/hard\libc_nano.a(lib_a-memmove.o)
 .debug_frame   0x000032ec       0x38 d:/wbudowane/plugins/fr.ac6.mcu.externaltools.arm-none.win32_1.15.0.201708311556/tools/compiler/bin/../lib/gcc/arm-none-eabi/6.3.1/../../../../arm-none-eabi/lib/thumb/v7e-m/fpv4-sp/hard\libc_nano.a(lib_a-nano-freer.o)
 .debug_frame   0x00003324       0x2c d:/wbudowane/plugins/fr.ac6.mcu.externaltools.arm-none.win32_1.15.0.201708311556/tools/compiler/bin/../lib/gcc/arm-none-eabi/6.3.1/../../../../arm-none-eabi/lib/thumb/v7e-m/fpv4-sp/hard\libc_nano.a(lib_a-nano-mallocr.o)
 .debug_frame   0x00003350       0x3c d:/wbudowane/plugins/fr.ac6.mcu.externaltools.arm-none.win32_1.15.0.201708311556/tools/compiler/bin/../lib/gcc/arm-none-eabi/6.3.1/../../../../arm-none-eabi/lib/thumb/v7e-m/fpv4-sp/hard\libc_nano.a(lib_a-nano-reallocr.o)
 .debug_frame   0x0000338c       0x2c d:/wbudowane/plugins/fr.ac6.mcu.externaltools.arm-none.win32_1.15.0.201708311556/tools/compiler/bin/../lib/gcc/arm-none-eabi/6.3.1/../../../../arm-none-eabi/lib/thumb/v7e-m/fpv4-sp/hard\libc_nano.a(lib_a-sbrkr.o)
 .debug_frame   0x000033b8       0x30 d:/wbudowane/plugins/fr.ac6.mcu.externaltools.arm-none.win32_1.15.0.201708311556/tools/compiler/bin/../lib/gcc/arm-none-eabi/6.3.1/../../../../arm-none-eabi/lib/thumb/v7e-m/fpv4-sp/hard\libc_nano.a(lib_a-mlock.o)
 .debug_frame   0x000033e8       0x20 d:/wbudowane/plugins/fr.ac6.mcu.externaltools.arm-none.win32_1.15.0.201708311556/tools/compiler/bin/../lib/gcc/arm-none-eabi/6.3.1/../../../../arm-none-eabi/lib/thumb/v7e-m/fpv4-sp/hard\libc_nano.a(lib_a-nano-msizer.o)
 .debug_frame   0x00003408       0x5c d:/wbudowane/plugins/fr.ac6.mcu.externaltools.arm-none.win32_1.15.0.201708311556/tools/compiler/bin/../lib/gcc/arm-none-eabi/6.3.1/../../../../arm-none-eabi/lib/thumb/v7e-m/fpv4-sp/hard\libc_nano.a(lib_a-reent.o)
 .debug_frame   0x00003464       0x20 d:/wbudowane/plugins/fr.ac6.mcu.externaltools.arm-none.win32_1.15.0.201708311556/tools/compiler/bin/../lib/gcc/arm-none-eabi/6.3.1/../../../../arm-none-eabi/lib/thumb/v7e-m/fpv4-sp/hard\libnosys.a(sbrk.o)
