Archive member included to satisfy reference by file (symbol)

c:/ac6/systemworkbench/plugins/fr.ac6.mcu.externaltools.arm-none.win32_1.15.0.201708311556/tools/compiler/bin/../lib/gcc/arm-none-eabi/6.3.1/../../../../arm-none-eabi/lib/thumb/v7e-m/fpv4-sp/hard\libc_nano.a(lib_a-exit.o)
                              c:/ac6/systemworkbench/plugins/fr.ac6.mcu.externaltools.arm-none.win32_1.15.0.201708311556/tools/compiler/bin/../lib/gcc/arm-none-eabi/6.3.1/../../../../arm-none-eabi/lib/thumb/v7e-m/fpv4-sp/hard/crt0.o (exit)
c:/ac6/systemworkbench/plugins/fr.ac6.mcu.externaltools.arm-none.win32_1.15.0.201708311556/tools/compiler/bin/../lib/gcc/arm-none-eabi/6.3.1/../../../../arm-none-eabi/lib/thumb/v7e-m/fpv4-sp/hard\libc_nano.a(lib_a-impure.o)
                              c:/ac6/systemworkbench/plugins/fr.ac6.mcu.externaltools.arm-none.win32_1.15.0.201708311556/tools/compiler/bin/../lib/gcc/arm-none-eabi/6.3.1/../../../../arm-none-eabi/lib/thumb/v7e-m/fpv4-sp/hard\libc_nano.a(lib_a-exit.o) (_global_impure_ptr)
c:/ac6/systemworkbench/plugins/fr.ac6.mcu.externaltools.arm-none.win32_1.15.0.201708311556/tools/compiler/bin/../lib/gcc/arm-none-eabi/6.3.1/../../../../arm-none-eabi/lib/thumb/v7e-m/fpv4-sp/hard\libc_nano.a(lib_a-init.o)
                              c:/ac6/systemworkbench/plugins/fr.ac6.mcu.externaltools.arm-none.win32_1.15.0.201708311556/tools/compiler/bin/../lib/gcc/arm-none-eabi/6.3.1/../../../../arm-none-eabi/lib/thumb/v7e-m/fpv4-sp/hard/crt0.o (__libc_init_array)
c:/ac6/systemworkbench/plugins/fr.ac6.mcu.externaltools.arm-none.win32_1.15.0.201708311556/tools/compiler/bin/../lib/gcc/arm-none-eabi/6.3.1/../../../../arm-none-eabi/lib/thumb/v7e-m/fpv4-sp/hard\libc_nano.a(lib_a-memcpy-stub.o)
                              Middlewares/Third_Party/FreeRTOS/Source/queue.o (memcpy)
c:/ac6/systemworkbench/plugins/fr.ac6.mcu.externaltools.arm-none.win32_1.15.0.201708311556/tools/compiler/bin/../lib/gcc/arm-none-eabi/6.3.1/../../../../arm-none-eabi/lib/thumb/v7e-m/fpv4-sp/hard\libc_nano.a(lib_a-memset.o)
                              c:/ac6/systemworkbench/plugins/fr.ac6.mcu.externaltools.arm-none.win32_1.15.0.201708311556/tools/compiler/bin/../lib/gcc/arm-none-eabi/6.3.1/../../../../arm-none-eabi/lib/thumb/v7e-m/fpv4-sp/hard/crt0.o (memset)
c:/ac6/systemworkbench/plugins/fr.ac6.mcu.externaltools.arm-none.win32_1.15.0.201708311556/tools/compiler/bin/../lib/gcc/arm-none-eabi/6.3.1/../../../../arm-none-eabi/lib/thumb/v7e-m/fpv4-sp/hard\libnosys.a(_exit.o)
                              c:/ac6/systemworkbench/plugins/fr.ac6.mcu.externaltools.arm-none.win32_1.15.0.201708311556/tools/compiler/bin/../lib/gcc/arm-none-eabi/6.3.1/../../../../arm-none-eabi/lib/thumb/v7e-m/fpv4-sp/hard\libc_nano.a(lib_a-exit.o) (_exit)

Allocating common symbols
Common symbol       size              file

defaultTaskHandle   0x4               Src/freertos.o
uwTick              0x4               Drivers/STM32F3xx_HAL_Driver/Src/stm32f3xx_hal.o
xQueueRegistry      0x40              Middlewares/Third_Party/FreeRTOS/Source/queue.o
pFlash              0x20              Drivers/STM32F3xx_HAL_Driver/Src/stm32f3xx_hal_flash.o
hadc1               0x54              Src/adc.o
myTask02Handle      0x4               Src/freertos.o
htim1               0x40              Src/stm32f3xx_hal_timebase_TIM.o
myTask03Handle      0x4               Src/freertos.o
myQueue01Handle     0x4               Src/freertos.o
htim2               0x40              Src/tim.o
huart2              0x70              Src/usart.o

Discarded input sections

 .text          0x00000000        0x0 c:/ac6/systemworkbench/plugins/fr.ac6.mcu.externaltools.arm-none.win32_1.15.0.201708311556/tools/compiler/bin/../lib/gcc/arm-none-eabi/6.3.1/thumb/v7e-m/fpv4-sp/hard/crti.o
 .data          0x00000000        0x0 c:/ac6/systemworkbench/plugins/fr.ac6.mcu.externaltools.arm-none.win32_1.15.0.201708311556/tools/compiler/bin/../lib/gcc/arm-none-eabi/6.3.1/thumb/v7e-m/fpv4-sp/hard/crti.o
 .bss           0x00000000        0x0 c:/ac6/systemworkbench/plugins/fr.ac6.mcu.externaltools.arm-none.win32_1.15.0.201708311556/tools/compiler/bin/../lib/gcc/arm-none-eabi/6.3.1/thumb/v7e-m/fpv4-sp/hard/crti.o
 .data          0x00000000        0x4 c:/ac6/systemworkbench/plugins/fr.ac6.mcu.externaltools.arm-none.win32_1.15.0.201708311556/tools/compiler/bin/../lib/gcc/arm-none-eabi/6.3.1/thumb/v7e-m/fpv4-sp/hard/crtbegin.o
 .text          0x00000000       0x74 c:/ac6/systemworkbench/plugins/fr.ac6.mcu.externaltools.arm-none.win32_1.15.0.201708311556/tools/compiler/bin/../lib/gcc/arm-none-eabi/6.3.1/../../../../arm-none-eabi/lib/thumb/v7e-m/fpv4-sp/hard/crt0.o
 .data          0x00000000        0x0 c:/ac6/systemworkbench/plugins/fr.ac6.mcu.externaltools.arm-none.win32_1.15.0.201708311556/tools/compiler/bin/../lib/gcc/arm-none-eabi/6.3.1/../../../../arm-none-eabi/lib/thumb/v7e-m/fpv4-sp/hard/crt0.o
[...]
Memory Configuration

Name             Origin             Length             Attributes
RAM              0x20000000         0x00010000         xrw
CCMRAM           0x10000000         0x00004000         rw
FLASH            0x08000000         0x00080000         xr
*default*        0x00000000         0xffffffff

Linker script and memory map

LOAD c:/ac6/systemworkbench/plugins/fr.ac6.mcu.externaltools.arm-none.win32_1.15.0.201708311556/tools/compiler/bin/../lib/gcc/arm-none-eabi/6.3.1/thumb/v7e-m/fpv4-sp/hard/crti.o
LOAD c:/ac6/systemworkbench/plugins/fr.ac6.mcu.externaltools.arm-none.win32_1.15.0.201708311556/tools/compiler/bin/../lib/gcc/arm-none-eabi/6.3.1/thumb/v7e-m/fpv4-sp/hard/crtbegin.o
LOAD c:/ac6/systemworkbench/plugins/fr.ac6.mcu.externaltools.arm-none.win32_1.15.0.201708311556/tools/compiler/bin/../lib/gcc/arm-none-eabi/6.3.1/../../../../arm-none-eabi/lib/thumb/v7e-m/fpv4-sp/hard/crt0.o
LOAD Drivers/STM32F3xx_HAL_Driver/Src/stm32f3xx_hal.o
LOAD Drivers/STM32F3xx_HAL_Driver/Src/stm32f3xx_hal_adc.o
LOAD Drivers/STM32F3xx_HAL_Driver/Src/stm32f3xx_hal_adc_ex.o
LOAD Drivers/STM32F3xx_HAL_Driver/Src/stm32f3xx_hal_cortex.o
LOAD Drivers/STM32F3xx_HAL_Driver/Src/stm32f3xx_hal_dma.o
LOAD Drivers/STM32F3xx_HAL_Driver/Src/stm32f3xx_hal_flash.o
LOAD Drivers/STM32F3xx_HAL_Driver/Src/stm32f3xx_hal_flash_ex.o
LOAD Drivers/STM32F3xx_HAL_Driver/Src/stm32f3xx_hal_gpio.o
LOAD Drivers/STM32F3xx_HAL_Driver/Src/stm32f3xx_hal_i2c.o
LOAD Drivers/STM32F3xx_HAL_Driver/Src/stm32f3xx_hal_i2c_ex.o
LOAD Drivers/STM32F3xx_HAL_Driver/Src/stm32f3xx_hal_pwr.o
LOAD Drivers/STM32F3xx_HAL_Driver/Src/stm32f3xx_hal_pwr_ex.o
LOAD Drivers/STM32F3xx_HAL_Driver/Src/stm32f3xx_hal_rcc.o
LOAD Drivers/STM32F3xx_HAL_Driver/Src/stm32f3xx_hal_rcc_ex.o
LOAD Drivers/STM32F3xx_HAL_Driver/Src/stm32f3xx_hal_tim.o
LOAD Drivers/STM32F3xx_HAL_Driver/Src/stm32f3xx_hal_tim_ex.o
LOAD Drivers/STM32F3xx_HAL_Driver/Src/stm32f3xx_hal_uart.o
LOAD Drivers/STM32F3xx_HAL_Driver/Src/stm32f3xx_hal_uart_ex.o
LOAD Middlewares/Third_Party/FreeRTOS/Source/CMSIS_RTOS/cmsis_os.o
LOAD Middlewares/Third_Party/FreeRTOS/Source/croutine.o
LOAD Middlewares/Third_Party/FreeRTOS/Source/event_groups.o
LOAD Middlewares/Third_Party/FreeRTOS/Source/list.o
LOAD Middlewares/Third_Party/FreeRTOS/Source/queue.o
LOAD Middlewares/Third_Party/FreeRTOS/Source/tasks.o
LOAD Middlewares/Third_Party/FreeRTOS/Source/timers.o
LOAD Middlewares/Third_Party/FreeRTOS/Source/portable/GCC/ARM_CM4F/port.o
LOAD Middlewares/Third_Party/FreeRTOS/Source/portable/MemMang/heap_4.o
LOAD Src/adc.o
LOAD Src/freertos.o
LOAD Src/gpio.o
LOAD Src/main.o
LOAD Src/stm32f3xx_hal_msp.o
LOAD Src/stm32f3xx_hal_timebase_TIM.o
LOAD Src/stm32f3xx_it.o
LOAD Src/system_stm32f3xx.o
LOAD Src/tim.o
LOAD Src/usart.o
LOAD startup/startup_stm32f303xe.o
LOAD c:/ac6/systemworkbench/plugins/fr.ac6.mcu.externaltools.arm-none.win32_1.15.0.201708311556/tools/compiler/bin/../lib/gcc/arm-none-eabi/6.3.1/../../../../arm-none-eabi/lib/thumb/v7e-m/fpv4-sp/hard\libm.a
START GROUP
LOAD c:/ac6/systemworkbench/plugins/fr.ac6.mcu.externaltools.arm-none.win32_1.15.0.201708311556/tools/compiler/bin/../lib/gcc/arm-none-eabi/6.3.1/thumb/v7e-m/fpv4-sp/hard\libgcc.a
LOAD c:/ac6/systemworkbench/plugins/fr.ac6.mcu.externaltools.arm-none.win32_1.15.0.201708311556/tools/compiler/bin/../lib/gcc/arm-none-eabi/6.3.1/../../../../arm-none-eabi/lib/thumb/v7e-m/fpv4-sp/hard\libc_nano.a
END GROUP
START GROUP
LOAD c:/ac6/systemworkbench/plugins/fr.ac6.mcu.externaltools.arm-none.win32_1.15.0.201708311556/tools/compiler/bin/../lib/gcc/arm-none-eabi/6.3.1/thumb/v7e-m/fpv4-sp/hard\libgcc.a
LOAD c:/ac6/systemworkbench/plugins/fr.ac6.mcu.externaltools.arm-none.win32_1.15.0.201708311556/tools/compiler/bin/../lib/gcc/arm-none-eabi/6.3.1/../../../../arm-none-eabi/lib/thumb/v7e-m/fpv4-sp/hard\libc_nano.a
LOAD c:/ac6/systemworkbench/plugins/fr.ac6.mcu.externaltools.arm-none.win32_1.15.0.201708311556/tools/compiler/bin/../lib/gcc/arm-none-eabi/6.3.1/../../../../arm-none-eabi/lib/thumb/v7e-m/fpv4-sp/hard\libnosys.a
END GROUP
START GROUP
LOAD c:/ac6/systemworkbench/plugins/fr.ac6.mcu.externaltools.arm-none.win32_1.15.0.201708311556/tools/compiler/bin/../lib/gcc/arm-none-eabi/6.3.1/thumb/v7e-m/fpv4-sp/hard\libgcc.a
LOAD c:/ac6/systemworkbench/plugins/fr.ac6.mcu.externaltools.arm-none.win32_1.15.0.201708311556/tools/compiler/bin/../lib/gcc/arm-none-eabi/6.3.1/../../../../arm-none-eabi/lib/thumb/v7e-m/fpv4-sp/hard\libc_nano.a
LOAD c:/ac6/systemworkbench/plugins/fr.ac6.mcu.externaltools.arm-none.win32_1.15.0.201708311556/tools/compiler/bin/../lib/gcc/arm-none-eabi/6.3.1/../../../../arm-none-eabi/lib/thumb/v7e-m/fpv4-sp/hard\libnosys.a
END GROUP
LOAD c:/ac6/systemworkbench/plugins/fr.ac6.mcu.externaltools.arm-none.win32_1.15.0.201708311556/tools/compiler/bin/../lib/gcc/arm-none-eabi/6.3.1/thumb/v7e-m/fpv4-sp/hard/crtend.o
LOAD c:/ac6/systemworkbench/plugins/fr.ac6.mcu.externaltools.arm-none.win32_1.15.0.201708311556/tools/compiler/bin/../lib/gcc/arm-none-eabi/6.3.1/thumb/v7e-m/fpv4-sp/hard/crtn.o
                0x20010000                _estack = 0x20010000
                0x00000200                _Min_Heap_Size = 0x200
                0x00000400                _Min_Stack_Size = 0x400

.isr_vector     0x08000000      0x194
                0x08000000                . = ALIGN (0x4)
 *(.isr_vector)
 .isr_vector    0x08000000      0x194 startup/startup_stm32f303xe.o
                0x08000000                g_pfnVectors
                0x08000194                . = ALIGN (0x4)

.text           0x080001a0     0x4b2c
                0x080001a0                . = ALIGN (0x4)
 *(.text)
 .text          0x080001a0       0x6c c:/ac6/systemworkbench/plugins/fr.ac6.mcu.externaltools.arm-none.win32_1.15.0.201708311556/tools/compiler/bin/../lib/gcc/arm-none-eabi/6.3.1/thumb/v7e-m/fpv4-sp/hard/crtbegin.o
 *(.text*)
 .text.HAL_Init
                0x0800020c       0x24 Drivers/STM32F3xx_HAL_Driver/Src/stm32f3xx_hal.o
                0x0800020c                HAL_Init
 .text.HAL_IncTick
                0x08000230       0x18 Drivers/STM32F3xx_HAL_Driver/Src/stm32f3xx_hal.o
                0x08000230                HAL_IncTick
 .text.HAL_GetTick
                0x08000248        0xc Drivers/STM32F3xx_HAL_Driver/Src/stm32f3xx_hal.o
                0x08000248                HAL_GetTick
 .text.HAL_Delay
                0x08000254       0x28 Drivers/STM32F3xx_HAL_Driver/Src/stm32f3xx_hal.o
                0x08000254                HAL_Delay
 .text.ADC_Disable
                0x0800027c       0x88 Drivers/STM32F3xx_HAL_Driver/Src/stm32f3xx_hal_adc_ex.o
 .text.ADC_ConversionStop
                0x08000304       0xd8 Drivers/STM32F3xx_HAL_Driver/Src/stm32f3xx_hal_adc_ex.o
 .text.ADC_Enable
                0x080003dc       0x84 Drivers/STM32F3xx_HAL_Driver/Src/stm32f3xx_hal_adc_ex.o
 .text.HAL_ADC_Init
                0x08000460      0x2c0 Drivers/STM32F3xx_HAL_Driver/Src/stm32f3xx_hal_adc_ex.o
                0x08000460                HAL_ADC_Init
 .text.HAL_ADC_Start
                0x08000720      0x180 Drivers/STM32F3xx_HAL_Driver/Src/stm32f3xx_hal_adc_ex.o
                0x08000720                HAL_ADC_Start
 .text.HAL_ADC_Stop
                0x080008a0       0x4a Drivers/STM32F3xx_HAL_Driver/Src/stm32f3xx_hal_adc_ex.o
                0x080008a0                HAL_ADC_Stop
 *fill*         0x080008ea        0x2 
 .text.HAL_ADC_PollForConversion
                0x080008ec      0x15c Drivers/STM32F3xx_HAL_Driver/Src/stm32f3xx_hal_adc_ex.o
                0x080008ec                HAL_ADC_PollForConversion
 .text.HAL_ADC_GetValue
                0x08000a48        0x6 Drivers/STM32F3xx_HAL_Driver/Src/stm32f3xx_hal_adc_ex.o
                0x08000a48                HAL_ADC_GetValue
 *fill*         0x08000a4e        0x2 
 .text.HAL_ADC_ConfigChannel
                0x08000a50      0x3c8 Drivers/STM32F3xx_HAL_Driver/Src/stm32f3xx_hal_adc_ex.o
                0x08000a50                HAL_ADC_ConfigChannel
 .text.HAL_ADCEx_MultiModeConfigChannel
                0x08000e18      0x180 Drivers/STM32F3xx_HAL_Driver/Src/stm32f3xx_hal_adc_ex.o
                0x08000e18                HAL_ADCEx_MultiModeConfigChannel
 .text.HAL_NVIC_SetPriorityGrouping
                0x08000f98       0x24 Drivers/STM32F3xx_HAL_Driver/Src/stm32f3xx_hal_cortex.o
                0x08000f98                HAL_NVIC_SetPriorityGrouping
 .text.HAL_NVIC_SetPriority
                0x08000fbc       0x64 Drivers/STM32F3xx_HAL_Driver/Src/stm32f3xx_hal_cortex.o
                0x08000fbc                HAL_NVIC_SetPriority
 .text.HAL_NVIC_EnableIRQ
                0x08001020       0x18 Drivers/STM32F3xx_HAL_Driver/Src/stm32f3xx_hal_cortex.o
                0x08001020                HAL_NVIC_EnableIRQ
 .text.HAL_SYSTICK_Config
                0x08001038       0x2c Drivers/STM32F3xx_HAL_Driver/Src/stm32f3xx_hal_cortex.o
                0x08001038                HAL_SYSTICK_Config
 .text.HAL_SYSTICK_CLKSourceConfig
                0x08001064       0x20 Drivers/STM32F3xx_HAL_Driver/Src/stm32f3xx_hal_cortex.o
                0x08001064                HAL_SYSTICK_CLKSourceConfig
 .text.HAL_GPIO_Init
                0x08001084      0x1b4 Drivers/STM32F3xx_HAL_Driver/Src/stm32f3xx_hal_gpio.o
                0x08001084                HAL_GPIO_Init
 .text.HAL_GPIO_WritePin
                0x08001238        0xa Drivers/STM32F3xx_HAL_Driver/Src/stm32f3xx_hal_gpio.o
                0x08001238                HAL_GPIO_WritePin
 *fill*         0x08001242        0x2 
 .text.HAL_RCC_OscConfig
                0x08001244      0x610 Drivers/STM32F3xx_HAL_Driver/Src/stm32f3xx_hal_rcc.o
                0x08001244                HAL_RCC_OscConfig
 .text.HAL_RCC_GetSysClockFreq
                0x08001854       0x70 Drivers/STM32F3xx_HAL_Driver/Src/stm32f3xx_hal_rcc.o
                0x08001854                HAL_RCC_GetSysClockFreq
 .text.HAL_RCC_ClockConfig
                0x080018c4      0x1d4 Drivers/STM32F3xx_HAL_Driver/Src/stm32f3xx_hal_rcc.o
                0x080018c4                HAL_RCC_ClockConfig
 .text.HAL_RCC_GetHCLKFreq
                0x08001a98        0xc Drivers/STM32F3xx_HAL_Driver/Src/stm32f3xx_hal_rcc.o
                0x08001a98                HAL_RCC_GetHCLKFreq
 .text.HAL_RCC_GetPCLK1Freq
                0x08001aa4       0x2c Drivers/STM32F3xx_HAL_Driver/Src/stm32f3xx_hal_rcc.o
                0x08001aa4                HAL_RCC_GetPCLK1Freq
 .text.HAL_RCC_GetPCLK2Freq
                0x08001ad0       0x2c Drivers/STM32F3xx_HAL_Driver/Src/stm32f3xx_hal_rcc.o
                0x08001ad0                HAL_RCC_GetPCLK2Freq
 .text.HAL_RCC_GetClockConfig
                0x08001afc       0x3c Drivers/STM32F3xx_HAL_Driver/Src/stm32f3xx_hal_rcc.o
                0x08001afc                HAL_RCC_GetClockConfig
 .text.HAL_RCCEx_PeriphCLKConfig
                0x08001b38      0x308 Drivers/STM32F3xx_HAL_Driver/Src/stm32f3xx_hal_rcc_ex.o
                0x08001b38                HAL_RCCEx_PeriphCLKConfig
 .text.TIM_TI1_ConfigInputStage
                0x08001e40       0x26 Drivers/STM32F3xx_HAL_Driver/Src/stm32f3xx_hal_tim.o
 .text.TIM_TI2_ConfigInputStage
                0x08001e66       0x28 Drivers/STM32F3xx_HAL_Driver/Src/stm32f3xx_hal_tim.o
 .text.TIM_ITRx_SetConfig
                0x08001e8e       0x10 Drivers/STM32F3xx_HAL_Driver/Src/stm32f3xx_hal_tim.o
 .text.HAL_TIM_Base_Start
                0x08001e9e       0x1a Drivers/STM32F3xx_HAL_Driver/Src/stm32f3xx_hal_tim.o
                0x08001e9e                HAL_TIM_Base_Start
 .text.HAL_TIM_Base_Start_IT
                0x08001eb8       0x18 Drivers/STM32F3xx_HAL_Driver/Src/stm32f3xx_hal_tim.o
                0x08001eb8                HAL_TIM_Base_Start_IT
 .text.HAL_TIM_OC_MspInit
                0x08001ed0        0x2 Drivers/STM32F3xx_HAL_Driver/Src/stm32f3xx_hal_tim.o
                0x08001ed0                HAL_TIM_OC_MspInit
 .text.HAL_TIM_OC_DelayElapsedCallback
                0x08001ed2        0x2 Drivers/STM32F3xx_HAL_Driver/Src/stm32f3xx_hal_tim.o
                0x08001ed2                HAL_TIM_OC_DelayElapsedCallback
 .text.HAL_TIM_IC_CaptureCallback
                0x08001ed4        0x2 Drivers/STM32F3xx_HAL_Driver/Src/stm32f3xx_hal_tim.o
                0x08001ed4                HAL_TIM_IC_CaptureCallback
 .text.HAL_TIM_PWM_PulseFinishedCallback
                0x08001ed6        0x2 Drivers/STM32F3xx_HAL_Driver/Src/stm32f3xx_hal_tim.o
                0x08001ed6                HAL_TIM_PWM_PulseFinishedCallback
 .text.HAL_TIM_TriggerCallback
                0x08001ed8        0x2 Drivers/STM32F3xx_HAL_Driver/Src/stm32f3xx_hal_tim.o
                0x08001ed8                HAL_TIM_TriggerCallback
 .text.HAL_TIM_IRQHandler
                0x08001eda      0x19a Drivers/STM32F3xx_HAL_Driver/Src/stm32f3xx_hal_tim.o
                0x08001eda                HAL_TIM_IRQHandler
 .text.TIM_Base_SetConfig
                0x08002074       0xd0 Drivers/STM32F3xx_HAL_Driver/Src/stm32f3xx_hal_tim.o
                0x08002074                TIM_Base_SetConfig
 .text.HAL_TIM_Base_Init
                0x08002144       0x32 Drivers/STM32F3xx_HAL_Driver/Src/stm32f3xx_hal_tim.o
                0x08002144                HAL_TIM_Base_Init
 .text.HAL_TIM_OC_Init
                0x08002176       0x32 Drivers/STM32F3xx_HAL_Driver/Src/stm32f3xx_hal_tim.o
                0x08002176                HAL_TIM_OC_Init
 .text.TIM_OC1_SetConfig
                0x080021a8       0xac Drivers/STM32F3xx_HAL_Driver/Src/stm32f3xx_hal_tim.o
                0x080021a8                TIM_OC1_SetConfig
 .text.TIM_OC2_SetConfig
                0x08002254       0xa0 Drivers/STM32F3xx_HAL_Driver/Src/stm32f3xx_hal_tim.o
                0x08002254                TIM_OC2_SetConfig
 .text.TIM_OC3_SetConfig
                0x080022f4       0x9c Drivers/STM32F3xx_HAL_Driver/Src/stm32f3xx_hal_tim.o
                0x080022f4                TIM_OC3_SetConfig
 .text.TIM_OC4_SetConfig
                0x08002390       0x74 Drivers/STM32F3xx_HAL_Driver/Src/stm32f3xx_hal_tim.o
                0x08002390                TIM_OC4_SetConfig
 .text.TIM_ETR_SetConfig
                0x08002404       0x18 Drivers/STM32F3xx_HAL_Driver/Src/stm32f3xx_hal_tim.o
                0x08002404                TIM_ETR_SetConfig
 .text.HAL_TIM_ConfigClockSource
                0x0800241c      0x118 Drivers/STM32F3xx_HAL_Driver/Src/stm32f3xx_hal_tim.o
                0x0800241c                HAL_TIM_ConfigClockSource
 .text.TIM_OC5_SetConfig
                0x08002534       0x70 Drivers/STM32F3xx_HAL_Driver/Src/stm32f3xx_hal_tim_ex.o
 .text.TIM_OC6_SetConfig
                0x080025a4       0x74 Drivers/STM32F3xx_HAL_Driver/Src/stm32f3xx_hal_tim_ex.o
 .text.HAL_TIM_OC_ConfigChannel
                0x08002618       0x76 Drivers/STM32F3xx_HAL_Driver/Src/stm32f3xx_hal_tim_ex.o
                0x08002618                HAL_TIM_OC_ConfigChannel
 *fill*         0x0800268e        0x2 
 .text.HAL_TIMEx_MasterConfigSynchronization
                0x08002690       0x60 Drivers/STM32F3xx_HAL_Driver/Src/stm32f3xx_hal_tim_ex.o
                0x08002690                HAL_TIMEx_MasterConfigSynchronization
 .text.HAL_TIMEx_CommutationCallback
                0x080026f0        0x2 Drivers/STM32F3xx_HAL_Driver/Src/stm32f3xx_hal_tim_ex.o
                0x080026f0                HAL_TIMEx_CommutationCallback
 .text.HAL_TIMEx_BreakCallback
                0x080026f2        0x2 Drivers/STM32F3xx_HAL_Driver/Src/stm32f3xx_hal_tim_ex.o
                0x080026f2                HAL_TIMEx_BreakCallback
 .text.HAL_TIMEx_Break2Callback
                0x080026f4        0x2 Drivers/STM32F3xx_HAL_Driver/Src/stm32f3xx_hal_tim_ex.o
                0x080026f4                HAL_TIMEx_Break2Callback
 *fill*         0x080026f6        0x2 
 .text.UART_SetConfig
                0x080026f8      0x29c Drivers/STM32F3xx_HAL_Driver/Src/stm32f3xx_hal_uart.o
                0x080026f8                UART_SetConfig
 .text.UART_AdvFeatureConfig
                0x08002994       0xca Drivers/STM32F3xx_HAL_Driver/Src/stm32f3xx_hal_uart.o
                0x08002994                UART_AdvFeatureConfig
 .text.UART_WaitOnFlagUntilTimeout
                0x08002a5e       0x64 Drivers/STM32F3xx_HAL_Driver/Src/stm32f3xx_hal_uart.o
                0x08002a5e                UART_WaitOnFlagUntilTimeout
 .text.HAL_UART_Transmit
                0x08002ac2       0xd0 Drivers/STM32F3xx_HAL_Driver/Src/stm32f3xx_hal_uart.o
                0x08002ac2                HAL_UART_Transmit
 .text.UART_CheckIdleState
                0x08002b92       0x70 Drivers/STM32F3xx_HAL_Driver/Src/stm32f3xx_hal_uart.o
                0x08002b92                UART_CheckIdleState
 .text.HAL_UART_Init
                0x08002c02       0x68 Drivers/STM32F3xx_HAL_Driver/Src/stm32f3xx_hal_uart.o
                0x08002c02                HAL_UART_Init
 .text.makeFreeRtosPriority
                0x08002c6a        0xc Middlewares/Third_Party/FreeRTOS/Source/CMSIS_RTOS/cmsis_os.o
 .text.inHandlerMode
                0x08002c76        0xc Middlewares/Third_Party/FreeRTOS/Source/CMSIS_RTOS/cmsis_os.o
 .text.osKernelStart
                0x08002c82        0xa Middlewares/Third_Party/FreeRTOS/Source/CMSIS_RTOS/cmsis_os.o
                0x08002c82                osKernelStart
 .text.osThreadCreate
                0x08002c8c       0x34 Middlewares/Third_Party/FreeRTOS/Source/CMSIS_RTOS/cmsis_os.o
                0x08002c8c                osThreadCreate
 .text.osDelay  0x08002cc0       0x12 Middlewares/Third_Party/FreeRTOS/Source/CMSIS_RTOS/cmsis_os.o
                0x08002cc0                osDelay
 .text.osMessageCreate
                0x08002cd2        0xe Middlewares/Third_Party/FreeRTOS/Source/CMSIS_RTOS/cmsis_os.o
                0x08002cd2                osMessageCreate
 .text.osMessagePut
                0x08002ce0       0x68 Middlewares/Third_Party/FreeRTOS/Source/CMSIS_RTOS/cmsis_os.o
                0x08002ce0                osMessagePut
 .text.osMessageGet
                0x08002d48       0xa0 Middlewares/Third_Party/FreeRTOS/Source/CMSIS_RTOS/cmsis_os.o
                0x08002d48                osMessageGet
 .text.osSystickHandler
                0x08002de8       0x10 Middlewares/Third_Party/FreeRTOS/Source/CMSIS_RTOS/cmsis_os.o
                0x08002de8                osSystickHandler
 .text.vListInitialise
                0x08002df8       0x16 Middlewares/Third_Party/FreeRTOS/Source/list.o
                0x08002df8                vListInitialise
 .text.vListInitialiseItem
                0x08002e0e        0x6 Middlewares/Third_Party/FreeRTOS/Source/list.o
                0x08002e0e                vListInitialiseItem
 .text.vListInsertEnd
                0x08002e14       0x18 Middlewares/Third_Party/FreeRTOS/Source/list.o
                0x08002e14                vListInsertEnd
 .text.vListInsert
                0x08002e2c       0x34 Middlewares/Third_Party/FreeRTOS/Source/list.o
                0x08002e2c                vListInsert
 .text.uxListRemove
                0x08002e60       0x26 Middlewares/Third_Party/FreeRTOS/Source/list.o
                0x08002e60                uxListRemove
 .text.prvIsQueueFull
                0x08002e86       0x1e Middlewares/Third_Party/FreeRTOS/Source/queue.o
 .text.prvIsQueueEmpty
                0x08002ea4       0x1a Middlewares/Third_Party/FreeRTOS/Source/queue.o
 .text.prvCopyDataToQueue
                0x08002ebe       0x76 Middlewares/Third_Party/FreeRTOS/Source/queue.o
 .text.prvCopyDataFromQueue
                0x08002f34       0x24 Middlewares/Third_Party/FreeRTOS/Source/queue.o
 .text.prvUnlockQueue
                0x08002f58       0x6e Middlewares/Third_Party/FreeRTOS/Source/queue.o
 *fill*         0x08002fc6        0x2 
 .text.xQueueGenericReset
                0x08002fc8       0x80 Middlewares/Third_Party/FreeRTOS/Source/queue.o
                0x08002fc8                xQueueGenericReset
 .text.prvInitialiseNewQueue
                0x08003048       0x1c Middlewares/Third_Party/FreeRTOS/Source/queue.o
 .text.xQueueGenericCreate
                0x08003064       0x48 Middlewares/Third_Party/FreeRTOS/Source/queue.o
                0x08003064                xQueueGenericCreate
 .text.xQueueGenericSend
                0x080030ac      0x188 Middlewares/Third_Party/FreeRTOS/Source/queue.o
                0x080030ac                xQueueGenericSend
 .text.xQueueGenericSendFromISR
                0x08003234       0xde Middlewares/Third_Party/FreeRTOS/Source/queue.o
                0x08003234                xQueueGenericSendFromISR
 *fill*         0x08003312        0x2 
 .text.xQueueGenericReceive
                0x08003314      0x1b0 Middlewares/Third_Party/FreeRTOS/Source/queue.o
                0x08003314                xQueueGenericReceive
 .text.xQueueReceiveFromISR
                0x080034c4       0xb6 Middlewares/Third_Party/FreeRTOS/Source/queue.o
                0x080034c4                xQueueReceiveFromISR
 *fill*         0x0800357a        0x2 
 .text.prvResetNextTaskUnblockTime
                0x0800357c       0x2c Middlewares/Third_Party/FreeRTOS/Source/tasks.o
 .text.prvDeleteTCB
                0x080035a8       0x12 Middlewares/Third_Party/FreeRTOS/Source/tasks.o
 .text.prvInitialiseNewTask
                0x080035ba       0x80 Middlewares/Third_Party/FreeRTOS/Source/tasks.o
 *fill*         0x0800363a        0x2 
 .text.prvInitialiseTaskLists
                0x0800363c       0x58 Middlewares/Third_Party/FreeRTOS/Source/tasks.o
 .text.prvAddNewTaskToReadyList
                0x08003694       0xac Middlewares/Third_Party/FreeRTOS/Source/tasks.o
 .text.prvAddCurrentTaskToDelayedList
                0x08003740       0x88 Middlewares/Third_Party/FreeRTOS/Source/tasks.o
 .text.xTaskCreate
                0x080037c8       0x62 Middlewares/Third_Party/FreeRTOS/Source/tasks.o
                0x080037c8                xTaskCreate
 *fill*         0x0800382a        0x2 
 .text.vTaskStartScheduler
                0x0800382c       0x74 Middlewares/Third_Party/FreeRTOS/Source/tasks.o
                0x0800382c                vTaskStartScheduler
 .text.vTaskSuspendAll
                0x080038a0       0x14 Middlewares/Third_Party/FreeRTOS/Source/tasks.o
                0x080038a0                vTaskSuspendAll
 .text.xTaskIncrementTick
                0x080038b4      0x114 Middlewares/Third_Party/FreeRTOS/Source/tasks.o
                0x080038b4                xTaskIncrementTick
 .text.xTaskResumeAll
                0x080039c8       0xf4 Middlewares/Third_Party/FreeRTOS/Source/tasks.o
                0x080039c8                xTaskResumeAll
 .text.vTaskDelay
                0x08003abc       0x50 Middlewares/Third_Party/FreeRTOS/Source/tasks.o
                0x08003abc                vTaskDelay
 .text.prvCheckTasksWaitingTermination
                0x08003b0c       0x54 Middlewares/Third_Party/FreeRTOS/Source/tasks.o
 .text.prvIdleTask
                0x08003b60       0x28 Middlewares/Third_Party/FreeRTOS/Source/tasks.o
 .text.vTaskSwitchContext
                0x08003b88       0x90 Middlewares/Third_Party/FreeRTOS/Source/tasks.o
                0x08003b88                vTaskSwitchContext
 .text.vTaskPlaceOnEventList
                0x08003c18       0x34 Middlewares/Third_Party/FreeRTOS/Source/tasks.o
                0x08003c18                vTaskPlaceOnEventList
 .text.xTaskRemoveFromEventList
                0x08003c4c       0x84 Middlewares/Third_Party/FreeRTOS/Source/tasks.o
                0x08003c4c                xTaskRemoveFromEventList
 .text.vTaskSetTimeOutState
                0x08003cd0       0x28 Middlewares/Third_Party/FreeRTOS/Source/tasks.o
                0x08003cd0                vTaskSetTimeOutState
 .text.xTaskCheckForTimeOut
                0x08003cf8       0x80 Middlewares/Third_Party/FreeRTOS/Source/tasks.o
                0x08003cf8                xTaskCheckForTimeOut
 .text.vTaskMissedYield
                0x08003d78       0x10 Middlewares/Third_Party/FreeRTOS/Source/tasks.o
                0x08003d78                vTaskMissedYield
 .text.xTaskGetSchedulerState
                0x08003d88       0x20 Middlewares/Third_Party/FreeRTOS/Source/tasks.o
                0x08003d88                xTaskGetSchedulerState
 .text.vTaskPriorityInherit
                0x08003da8       0xb0 Middlewares/Third_Party/FreeRTOS/Source/tasks.o
                0x08003da8                vTaskPriorityInherit
 .text.xTaskPriorityDisinherit
                0x08003e58       0xb8 Middlewares/Third_Party/FreeRTOS/Source/tasks.o
                0x08003e58                xTaskPriorityDisinherit
 .text.pvTaskIncrementMutexHeldCount
                0x08003f10       0x20 Middlewares/Third_Party/FreeRTOS/Source/tasks.o
                0x08003f10                pvTaskIncrementMutexHeldCount
 .text.prvTaskExitError
                0x08003f30       0x34 Middlewares/Third_Party/FreeRTOS/Source/portable/GCC/ARM_CM4F/port.o
 .text.prvPortStartFirstTask
                0x08003f64       0x20 Middlewares/Third_Party/FreeRTOS/Source/portable/GCC/ARM_CM4F/port.o
 .text.vPortEnableVFP
                0x08003f84       0x14 Middlewares/Third_Party/FreeRTOS/Source/portable/GCC/ARM_CM4F/port.o
 .text.pxPortInitialiseStack
                0x08003f98       0x2c Middlewares/Third_Party/FreeRTOS/Source/portable/GCC/ARM_CM4F/port.o
                0x08003f98                pxPortInitialiseStack
 *fill*         0x08003fc4        0xc 
 .text.SVC_Handler
                0x08003fd0       0x24 Middlewares/Third_Party/FreeRTOS/Source/portable/GCC/ARM_CM4F/port.o
                0x08003fd0                SVC_Handler
 .text.vPortEnterCritical
                0x08003ff4       0x44 Middlewares/Third_Party/FreeRTOS/Source/portable/GCC/ARM_CM4F/port.o
                0x08003ff4                vPortEnterCritical
 .text.vPortExitCritical
                0x08004038       0x2c Middlewares/Third_Party/FreeRTOS/Source/portable/GCC/ARM_CM4F/port.o
                0x08004038                vPortExitCritical
 *fill*         0x08004064        0xc 
 .text.PendSV_Handler
                0x08004070       0x64 Middlewares/Third_Party/FreeRTOS/Source/portable/GCC/ARM_CM4F/port.o
                0x08004070                PendSV_Handler
 .text.xPortSysTickHandler
                0x080040d4       0x2c Middlewares/Third_Party/FreeRTOS/Source/portable/GCC/ARM_CM4F/port.o
                0x080040d4                xPortSysTickHandler
 .text.vPortSetupTimerInterrupt
                0x08004100       0x2c Middlewares/Third_Party/FreeRTOS/Source/portable/GCC/ARM_CM4F/port.o
                0x08004100                vPortSetupTimerInterrupt
 .text.xPortStartScheduler
                0x0800412c       0xe8 Middlewares/Third_Party/FreeRTOS/Source/portable/GCC/ARM_CM4F/port.o
                0x0800412c                xPortStartScheduler
 .text.vPortValidateInterruptPriority
                0x08004214       0x58 Middlewares/Third_Party/FreeRTOS/Source/portable/GCC/ARM_CM4F/port.o
                0x08004214                vPortValidateInterruptPriority
 .text.prvHeapInit
                0x0800426c       0x58 Middlewares/Third_Party/FreeRTOS/Source/portable/MemMang/heap_4.o
 .text.prvInsertBlockIntoFreeList
                0x080042c4       0x58 Middlewares/Third_Party/FreeRTOS/Source/portable/MemMang/heap_4.o
 .text.pvPortMalloc
                0x0800431c      0x108 Middlewares/Third_Party/FreeRTOS/Source/portable/MemMang/heap_4.o
                0x0800431c                pvPortMalloc
 .text.vPortFree
                0x08004424       0x70 Middlewares/Third_Party/FreeRTOS/Source/portable/MemMang/heap_4.o
                0x08004424                vPortFree
 .text.MX_ADC1_Init
                0x08004494       0x88 Src/adc.o
                0x08004494                MX_ADC1_Init
 .text.HAL_ADC_MspInit
                0x0800451c       0x44 Src/adc.o
                0x0800451c                HAL_ADC_MspInit
 .text.StartDefaultTask
                0x08004560       0x5c Src/freertos.o
                0x08004560                StartDefaultTask
 .text.StartTask02
                0x080045bc       0x42 Src/freertos.o
                0x080045bc                StartTask02
 *fill*         0x080045fe        0x2 
 .text.StartTask03
                0x08004600       0xb8 Src/freertos.o
                0x08004600                StartTask03
 .text.MX_FREERTOS_Init
                0x080046b8       0x8c Src/freertos.o
                0x080046b8                MX_FREERTOS_Init
 .text.MX_GPIO_Init
                0x08004744       0x98 Src/gpio.o
                0x08004744                MX_GPIO_Init
 .text.HAL_TIM_PeriodElapsedCallback
                0x080047dc       0x38 Src/main.o
                0x080047dc                HAL_TIM_PeriodElapsedCallback
 .text._Error_Handler
                0x08004814        0x2 Src/main.o
                0x08004814                _Error_Handler
 *fill*         0x08004816        0x2 
 .text.SystemClock_Config
                0x08004818       0xac Src/main.o
                0x08004818                SystemClock_Config
 .text.main     0x080048c4       0x24 Src/main.o
                0x080048c4                main
 .text.HAL_MspInit
                0x080048e8       0x90 Src/stm32f3xx_hal_msp.o
                0x080048e8                HAL_MspInit
 .text.HAL_InitTick
                0x08004978       0x78 Src/stm32f3xx_hal_timebase_TIM.o
                0x08004978                HAL_InitTick
 .text.SysTick_Handler
                0x080049f0        0x8 Src/stm32f3xx_it.o
                0x080049f0                SysTick_Handler
 .text.TIM1_UP_TIM16_IRQHandler
                0x080049f8       0x10 Src/stm32f3xx_it.o
                0x080049f8                TIM1_UP_TIM16_IRQHandler
 .text.SystemInit
                0x08004a08       0x68 Src/system_stm32f3xx.o
                0x08004a08                SystemInit
 .text.HAL_TIM_Base_MspInit
                0x08004a70       0x26 Src/tim.o
                0x08004a70                HAL_TIM_Base_MspInit
 .text.HAL_TIM_MspPostInit
                0x08004a96       0x32 Src/tim.o
                0x08004a96                HAL_TIM_MspPostInit
 .text.MX_TIM2_Init
                0x08004ac8       0xac Src/tim.o
                0x08004ac8                MX_TIM2_Init
 .text.MX_USART2_UART_Init
                0x08004b74       0x40 Src/usart.o
                0x08004b74                MX_USART2_UART_Init
 .text.HAL_UART_MspInit
                0x08004bb4       0x4c Src/usart.o
                0x08004bb4                HAL_UART_MspInit
 .text.Reset_Handler
                0x08004c00       0x50 startup/startup_stm32f303xe.o
                0x08004c00                Reset_Handler
 .text.Default_Handler
                0x08004c50        0x2 startup/startup_stm32f303xe.o
                0x08004c50                RTC_Alarm_IRQHandler
                0x08004c50                TIM8_TRG_COM_IRQHandler
                0x08004c50                TIM8_CC_IRQHandler
                0x08004c50                DebugMon_Handler
                0x08004c50                SPI4_IRQHandler
                0x08004c50                TIM1_CC_IRQHandler
                0x08004c50                HardFault_Handler
                0x08004c50                USB_HP_IRQHandler
                0x08004c50                PVD_IRQHandler
                0x08004c50                TAMP_STAMP_IRQHandler
                0x08004c50                NMI_Handler
                0x08004c50                EXTI3_IRQHandler
                0x08004c50                I2C3_ER_IRQHandler
                0x08004c50                USB_HP_CAN_TX_IRQHandler
                0x08004c50                EXTI0_IRQHandler
                0x08004c50                I2C2_EV_IRQHandler
                0x08004c50                FPU_IRQHandler
                0x08004c50                UsageFault_Handler
                0x08004c50                ADC1_2_IRQHandler
                0x08004c50                SPI1_IRQHandler
                0x08004c50                CAN_SCE_IRQHandler
                0x08004c50                TIM6_DAC_IRQHandler
                0x08004c50                TIM8_UP_IRQHandler
                0x08004c50                DMA2_Channel2_IRQHandler
                0x08004c50                DMA1_Channel4_IRQHandler
                0x08004c50                TIM20_TRG_COM_IRQHandler
                0x08004c50                USART3_IRQHandler
                0x08004c50                DMA1_Channel7_IRQHandler
                0x08004c50                UART5_IRQHandler
                0x08004c50                ADC3_IRQHandler
                0x08004c50                TIM4_IRQHandler
                0x08004c50                CAN_RX1_IRQHandler
                0x08004c50                DMA2_Channel1_IRQHandler
                0x08004c50                I2C1_EV_IRQHandler
                0x08004c50                DMA1_Channel6_IRQHandler
                0x08004c50                UART4_IRQHandler
                0x08004c50                DMA2_Channel4_IRQHandler
                0x08004c50                TIM3_IRQHandler
                0x08004c50                RCC_IRQHandler
                0x08004c50                TIM20_UP_IRQHandler
                0x08004c50                DMA1_Channel1_IRQHandler
                0x08004c50                Default_Handler
                0x08004c50                USBWakeUp_RMP_IRQHandler
                0x08004c50                EXTI15_10_IRQHandler
                0x08004c50                TIM7_IRQHandler
                0x08004c50                I2C3_EV_IRQHandler
                0x08004c50                EXTI9_5_IRQHandler
                0x08004c50                RTC_WKUP_IRQHandler
                0x08004c50                SPI2_IRQHandler
                0x08004c50                USB_LP_CAN_RX0_IRQHandler
                0x08004c50                MemManage_Handler
                0x08004c50                DMA2_Channel5_IRQHandler
                0x08004c50                DMA1_Channel5_IRQHandler
                0x08004c50                USB_LP_IRQHandler
                0x08004c50                EXTI4_IRQHandler
                0x08004c50                TIM1_TRG_COM_TIM17_IRQHandler
                0x08004c50                DMA1_Channel3_IRQHandler
                0x08004c50                ADC4_IRQHandler
                0x08004c50                WWDG_IRQHandler
                0x08004c50                TIM2_IRQHandler
                0x08004c50                COMP7_IRQHandler
                0x08004c50                COMP1_2_3_IRQHandler
                0x08004c50                EXTI1_IRQHandler
                0x08004c50                USART2_IRQHandler
                0x08004c50                COMP4_5_6_IRQHandler
                0x08004c50                TIM20_BRK_IRQHandler
                0x08004c50                I2C2_ER_IRQHandler
                0x08004c50                DMA1_Channel2_IRQHandler
                0x08004c50                TIM8_BRK_IRQHandler
                0x08004c50                FLASH_IRQHandler
                0x08004c50                TIM20_CC_IRQHandler
                0x08004c50                BusFault_Handler
                0x08004c50                USART1_IRQHandler
                0x08004c50                SPI3_IRQHandler
                0x08004c50                I2C1_ER_IRQHandler
                0x08004c50                FMC_IRQHandler
                0x08004c50                USBWakeUp_IRQHandler
                0x08004c50                DMA2_Channel3_IRQHandler
                0x08004c50                EXTI2_TSC_IRQHandler
                0x08004c50                TIM1_BRK_TIM15_IRQHandler
 *fill*         0x08004c52        0x2 
 .text.__libc_init_array
                0x08004c54       0x48 c:/ac6/systemworkbench/plugins/fr.ac6.mcu.externaltools.arm-none.win32_1.15.0.201708311556/tools/compiler/bin/../lib/gcc/arm-none-eabi/6.3.1/../../../../arm-none-eabi/lib/thumb/v7e-m/fpv4-sp/hard\libc_nano.a(lib_a-init.o)
                0x08004c54                __libc_init_array
 .text.memcpy   0x08004c9c       0x16 c:/ac6/systemworkbench/plugins/fr.ac6.mcu.externaltools.arm-none.win32_1.15.0.201708311556/tools/compiler/bin/../lib/gcc/arm-none-eabi/6.3.1/../../../../arm-none-eabi/lib/thumb/v7e-m/fpv4-sp/hard\libc_nano.a(lib_a-memcpy-stub.o)
                0x08004c9c                memcpy
 *(.glue_7)
 .glue_7        0x08004cb2        0x0 linker stubs
 *(.glue_7t)
 .glue_7t       0x08004cb2        0x0 linker stubs
 *(.eh_frame)
 *fill*         0x08004cb2        0x2 
 .eh_frame      0x08004cb4        0x0 c:/ac6/systemworkbench/plugins/fr.ac6.mcu.externaltools.arm-none.win32_1.15.0.201708311556/tools/compiler/bin/../lib/gcc/arm-none-eabi/6.3.1/thumb/v7e-m/fpv4-sp/hard/crtbegin.o
 *(.init)
 .init          0x08004cb4        0x4 c:/ac6/systemworkbench/plugins/fr.ac6.mcu.externaltools.arm-none.win32_1.15.0.201708311556/tools/compiler/bin/../lib/gcc/arm-none-eabi/6.3.1/thumb/v7e-m/fpv4-sp/hard/crti.o
                0x08004cb4                _init
 .init          0x08004cb8        0x8 c:/ac6/systemworkbench/plugins/fr.ac6.mcu.externaltools.arm-none.win32_1.15.0.201708311556/tools/compiler/bin/../lib/gcc/arm-none-eabi/6.3.1/thumb/v7e-m/fpv4-sp/hard/crtn.o
 *(.fini)
 .fini          0x08004cc0        0x4 c:/ac6/systemworkbench/plugins/fr.ac6.mcu.externaltools.arm-none.win32_1.15.0.201708311556/tools/compiler/bin/../lib/gcc/arm-none-eabi/6.3.1/thumb/v7e-m/fpv4-sp/hard/crti.o
                0x08004cc0                _fini
 .fini          0x08004cc4        0x8 c:/ac6/systemworkbench/plugins/fr.ac6.mcu.externaltools.arm-none.win32_1.15.0.201708311556/tools/compiler/bin/../lib/gcc/arm-none-eabi/6.3.1/thumb/v7e-m/fpv4-sp/hard/crtn.o
                0x08004ccc                . = ALIGN (0x4)
                0x08004ccc                _etext = .

.vfp11_veneer   0x08004ccc        0x0
 .vfp11_veneer  0x08004ccc        0x0 linker stubs

.v4_bx          0x08004ccc        0x0
 .v4_bx         0x08004ccc        0x0 linker stubs

.iplt           0x08004ccc        0x0
 .iplt          0x08004ccc        0x0 c:/ac6/systemworkbench/plugins/fr.ac6.mcu.externaltools.arm-none.win32_1.15.0.201708311556/tools/compiler/bin/../lib/gcc/arm-none-eabi/6.3.1/thumb/v7e-m/fpv4-sp/hard/crtbegin.o

.rodata         0x08004ccc       0xf0
                0x08004ccc                . = ALIGN (0x4)
 *(.rodata)
 .rodata        0x08004ccc       0x20 Drivers/STM32F3xx_HAL_Driver/Src/stm32f3xx_hal_rcc.o
                0x08004ccc                aPLLMULFactorTable
                0x08004cdc                aPredivFactorTable
 .rodata        0x08004cec       0x44 Src/freertos.o
 .rodata        0x08004d30       0x18 Src/system_stm32f3xx.o
                0x08004d30                AHBPrescTable
                0x08004d40                APBPrescTable
 *(.rodata*)
 .rodata.str1.4
                0x08004d48        0x5 Middlewares/Third_Party/FreeRTOS/Source/tasks.o
 *fill*         0x08004d4d        0x3 
 .rodata.str1.4
                0x08004d50        0xd Src/adc.o
 *fill*         0x08004d5d        0x3 
 .rodata.str1.4
                0x08004d60       0x24 Src/freertos.o
 .rodata.str1.4
                0x08004d84       0x16 Src/main.o
 *fill*         0x08004d9a        0x2 
 .rodata.str1.4
                0x08004d9c        0xd Src/tim.o
 *fill*         0x08004da9        0x3 
 .rodata.str1.4
                0x08004dac       0x10 Src/usart.o
                                  0xf (size before relaxing)
                0x08004dbc                . = ALIGN (0x4)

.rel.dyn        0x08004dbc        0x0
 .rel.iplt      0x08004dbc        0x0 c:/ac6/systemworkbench/plugins/fr.ac6.mcu.externaltools.arm-none.win32_1.15.0.201708311556/tools/compiler/bin/../lib/gcc/arm-none-eabi/6.3.1/thumb/v7e-m/fpv4-sp/hard/crtbegin.o

.ARM.extab
 *(.ARM.extab* .gnu.linkonce.armextab.*)

.ARM            0x08004dbc        0x0
                0x08004dbc                __exidx_start = .
 *(.ARM.exidx*)
                0x08004dbc                __exidx_end = .

.preinit_array  0x08004dbc        0x0
                0x08004dbc                PROVIDE (__preinit_array_start, .)
 *(.preinit_array*)
                0x08004dbc                PROVIDE (__preinit_array_end, .)

.init_array     0x08004dbc        0x4
                0x08004dbc                PROVIDE (__init_array_start, .)
 *(SORT(.init_array.*))
 *(.init_array*)
 .init_array    0x08004dbc        0x4 c:/ac6/systemworkbench/plugins/fr.ac6.mcu.externaltools.arm-none.win32_1.15.0.201708311556/tools/compiler/bin/../lib/gcc/arm-none-eabi/6.3.1/thumb/v7e-m/fpv4-sp/hard/crtbegin.o
                0x08004dc0                PROVIDE (__init_array_end, .)

.fini_array     0x08004dc0        0x4
                [!provide]                PROVIDE (__fini_array_start, .)
 *(SORT(.fini_array.*))
 *(.fini_array*)
 .fini_array    0x08004dc0        0x4 c:/ac6/systemworkbench/plugins/fr.ac6.mcu.externaltools.arm-none.win32_1.15.0.201708311556/tools/compiler/bin/../lib/gcc/arm-none-eabi/6.3.1/thumb/v7e-m/fpv4-sp/hard/crtbegin.o
                [!provide]                PROVIDE (__fini_array_end, .)
                0x08004dc4                _sidata = LOADADDR (.data)

.data           0x20000000       0x10 load address 0x08004dc4
                0x20000000                . = ALIGN (0x4)
                0x20000000                _sdata = .
 *(.data)
 .data          0x20000000        0x8 Drivers/STM32F3xx_HAL_Driver/Src/stm32f3xx_hal.o
                0x20000000                uwTickFreq
                0x20000004                uwTickPrio
 .data          0x20000008        0x4 Middlewares/Third_Party/FreeRTOS/Source/portable/GCC/ARM_CM4F/port.o
 .data          0x2000000c        0x4 Src/system_stm32f3xx.o
                0x2000000c                SystemCoreClock
 *(.data*)
                0x20000010                . = ALIGN (0x4)
                0x20000010                _edata = .
                0x08004dd4                _siccmram = LOADADDR (.ccmram)

.jcr            0x20000010        0x0 load address 0x08004dd4
 .jcr           0x20000010        0x0 c:/ac6/systemworkbench/plugins/fr.ac6.mcu.externaltools.arm-none.win32_1.15.0.201708311556/tools/compiler/bin/../lib/gcc/arm-none-eabi/6.3.1/thumb/v7e-m/fpv4-sp/hard/crtbegin.o

.igot.plt       0x20000010        0x0 load address 0x08004dd4
 .igot.plt      0x20000010        0x0 c:/ac6/systemworkbench/plugins/fr.ac6.mcu.externaltools.arm-none.win32_1.15.0.201708311556/tools/compiler/bin/../lib/gcc/arm-none-eabi/6.3.1/thumb/v7e-m/fpv4-sp/hard/crtbegin.o

.ccmram         0x10000000        0x0 load address 0x08004dd4
                0x10000000                . = ALIGN (0x4)
                0x10000000                _sccmram = .
 *(.ccmram)
 *(.ccmram*)
                0x10000000                . = ALIGN (0x4)
                0x10000000                _eccmram = .
                0x10000000                . = ALIGN (0x4)

.bss            0x20000010     0x12c0
                0x20000010                _sbss = .
                0x20000010                __bss_start__ = _sbss
 *(.bss)
 .bss           0x20000010       0x1c c:/ac6/systemworkbench/plugins/fr.ac6.mcu.externaltools.arm-none.win32_1.15.0.201708311556/tools/compiler/bin/../lib/gcc/arm-none-eabi/6.3.1/thumb/v7e-m/fpv4-sp/hard/crtbegin.o
 .bss           0x2000002c      0x12c Middlewares/Third_Party/FreeRTOS/Source/tasks.o
                0x2000012c                pxCurrentTCB
 .bss           0x20000158        0x8 Middlewares/Third_Party/FreeRTOS/Source/portable/GCC/ARM_CM4F/port.o
 .bss           0x20000160     0x1018 Middlewares/Third_Party/FreeRTOS/Source/portable/MemMang/heap_4.o
 *(.bss*)
 *(COMMON)
 COMMON         0x20001178        0x4 Drivers/STM32F3xx_HAL_Driver/Src/stm32f3xx_hal.o
                0x20001178                uwTick
 COMMON         0x2000117c       0x54 Src/adc.o
                0x2000117c                hadc1
 COMMON         0x200011d0       0x10 Src/freertos.o
                0x200011d0                defaultTaskHandle
                0x200011d4                myTask02Handle
                0x200011d8                myTask03Handle
                0x200011dc                myQueue01Handle
 COMMON         0x200011e0       0x40 Src/stm32f3xx_hal_timebase_TIM.o
                0x200011e0                htim1
 COMMON         0x20001220       0x40 Src/tim.o
                0x20001220                htim2
 COMMON         0x20001260       0x70 Src/usart.o
                0x20001260                huart2
                0x200012d0                . = ALIGN (0x4)
                0x200012d0                _ebss = .
                0x200012d0                __bss_end__ = _ebss

._user_heap_stack
                0x200012d0      0x600
                0x200012d0                . = ALIGN (0x8)
                [!provide]                PROVIDE (end, .)
                [!provide]                PROVIDE (_end, .)
                0x200014d0                . = (. + _Min_Heap_Size)
 *fill*         0x200012d0      0x200 
                0x200018d0                . = (. + _Min_Stack_Size)
 *fill*         0x200014d0      0x400 
                0x200018d0                . = ALIGN (0x8)

/DISCARD/
 libc.a(*)
 libm.a(*)
 libgcc.a(*)

.ARM.attributes
                0x00000000       0x30
 *(.ARM.attributes)
 .ARM.attributes
                0x00000000       0x22 c:/ac6/systemworkbench/plugins/fr.ac6.mcu.externaltools.arm-none.win32_1.15.0.201708311556/tools/compiler/bin/../lib/gcc/arm-none-eabi/6.3.1/thumb/v7e-m/fpv4-sp/hard/crti.o
 .ARM.attributes
                0x00000022       0x34 c:/ac6/systemworkbench/plugins/fr.ac6.mcu.externaltools.arm-none.win32_1.15.0.201708311556/tools/compiler/bin/../lib/gcc/arm-none-eabi/6.3.1/thumb/v7e-m/fpv4-sp/hard/crtbegin.o
 .ARM.attributes
                0x00000056       0x39 Drivers/STM32F3xx_HAL_Driver/Src/stm32f3xx_hal.o
 .ARM.attributes
                0x0000008f       0x39 Drivers/STM32F3xx_HAL_Driver/Src/stm32f3xx_hal_adc_ex.o
 .ARM.attributes
                0x000000c8       0x39 Drivers/STM32F3xx_HAL_Driver/Src/stm32f3xx_hal_cortex.o
 .ARM.attributes
                0x00000101       0x39 Drivers/STM32F3xx_HAL_Driver/Src/stm32f3xx_hal_gpio.o
 .ARM.attributes
                0x0000013a       0x39 Drivers/STM32F3xx_HAL_Driver/Src/stm32f3xx_hal_rcc.o
 .ARM.attributes
                0x00000173       0x39 Drivers/STM32F3xx_HAL_Driver/Src/stm32f3xx_hal_rcc_ex.o
 .ARM.attributes
                0x000001ac       0x39 Drivers/STM32F3xx_HAL_Driver/Src/stm32f3xx_hal_tim.o
 .ARM.attributes
                0x000001e5       0x39 Drivers/STM32F3xx_HAL_Driver/Src/stm32f3xx_hal_tim_ex.o
 .ARM.attributes
                0x0000021e       0x39 Drivers/STM32F3xx_HAL_Driver/Src/stm32f3xx_hal_uart.o
 .ARM.attributes
                0x00000257       0x39 Middlewares/Third_Party/FreeRTOS/Source/CMSIS_RTOS/cmsis_os.o
 .ARM.attributes
                0x00000290       0x39 Middlewares/Third_Party/FreeRTOS/Source/list.o
 .ARM.attributes
                0x000002c9       0x39 Middlewares/Third_Party/FreeRTOS/Source/queue.o
 .ARM.attributes
                0x00000302       0x39 Middlewares/Third_Party/FreeRTOS/Source/tasks.o
 .ARM.attributes
                0x0000033b       0x39 Middlewares/Third_Party/FreeRTOS/Source/portable/GCC/ARM_CM4F/port.o
 .ARM.attributes
                0x00000374       0x39 Middlewares/Third_Party/FreeRTOS/Source/portable/MemMang/heap_4.o
 .ARM.attributes
                0x000003ad       0x39 Src/adc.o
 .ARM.attributes
                0x000003e6       0x39 Src/freertos.o
 .ARM.attributes
                0x0000041f       0x39 Src/gpio.o
 .ARM.attributes
                0x00000458       0x39 Src/main.o
 .ARM.attributes
                0x00000491       0x39 Src/stm32f3xx_hal_msp.o
 .ARM.attributes
                0x000004ca       0x39 Src/stm32f3xx_hal_timebase_TIM.o
 .ARM.attributes
                0x00000503       0x39 Src/stm32f3xx_it.o
 .ARM.attributes
                0x0000053c       0x39 Src/system_stm32f3xx.o
 .ARM.attributes
                0x00000575       0x39 Src/tim.o
 .ARM.attributes
                0x000005ae       0x39 Src/usart.o
 .ARM.attributes
                0x000005e7       0x21 startup/startup_stm32f303xe.o
 .ARM.attributes
                0x00000608       0x34 c:/ac6/systemworkbench/plugins/fr.ac6.mcu.externaltools.arm-none.win32_1.15.0.201708311556/tools/compiler/bin/../lib/gcc/arm-none-eabi/6.3.1/../../../../arm-none-eabi/lib/thumb/v7e-m/fpv4-sp/hard\libc_nano.a(lib_a-init.o)
 .ARM.attributes
                0x0000063c       0x34 c:/ac6/systemworkbench/plugins/fr.ac6.mcu.externaltools.arm-none.win32_1.15.0.201708311556/tools/compiler/bin/../lib/gcc/arm-none-eabi/6.3.1/../../../../arm-none-eabi/lib/thumb/v7e-m/fpv4-sp/hard\libc_nano.a(lib_a-memcpy-stub.o)
 .ARM.attributes
                0x00000670       0x22 c:/ac6/systemworkbench/plugins/fr.ac6.mcu.externaltools.arm-none.win32_1.15.0.201708311556/tools/compiler/bin/../lib/gcc/arm-none-eabi/6.3.1/thumb/v7e-m/fpv4-sp/hard/crtn.o
OUTPUT(servo3232.elf elf32-littlearm)

.debug_info     0x00000000    0x23d3a
 .debug_info    0x00000000     0x10bc Drivers/STM32F3xx_HAL_Driver/Src/stm32f3xx_hal.o
 .debug_info    0x000010bc     0x22bb Drivers/STM32F3xx_HAL_Driver/Src/stm32f3xx_hal_adc_ex.o
 .debug_info    0x00003377     0x16f4 Drivers/STM32F3xx_HAL_Driver/Src/stm32f3xx_hal_cortex.o
 .debug_info    0x00004a6b      0xfa7 Drivers/STM32F3xx_HAL_Driver/Src/stm32f3xx_hal_gpio.o
 .debug_info    0x00005a12     0x1bb3 Drivers/STM32F3xx_HAL_Driver/Src/stm32f3xx_hal_rcc.o
 .debug_info    0x000075c5     0x101e Drivers/STM32F3xx_HAL_Driver/Src/stm32f3xx_hal_rcc_ex.o
 .debug_info    0x000085e3     0x37c1 Drivers/STM32F3xx_HAL_Driver/Src/stm32f3xx_hal_tim.o
 .debug_info    0x0000bda4     0x1eb9 Drivers/STM32F3xx_HAL_Driver/Src/stm32f3xx_hal_tim_ex.o
 .debug_info    0x0000dc5d     0x21e2 Drivers/STM32F3xx_HAL_Driver/Src/stm32f3xx_hal_uart.o
 .debug_info    0x0000fe3f     0x2321 Middlewares/Third_Party/FreeRTOS/Source/CMSIS_RTOS/cmsis_os.o
 .debug_info    0x00012160      0xad4 Middlewares/Third_Party/FreeRTOS/Source/list.o
 .debug_info    0x00012c34     0x1f96 Middlewares/Third_Party/FreeRTOS/Source/queue.o
 .debug_info    0x00014bca     0x2922 Middlewares/Third_Party/FreeRTOS/Source/tasks.o
 .debug_info    0x000174ec      0x534 Middlewares/Third_Party/FreeRTOS/Source/portable/GCC/ARM_CM4F/port.o
 .debug_info    0x00017a20      0xc78 Middlewares/Third_Party/FreeRTOS/Source/portable/MemMang/heap_4.o
 .debug_info    0x00018698     0x130d Src/adc.o
 .debug_info    0x000199a5     0x1c4c Src/freertos.o
 .debug_info    0x0001b5f1      0xc32 Src/gpio.o
 .debug_info    0x0001c223     0x1b74 Src/main.o
 .debug_info    0x0001dd97      0xd4c Src/stm32f3xx_hal_msp.o
 .debug_info    0x0001eae3     0x12b4 Src/stm32f3xx_hal_timebase_TIM.o
 .debug_info    0x0001fd97      0xe47 Src/stm32f3xx_it.o
 .debug_info    0x00020bde      0xc34 Src/system_stm32f3xx.o
 .debug_info    0x00021812     0x1347 Src/tim.o
 .debug_info    0x00022b59     0x1170 Src/usart.o
 .debug_info    0x00023cc9       0x71 startup/startup_stm32f303xe.o

.debug_abbrev   0x00000000     0x455a
 .debug_abbrev  0x00000000      0x2e3 Drivers/STM32F3xx_HAL_Driver/Src/stm32f3xx_hal.o
 .debug_abbrev  0x000002e3      0x32e Drivers/STM32F3xx_HAL_Driver/Src/stm32f3xx_hal_adc_ex.o
 .debug_abbrev  0x00000611      0x3b8 Drivers/STM32F3xx_HAL_Driver/Src/stm32f3xx_hal_cortex.o
 .debug_abbrev  0x000009c9      0x2a5 Drivers/STM32F3xx_HAL_Driver/Src/stm32f3xx_hal_gpio.o
 .debug_abbrev  0x00000c6e      0x343 Drivers/STM32F3xx_HAL_Driver/Src/stm32f3xx_hal_rcc.o
 .debug_abbrev  0x00000fb1      0x334 Drivers/STM32F3xx_HAL_Driver/Src/stm32f3xx_hal_rcc_ex.o
 .debug_abbrev  0x000012e5      0x2dc Drivers/STM32F3xx_HAL_Driver/Src/stm32f3xx_hal_tim.o
 .debug_abbrev  0x000015c1      0x2dc Drivers/STM32F3xx_HAL_Driver/Src/stm32f3xx_hal_tim_ex.o
 .debug_abbrev  0x0000189d      0x2e9 Drivers/STM32F3xx_HAL_Driver/Src/stm32f3xx_hal_uart.o
 .debug_abbrev  0x00001b86      0x3d0 Middlewares/Third_Party/FreeRTOS/Source/CMSIS_RTOS/cmsis_os.o
 .debug_abbrev  0x00001f56      0x21c Middlewares/Third_Party/FreeRTOS/Source/list.o
 .debug_abbrev  0x00002172      0x37f Middlewares/Third_Party/FreeRTOS/Source/queue.o
 .debug_abbrev  0x000024f1      0x3cd Middlewares/Third_Party/FreeRTOS/Source/tasks.o
 .debug_abbrev  0x000028be      0x205 Middlewares/Third_Party/FreeRTOS/Source/portable/GCC/ARM_CM4F/port.o
 .debug_abbrev  0x00002ac3      0x318 Middlewares/Third_Party/FreeRTOS/Source/portable/MemMang/heap_4.o
 .debug_abbrev  0x00002ddb      0x256 Src/adc.o
 .debug_abbrev  0x00003031      0x2c9 Src/freertos.o
 .debug_abbrev  0x000032fa      0x229 Src/gpio.o
 .debug_abbrev  0x00003523      0x28c Src/main.o
 .debug_abbrev  0x000037af      0x232 Src/stm32f3xx_hal_msp.o
 .debug_abbrev  0x000039e1      0x295 Src/stm32f3xx_hal_timebase_TIM.o
 .debug_abbrev  0x00003c76      0x205 Src/stm32f3xx_it.o
 .debug_abbrev  0x00003e7b      0x205 Src/system_stm32f3xx.o
 .debug_abbrev  0x00004080      0x272 Src/tim.o
 .debug_abbrev  0x000042f2      0x256 Src/usart.o
 .debug_abbrev  0x00004548       0x12 startup/startup_stm32f303xe.o

.debug_loc      0x00000000     0xda9e
 .debug_loc     0x00000000      0x108 Drivers/STM32F3xx_HAL_Driver/Src/stm32f3xx_hal.o
 .debug_loc     0x00000108     0x1bb2 Drivers/STM32F3xx_HAL_Driver/Src/stm32f3xx_hal_adc_ex.o
 .debug_loc     0x00001cba      0x5ce Drivers/STM32F3xx_HAL_Driver/Src/stm32f3xx_hal_cortex.o
 .debug_loc     0x00002288      0x315 Drivers/STM32F3xx_HAL_Driver/Src/stm32f3xx_hal_gpio.o
 .debug_loc     0x0000259d      0x908 Drivers/STM32F3xx_HAL_Driver/Src/stm32f3xx_hal_rcc.o
 .debug_loc     0x00002ea5      0xabb Drivers/STM32F3xx_HAL_Driver/Src/stm32f3xx_hal_rcc_ex.o
 .debug_loc     0x00003960     0x35de Drivers/STM32F3xx_HAL_Driver/Src/stm32f3xx_hal_tim.o
 .debug_loc     0x00006f3e     0x18ee Drivers/STM32F3xx_HAL_Driver/Src/stm32f3xx_hal_tim_ex.o
 .debug_loc     0x0000882c     0x16c5 Drivers/STM32F3xx_HAL_Driver/Src/stm32f3xx_hal_uart.o
 .debug_loc     0x00009ef1      0xfe2 Middlewares/Third_Party/FreeRTOS/Source/CMSIS_RTOS/cmsis_os.o
 .debug_loc     0x0000aed3       0x70 Middlewares/Third_Party/FreeRTOS/Source/list.o
 .debug_loc     0x0000af43      0xe4e Middlewares/Third_Party/FreeRTOS/Source/queue.o
 .debug_loc     0x0000bd91     0x14e6 Middlewares/Third_Party/FreeRTOS/Source/tasks.o
 .debug_loc     0x0000d277      0x104 Middlewares/Third_Party/FreeRTOS/Source/portable/GCC/ARM_CM4F/port.o
 .debug_loc     0x0000d37b      0x291 Middlewares/Third_Party/FreeRTOS/Source/portable/MemMang/heap_4.o
 .debug_loc     0x0000d60c       0x5b Src/adc.o
 .debug_loc     0x0000d667      0x210 Src/freertos.o
 .debug_loc     0x0000d877       0x34 Src/main.o
 .debug_loc     0x0000d8ab       0x79 Src/stm32f3xx_hal_timebase_TIM.o
 .debug_loc     0x0000d924       0xfe Src/system_stm32f3xx.o
 .debug_loc     0x0000da22       0x21 Src/tim.o
 .debug_loc     0x0000da43       0x5b Src/usart.o

.debug_aranges  0x00000000     0x1230
 .debug_aranges
                0x00000000       0xe0 Drivers/STM32F3xx_HAL_Driver/Src/stm32f3xx_hal.o
 .debug_aranges
                0x000000e0      0x168 Drivers/STM32F3xx_HAL_Driver/Src/stm32f3xx_hal_adc_ex.o
 .debug_aranges
                0x00000248       0xa8 Drivers/STM32F3xx_HAL_Driver/Src/stm32f3xx_hal_cortex.o
 .debug_aranges
                0x000002f0       0x58 Drivers/STM32F3xx_HAL_Driver/Src/stm32f3xx_hal_gpio.o
 .debug_aranges
                0x00000348       0x88 Drivers/STM32F3xx_HAL_Driver/Src/stm32f3xx_hal_rcc.o
 .debug_aranges
                0x000003d0       0x38 Drivers/STM32F3xx_HAL_Driver/Src/stm32f3xx_hal_rcc_ex.o
 .debug_aranges
                0x00000408      0x378 Drivers/STM32F3xx_HAL_Driver/Src/stm32f3xx_hal_tim.o
 .debug_aranges
                0x00000780      0x178 Drivers/STM32F3xx_HAL_Driver/Src/stm32f3xx_hal_tim_ex.o
 .debug_aranges
                0x000008f8      0x1f0 Drivers/STM32F3xx_HAL_Driver/Src/stm32f3xx_hal_uart.o
 .debug_aranges
                0x00000ae8      0x1d8 Middlewares/Third_Party/FreeRTOS/Source/CMSIS_RTOS/cmsis_os.o
 .debug_aranges
                0x00000cc0       0x40 Middlewares/Third_Party/FreeRTOS/Source/list.o
 .debug_aranges
                0x00000d00       0xe0 Middlewares/Third_Party/FreeRTOS/Source/queue.o
 .debug_aranges
                0x00000de0      0x190 Middlewares/Third_Party/FreeRTOS/Source/tasks.o
 .debug_aranges
                0x00000f70       0x80 Middlewares/Third_Party/FreeRTOS/Source/portable/GCC/ARM_CM4F/port.o
 .debug_aranges
                0x00000ff0       0x50 Middlewares/Third_Party/FreeRTOS/Source/portable/MemMang/heap_4.o
 .debug_aranges
                0x00001040       0x30 Src/adc.o
 .debug_aranges
                0x00001070       0x38 Src/freertos.o
 .debug_aranges
                0x000010a8       0x20 Src/gpio.o
 .debug_aranges
                0x000010c8       0x38 Src/main.o
 .debug_aranges
                0x00001100       0x20 Src/stm32f3xx_hal_msp.o
 .debug_aranges
                0x00001120       0x30 Src/stm32f3xx_hal_timebase_TIM.o
 .debug_aranges
                0x00001150       0x28 Src/stm32f3xx_it.o
 .debug_aranges
                0x00001178       0x28 Src/system_stm32f3xx.o
 .debug_aranges
                0x000011a0       0x38 Src/tim.o
 .debug_aranges
                0x000011d8       0x30 Src/usart.o
 .debug_aranges
                0x00001208       0x28 startup/startup_stm32f303xe.o

.debug_ranges   0x00000000     0x1280
 .debug_ranges  0x00000000       0xd0 Drivers/STM32F3xx_HAL_Driver/Src/stm32f3xx_hal.o
 .debug_ranges  0x000000d0      0x158 Drivers/STM32F3xx_HAL_Driver/Src/stm32f3xx_hal_adc_ex.o
 .debug_ranges  0x00000228       0xf8 Drivers/STM32F3xx_HAL_Driver/Src/stm32f3xx_hal_cortex.o
 .debug_ranges  0x00000320       0x48 Drivers/STM32F3xx_HAL_Driver/Src/stm32f3xx_hal_gpio.o
 .debug_ranges  0x00000368       0x98 Drivers/STM32F3xx_HAL_Driver/Src/stm32f3xx_hal_rcc.o
 .debug_ranges  0x00000400       0x40 Drivers/STM32F3xx_HAL_Driver/Src/stm32f3xx_hal_rcc_ex.o
 .debug_ranges  0x00000440      0x368 Drivers/STM32F3xx_HAL_Driver/Src/stm32f3xx_hal_tim.o
 .debug_ranges  0x000007a8      0x168 Drivers/STM32F3xx_HAL_Driver/Src/stm32f3xx_hal_tim_ex.o
 .debug_ranges  0x00000910      0x1e0 Drivers/STM32F3xx_HAL_Driver/Src/stm32f3xx_hal_uart.o
 .debug_ranges  0x00000af0      0x1c8 Middlewares/Third_Party/FreeRTOS/Source/CMSIS_RTOS/cmsis_os.o
 .debug_ranges  0x00000cb8       0x30 Middlewares/Third_Party/FreeRTOS/Source/list.o
 .debug_ranges  0x00000ce8      0x180 Middlewares/Third_Party/FreeRTOS/Source/queue.o
 .debug_ranges  0x00000e68      0x208 Middlewares/Third_Party/FreeRTOS/Source/tasks.o
 .debug_ranges  0x00001070       0x88 Middlewares/Third_Party/FreeRTOS/Source/portable/GCC/ARM_CM4F/port.o
 .debug_ranges  0x000010f8       0x40 Middlewares/Third_Party/FreeRTOS/Source/portable/MemMang/heap_4.o
 .debug_ranges  0x00001138       0x20 Src/adc.o
 .debug_ranges  0x00001158       0x28 Src/freertos.o
 .debug_ranges  0x00001180       0x10 Src/gpio.o
 .debug_ranges  0x00001190       0x28 Src/main.o
 .debug_ranges  0x000011b8       0x10 Src/stm32f3xx_hal_msp.o
 .debug_ranges  0x000011c8       0x20 Src/stm32f3xx_hal_timebase_TIM.o
 .debug_ranges  0x000011e8       0x18 Src/stm32f3xx_it.o
 .debug_ranges  0x00001200       0x18 Src/system_stm32f3xx.o
 .debug_ranges  0x00001218       0x28 Src/tim.o
 .debug_ranges  0x00001240       0x20 Src/usart.o
 .debug_ranges  0x00001260       0x20 startup/startup_stm32f303xe.o

.debug_macro    0x00000000    0x216ee
 .debug_macro   0x00000000      0x351 Drivers/STM32F3xx_HAL_Driver/Src/stm32f3xx_hal.o
 .debug_macro   0x00000351      0x8bc Drivers/STM32F3xx_HAL_Driver/Src/stm32f3xx_hal.o
 .debug_macro   0x00000c0d       0x64 Drivers/STM32F3xx_HAL_Driver/Src/stm32f3xx_hal.o
 .debug_macro   0x00000c71       0xab Drivers/STM32F3xx_HAL_Driver/Src/stm32f3xx_hal.o
 .debug_macro   0x00000d1c       0x2f Drivers/STM32F3xx_HAL_Driver/Src/stm32f3xx_hal.o
 .debug_macro   0x00000d4b       0x28 Drivers/STM32F3xx_HAL_Driver/Src/stm32f3xx_hal.o
 .debug_macro   0x00000d73       0x22 Drivers/STM32F3xx_HAL_Driver/Src/stm32f3xx_hal.o
 .debug_macro   0x00000d95       0x87 Drivers/STM32F3xx_HAL_Driver/Src/stm32f3xx_hal.o
 .debug_macro   0x00000e1c       0x51 Drivers/STM32F3xx_HAL_Driver/Src/stm32f3xx_hal.o
 .debug_macro   0x00000e6d       0xef Drivers/STM32F3xx_HAL_Driver/Src/stm32f3xx_hal.o
 .debug_macro   0x00000f5c       0x6a Drivers/STM32F3xx_HAL_Driver/Src/stm32f3xx_hal.o
 .debug_macro   0x00000fc6      0x1df Drivers/STM32F3xx_HAL_Driver/Src/stm32f3xx_hal.o
 .debug_macro   0x000011a5       0x35 Drivers/STM32F3xx_HAL_Driver/Src/stm32f3xx_hal.o
 .debug_macro   0x000011da       0x50 Drivers/STM32F3xx_HAL_Driver/Src/stm32f3xx_hal.o
 .debug_macro   0x0000122a      0xe66 Drivers/STM32F3xx_HAL_Driver/Src/stm32f3xx_hal.o
 .debug_macro   0x00002090    0x15376 Drivers/STM32F3xx_HAL_Driver/Src/stm32f3xx_hal.o
 .debug_macro   0x00017406       0x43 Drivers/STM32F3xx_HAL_Driver/Src/stm32f3xx_hal.o
 .debug_macro   0x00017449       0x58 Drivers/STM32F3xx_HAL_Driver/Src/stm32f3xx_hal.o
 .debug_macro   0x000174a1       0x35 Drivers/STM32F3xx_HAL_Driver/Src/stm32f3xx_hal.o
 .debug_macro   0x000174d6       0x9c Drivers/STM32F3xx_HAL_Driver/Src/stm32f3xx_hal.o
 .debug_macro   0x00017572       0x16 Drivers/STM32F3xx_HAL_Driver/Src/stm32f3xx_hal.o
 .debug_macro   0x00017588       0x97 Drivers/STM32F3xx_HAL_Driver/Src/stm32f3xx_hal.o
 .debug_macro   0x0001761f      0x330 Drivers/STM32F3xx_HAL_Driver/Src/stm32f3xx_hal.o
 .debug_macro   0x0001794f       0xfd Drivers/STM32F3xx_HAL_Driver/Src/stm32f3xx_hal.o
 .debug_macro   0x00017a4c       0x10 Drivers/STM32F3xx_HAL_Driver/Src/stm32f3xx_hal.o
 .debug_macro   0x00017a5c       0x58 Drivers/STM32F3xx_HAL_Driver/Src/stm32f3xx_hal.o
 .debug_macro   0x00017ab4       0x1f Drivers/STM32F3xx_HAL_Driver/Src/stm32f3xx_hal.o
 .debug_macro   0x00017ad3       0x43 Drivers/STM32F3xx_HAL_Driver/Src/stm32f3xx_hal.o
 .debug_macro   0x00017b16       0x20 Drivers/STM32F3xx_HAL_Driver/Src/stm32f3xx_hal.o
 .debug_macro   0x00017b36      0x187 Drivers/STM32F3xx_HAL_Driver/Src/stm32f3xx_hal.o
 .debug_macro   0x00017cbd       0x10 Drivers/STM32F3xx_HAL_Driver/Src/stm32f3xx_hal.o
 .debug_macro   0x00017ccd       0x1c Drivers/STM32F3xx_HAL_Driver/Src/stm32f3xx_hal.o
 .debug_macro   0x00017ce9       0x52 Drivers/STM32F3xx_HAL_Driver/Src/stm32f3xx_hal.o
 .debug_macro   0x00017d3b       0x40 Drivers/STM32F3xx_HAL_Driver/Src/stm32f3xx_hal.o
 .debug_macro   0x00017d7b       0x10 Drivers/STM32F3xx_HAL_Driver/Src/stm32f3xx_hal.o
 .debug_macro   0x00017d8b       0x40 Drivers/STM32F3xx_HAL_Driver/Src/stm32f3xx_hal.o
 .debug_macro   0x00017dcb       0xd7 Drivers/STM32F3xx_HAL_Driver/Src/stm32f3xx_hal.o
 .debug_macro   0x00017ea2       0x16 Drivers/STM32F3xx_HAL_Driver/Src/stm32f3xx_hal.o
 .debug_macro   0x00017eb8      0x18b Drivers/STM32F3xx_HAL_Driver/Src/stm32f3xx_hal.o
 .debug_macro   0x00018043       0x49 Drivers/STM32F3xx_HAL_Driver/Src/stm32f3xx_hal.o
 .debug_macro   0x0001808c      0x95a Drivers/STM32F3xx_HAL_Driver/Src/stm32f3xx_hal.o
 .debug_macro   0x000189e6      0x84a Drivers/STM32F3xx_HAL_Driver/Src/stm32f3xx_hal.o
 .debug_macro   0x00019230      0x13a Drivers/STM32F3xx_HAL_Driver/Src/stm32f3xx_hal.o
 .debug_macro   0x0001936a      0x23a Drivers/STM32F3xx_HAL_Driver/Src/stm32f3xx_hal.o
 .debug_macro   0x000195a4      0x1bc Drivers/STM32F3xx_HAL_Driver/Src/stm32f3xx_hal.o
 .debug_macro   0x00019760       0x31 Drivers/STM32F3xx_HAL_Driver/Src/stm32f3xx_hal.o
 .debug_macro   0x00019791       0x3c Drivers/STM32F3xx_HAL_Driver/Src/stm32f3xx_hal.o
 .debug_macro   0x000197cd      0x23a Drivers/STM32F3xx_HAL_Driver/Src/stm32f3xx_hal.o
 .debug_macro   0x00019a07      0xa05 Drivers/STM32F3xx_HAL_Driver/Src/stm32f3xx_hal.o
 .debug_macro   0x0001a40c       0x77 Drivers/STM32F3xx_HAL_Driver/Src/stm32f3xx_hal.o
 .debug_macro   0x0001a483       0xcb Drivers/STM32F3xx_HAL_Driver/Src/stm32f3xx_hal.o
 .debug_macro   0x0001a54e      0x21e Drivers/STM32F3xx_HAL_Driver/Src/stm32f3xx_hal.o
 .debug_macro   0x0001a76c      0x209 Drivers/STM32F3xx_HAL_Driver/Src/stm32f3xx_hal.o
 .debug_macro   0x0001a975       0x5b Drivers/STM32F3xx_HAL_Driver/Src/stm32f3xx_hal.o
 .debug_macro   0x0001a9d0       0x90 Drivers/STM32F3xx_HAL_Driver/Src/stm32f3xx_hal.o
 .debug_macro   0x0001aa60       0x82 Drivers/STM32F3xx_HAL_Driver/Src/stm32f3xx_hal.o
 .debug_macro   0x0001aae2       0xd3 Drivers/STM32F3xx_HAL_Driver/Src/stm32f3xx_hal.o
 .debug_macro   0x0001abb5      0x6af Drivers/STM32F3xx_HAL_Driver/Src/stm32f3xx_hal.o
 .debug_macro   0x0001b264      0x3c2 Drivers/STM32F3xx_HAL_Driver/Src/stm32f3xx_hal.o
 .debug_macro   0x0001b626      0x566 Drivers/STM32F3xx_HAL_Driver/Src/stm32f3xx_hal.o
 .debug_macro   0x0001bb8c       0x31 Drivers/STM32F3xx_HAL_Driver/Src/stm32f3xx_hal.o
 .debug_macro   0x0001bbbd      0x349 Drivers/STM32F3xx_HAL_Driver/Src/stm32f3xx_hal.o
 .debug_macro   0x0001bf06      0x357 Drivers/STM32F3xx_HAL_Driver/Src/stm32f3xx_hal_adc_ex.o
 .debug_macro   0x0001c25d      0x32d Drivers/STM32F3xx_HAL_Driver/Src/stm32f3xx_hal_cortex.o
 .debug_macro   0x0001c58a      0x365 Drivers/STM32F3xx_HAL_Driver/Src/stm32f3xx_hal_gpio.o
 .debug_macro   0x0001c8ef      0x351 Drivers/STM32F3xx_HAL_Driver/Src/stm32f3xx_hal_rcc.o
 .debug_macro   0x0001cc40      0x32d Drivers/STM32F3xx_HAL_Driver/Src/stm32f3xx_hal_rcc_ex.o
 .debug_macro   0x0001cf6d      0x32d Drivers/STM32F3xx_HAL_Driver/Src/stm32f3xx_hal_tim.o
 .debug_macro   0x0001d29a      0x339 Drivers/STM32F3xx_HAL_Driver/Src/stm32f3xx_hal_tim_ex.o
 .debug_macro   0x0001d5d3      0x335 Drivers/STM32F3xx_HAL_Driver/Src/stm32f3xx_hal_uart.o
 .debug_macro   0x0001d908      0x1f3 Middlewares/Third_Party/FreeRTOS/Source/CMSIS_RTOS/cmsis_os.o
 .debug_macro   0x0001dafb       0x52 Middlewares/Third_Party/FreeRTOS/Source/CMSIS_RTOS/cmsis_os.o
 .debug_macro   0x0001db4d       0x8d Middlewares/Third_Party/FreeRTOS/Source/CMSIS_RTOS/cmsis_os.o
 .debug_macro   0x0001dbda      0x174 Middlewares/Third_Party/FreeRTOS/Source/CMSIS_RTOS/cmsis_os.o
 .debug_macro   0x0001dd4e       0x57 Middlewares/Third_Party/FreeRTOS/Source/CMSIS_RTOS/cmsis_os.o
 .debug_macro   0x0001dda5       0x10 Middlewares/Third_Party/FreeRTOS/Source/CMSIS_RTOS/cmsis_os.o
 .debug_macro   0x0001ddb5       0x35 Middlewares/Third_Party/FreeRTOS/Source/CMSIS_RTOS/cmsis_os.o
 .debug_macro   0x0001ddea       0xd2 Middlewares/Third_Party/FreeRTOS/Source/CMSIS_RTOS/cmsis_os.o
 .debug_macro   0x0001debc      0x168 Middlewares/Third_Party/FreeRTOS/Source/CMSIS_RTOS/cmsis_os.o
 .debug_macro   0x0001e024       0xe4 Middlewares/Third_Party/FreeRTOS/Source/CMSIS_RTOS/cmsis_os.o
 .debug_macro   0x0001e108       0x10 Middlewares/Third_Party/FreeRTOS/Source/CMSIS_RTOS/cmsis_os.o
 .debug_macro   0x0001e118       0x1f Middlewares/Third_Party/FreeRTOS/Source/CMSIS_RTOS/cmsis_os.o
 .debug_macro   0x0001e137      0x40f Middlewares/Third_Party/FreeRTOS/Source/CMSIS_RTOS/cmsis_os.o
 .debug_macro   0x0001e546       0xc0 Middlewares/Third_Party/FreeRTOS/Source/CMSIS_RTOS/cmsis_os.o
 .debug_macro   0x0001e606       0x8c Middlewares/Third_Party/FreeRTOS/Source/CMSIS_RTOS/cmsis_os.o
 .debug_macro   0x0001e692       0x91 Middlewares/Third_Party/FreeRTOS/Source/CMSIS_RTOS/cmsis_os.o
 .debug_macro   0x0001e723       0x94 Middlewares/Third_Party/FreeRTOS/Source/CMSIS_RTOS/cmsis_os.o
 .debug_macro   0x0001e7b7       0x63 Middlewares/Third_Party/FreeRTOS/Source/CMSIS_RTOS/cmsis_os.o
 .debug_macro   0x0001e81a       0x19 Middlewares/Third_Party/FreeRTOS/Source/CMSIS_RTOS/cmsis_os.o
 .debug_macro   0x0001e833       0xcf Middlewares/Third_Party/FreeRTOS/Source/CMSIS_RTOS/cmsis_os.o
 .debug_macro   0x0001e902       0x26 Middlewares/Third_Party/FreeRTOS/Source/CMSIS_RTOS/cmsis_os.o
 .debug_macro   0x0001e928      0x18b Middlewares/Third_Party/FreeRTOS/Source/list.o
 .debug_macro   0x0001eab3      0x207 Middlewares/Third_Party/FreeRTOS/Source/queue.o
 .debug_macro   0x0001ecba       0x16 Middlewares/Third_Party/FreeRTOS/Source/queue.o
 .debug_macro   0x0001ecd0      0x26a Middlewares/Third_Party/FreeRTOS/Source/tasks.o
 .debug_macro   0x0001ef3a       0x11 Middlewares/Third_Party/FreeRTOS/Source/tasks.o
 .debug_macro   0x0001ef4b      0x1ad Middlewares/Third_Party/FreeRTOS/Source/portable/GCC/ARM_CM4F/port.o
 .debug_macro   0x0001f0f8      0x1b2 Middlewares/Third_Party/FreeRTOS/Source/portable/MemMang/heap_4.o
 .debug_macro   0x0001f2aa      0x341 Src/adc.o
 .debug_macro   0x0001f5eb      0x40b Src/freertos.o
 .debug_macro   0x0001f9f6       0xb1 Src/freertos.o
 .debug_macro   0x0001faa7       0x3b Src/freertos.o
 .debug_macro   0x0001fae2      0x337 Src/gpio.o
 .debug_macro   0x0001fe19      0x40d Src/main.o
 .debug_macro   0x00020226       0xd8 Src/main.o
 .debug_macro   0x000202fe      0x32d Src/stm32f3xx_hal_msp.o
 .debug_macro   0x0002062b      0x32d Src/stm32f3xx_hal_timebase_TIM.o
 .debug_macro   0x00020958      0x3eb Src/stm32f3xx_it.o
 .debug_macro   0x00020d43      0x333 Src/system_stm32f3xx.o
 .debug_macro   0x00021076      0x337 Src/tim.o
 .debug_macro   0x000213ad      0x341 Src/usart.o

.debug_line     0x00000000    0x11386
 .debug_line    0x00000000      0x96e Drivers/STM32F3xx_HAL_Driver/Src/stm32f3xx_hal.o
 .debug_line    0x0000096e     0x1a3a Drivers/STM32F3xx_HAL_Driver/Src/stm32f3xx_hal_adc_ex.o
 .debug_line    0x000023a8      0x99e Drivers/STM32F3xx_HAL_Driver/Src/stm32f3xx_hal_cortex.o
 .debug_line    0x00002d46      0x911 Drivers/STM32F3xx_HAL_Driver/Src/stm32f3xx_hal_gpio.o
 .debug_line    0x00003657      0xc57 Drivers/STM32F3xx_HAL_Driver/Src/stm32f3xx_hal_rcc.o
 .debug_line    0x000042ae      0xae0 Drivers/STM32F3xx_HAL_Driver/Src/stm32f3xx_hal_rcc_ex.o
 .debug_line    0x00004d8e     0x1a83 Drivers/STM32F3xx_HAL_Driver/Src/stm32f3xx_hal_tim.o
 .debug_line    0x00006811      0xf1c Drivers/STM32F3xx_HAL_Driver/Src/stm32f3xx_hal_tim_ex.o
 .debug_line    0x0000772d     0x124d Drivers/STM32F3xx_HAL_Driver/Src/stm32f3xx_hal_uart.o
 .debug_line    0x0000897a      0xbaa Middlewares/Third_Party/FreeRTOS/Source/CMSIS_RTOS/cmsis_os.o
 .debug_line    0x00009524      0x565 Middlewares/Third_Party/FreeRTOS/Source/list.o
 .debug_line    0x00009a89      0xa7e Middlewares/Third_Party/FreeRTOS/Source/queue.o
 .debug_line    0x0000a507      0xdd2 Middlewares/Third_Party/FreeRTOS/Source/tasks.o
 .debug_line    0x0000b2d9      0x5e6 Middlewares/Third_Party/FreeRTOS/Source/portable/GCC/ARM_CM4F/port.o
 .debug_line    0x0000b8bf      0x616 Middlewares/Third_Party/FreeRTOS/Source/portable/MemMang/heap_4.o
 .debug_line    0x0000bed5      0x7e7 Src/adc.o
 .debug_line    0x0000c6bc      0xa27 Src/freertos.o
 .debug_line    0x0000d0e3      0x7a0 Src/gpio.o
 .debug_line    0x0000d883      0x9f1 Src/main.o
 .debug_line    0x0000e274      0x79e Src/stm32f3xx_hal_msp.o
 .debug_line    0x0000ea12      0x7ce Src/stm32f3xx_hal_timebase_TIM.o
 .debug_line    0x0000f1e0      0x997 Src/stm32f3xx_it.o
 .debug_line    0x0000fb77      0x7c5 Src/system_stm32f3xx.o
 .debug_line    0x0001033c      0x7f2 Src/tim.o
 .debug_line    0x00010b2e      0x7d9 Src/usart.o
 .debug_line    0x00011307       0x7f startup/startup_stm32f303xe.o

.debug_str      0x00000000    0xbbe05
 .debug_str     0x00000000    0xb0280 Drivers/STM32F3xx_HAL_Driver/Src/stm32f3xx_hal.o
                              0xb0629 (size before relaxing)
 .debug_str     0x000b0280      0xce8 Drivers/STM32F3xx_HAL_Driver/Src/stm32f3xx_hal_adc_ex.o
                              0xb0a6b (size before relaxing)
 .debug_str     0x000b0f68      0x3ae Drivers/STM32F3xx_HAL_Driver/Src/stm32f3xx_hal_cortex.o
                              0xb0668 (size before relaxing)
 .debug_str     0x000b1316      0x2dc Drivers/STM32F3xx_HAL_Driver/Src/stm32f3xx_hal_gpio.o
                              0xb004d (size before relaxing)
 .debug_str     0x000b15f2      0x3ef Drivers/STM32F3xx_HAL_Driver/Src/stm32f3xx_hal_rcc.o
                              0xb01d7 (size before relaxing)
 .debug_str     0x000b19e1      0x2b9 Drivers/STM32F3xx_HAL_Driver/Src/stm32f3xx_hal_rcc_ex.o
                              0xb0073 (size before relaxing)
 .debug_str     0x000b1c9a      0xf6b Drivers/STM32F3xx_HAL_Driver/Src/stm32f3xx_hal_tim.o
                              0xb0e84 (size before relaxing)
 .debug_str     0x000b2c05      0x5ce Drivers/STM32F3xx_HAL_Driver/Src/stm32f3xx_hal_tim_ex.o
                              0xb08ea (size before relaxing)
 .debug_str     0x000b31d3      0x9b0 Drivers/STM32F3xx_HAL_Driver/Src/stm32f3xx_hal_uart.o
                              0xb0975 (size before relaxing)
 .debug_str     0x000b3b83     0x5cfe Middlewares/Third_Party/FreeRTOS/Source/CMSIS_RTOS/cmsis_os.o
                               0xc408 (size before relaxing)
 .debug_str     0x000b9881      0x234 Middlewares/Third_Party/FreeRTOS/Source/list.o
                               0x96a5 (size before relaxing)
 .debug_str     0x000b9ab5      0x6eb Middlewares/Third_Party/FreeRTOS/Source/queue.o
                               0xacdb (size before relaxing)
 .debug_str     0x000ba1a0      0xf16 Middlewares/Third_Party/FreeRTOS/Source/tasks.o
                               0xb72b (size before relaxing)
 .debug_str     0x000bb0b6      0x77c Middlewares/Third_Party/FreeRTOS/Source/portable/GCC/ARM_CM4F/port.o
                               0x771d (size before relaxing)
 .debug_str     0x000bb832      0x243 Middlewares/Third_Party/FreeRTOS/Source/portable/MemMang/heap_4.o
                               0x9de5 (size before relaxing)
 .debug_str     0x000bba75       0x5c Src/adc.o
                              0xb02e1 (size before relaxing)
 .debug_str     0x000bbad1      0x13b Src/freertos.o
                              0xb5c27 (size before relaxing)
 .debug_str     0x000bbc0c       0x1b Src/gpio.o
                              0xafd95 (size before relaxing)
 .debug_str     0x000bbc27       0x68 Src/main.o
                              0xb604d (size before relaxing)
 .debug_str     0x000bbc8f       0x1b Src/stm32f3xx_hal_msp.o
                              0xb01a9 (size before relaxing)
 .debug_str     0x000bbcaa       0x61 Src/stm32f3xx_hal_timebase_TIM.o
                              0xb06c0 (size before relaxing)
 .debug_str     0x000bbd0b       0x38 Src/stm32f3xx_it.o
                              0xb52ab (size before relaxing)
 .debug_str     0x000bbd43       0x64 Src/system_stm32f3xx.o
                              0xafd78 (size before relaxing)
 .debug_str     0x000bbda7       0x44 Src/tim.o
                              0xb0354 (size before relaxing)
 .debug_str     0x000bbdeb       0x1a Src/usart.o
                              0xb0256 (size before relaxing)

.comment        0x00000000       0x7f
 .comment       0x00000000       0x7f Drivers/STM32F3xx_HAL_Driver/Src/stm32f3xx_hal.o
                                 0x80 (size before relaxing)
 .comment       0x0000007f       0x80 Drivers/STM32F3xx_HAL_Driver/Src/stm32f3xx_hal_adc_ex.o
 .comment       0x0000007f       0x80 Drivers/STM32F3xx_HAL_Driver/Src/stm32f3xx_hal_cortex.o
 .comment       0x0000007f       0x80 Drivers/STM32F3xx_HAL_Driver/Src/stm32f3xx_hal_gpio.o
 .comment       0x0000007f       0x80 Drivers/STM32F3xx_HAL_Driver/Src/stm32f3xx_hal_rcc.o
 .comment       0x0000007f       0x80 Drivers/STM32F3xx_HAL_Driver/Src/stm32f3xx_hal_rcc_ex.o
 .comment       0x0000007f       0x80 Drivers/STM32F3xx_HAL_Driver/Src/stm32f3xx_hal_tim.o
 .comment       0x0000007f       0x80 Drivers/STM32F3xx_HAL_Driver/Src/stm32f3xx_hal_tim_ex.o
 .comment       0x0000007f       0x80 Drivers/STM32F3xx_HAL_Driver/Src/stm32f3xx_hal_uart.o
 .comment       0x0000007f       0x80 Middlewares/Third_Party/FreeRTOS/Source/CMSIS_RTOS/cmsis_os.o
 .comment       0x0000007f       0x80 Middlewares/Third_Party/FreeRTOS/Source/list.o
 .comment       0x0000007f       0x80 Middlewares/Third_Party/FreeRTOS/Source/queue.o
 .comment       0x0000007f       0x80 Middlewares/Third_Party/FreeRTOS/Source/tasks.o
 .comment       0x0000007f       0x80 Middlewares/Third_Party/FreeRTOS/Source/portable/GCC/ARM_CM4F/port.o
 .comment       0x0000007f       0x80 Middlewares/Third_Party/FreeRTOS/Source/portable/MemMang/heap_4.o
 .comment       0x0000007f       0x80 Src/adc.o
 .comment       0x0000007f       0x80 Src/freertos.o
 .comment       0x0000007f       0x80 Src/gpio.o
 .comment       0x0000007f       0x80 Src/main.o
 .comment       0x0000007f       0x80 Src/stm32f3xx_hal_msp.o
 .comment       0x0000007f       0x80 Src/stm32f3xx_hal_timebase_TIM.o
 .comment       0x0000007f       0x80 Src/stm32f3xx_it.o
 .comment       0x0000007f       0x80 Src/system_stm32f3xx.o
 .comment       0x0000007f       0x80 Src/tim.o
 .comment       0x0000007f       0x80 Src/usart.o

.debug_frame    0x00000000     0x312c
 .debug_frame   0x00000000      0x1cc Drivers/STM32F3xx_HAL_Driver/Src/stm32f3xx_hal.o
 .debug_frame   0x000001cc      0x4a4 Drivers/STM32F3xx_HAL_Driver/Src/stm32f3xx_hal_adc_ex.o
 .debug_frame   0x00000670      0x15c Drivers/STM32F3xx_HAL_Driver/Src/stm32f3xx_hal_cortex.o
 .debug_frame   0x000007cc       0xd0 Drivers/STM32F3xx_HAL_Driver/Src/stm32f3xx_hal_gpio.o
 .debug_frame   0x0000089c      0x150 Drivers/STM32F3xx_HAL_Driver/Src/stm32f3xx_hal_rcc.o
 .debug_frame   0x000009ec       0x80 Drivers/STM32F3xx_HAL_Driver/Src/stm32f3xx_hal_rcc_ex.o
 .debug_frame   0x00000a6c      0xa1c Drivers/STM32F3xx_HAL_Driver/Src/stm32f3xx_hal_tim.o
 .debug_frame   0x00001488      0x45c Drivers/STM32F3xx_HAL_Driver/Src/stm32f3xx_hal_tim_ex.o
 .debug_frame   0x000018e4      0x570 Drivers/STM32F3xx_HAL_Driver/Src/stm32f3xx_hal_uart.o
 .debug_frame   0x00001e54      0x584 Middlewares/Third_Party/FreeRTOS/Source/CMSIS_RTOS/cmsis_os.o
 .debug_frame   0x000023d8       0x6c Middlewares/Third_Party/FreeRTOS/Source/list.o
 .debug_frame   0x00002444      0x2b4 Middlewares/Third_Party/FreeRTOS/Source/queue.o
 .debug_frame   0x000026f8      0x4e8 Middlewares/Third_Party/FreeRTOS/Source/tasks.o
 .debug_frame   0x00002be0       0xfc Middlewares/Third_Party/FreeRTOS/Source/portable/GCC/ARM_CM4F/port.o
 .debug_frame   0x00002cdc       0xac Middlewares/Third_Party/FreeRTOS/Source/portable/MemMang/heap_4.o
 .debug_frame   0x00002d88       0x64 Src/adc.o
 .debug_frame   0x00002dec       0x90 Src/freertos.o
 .debug_frame   0x00002e7c       0x30 Src/gpio.o
 .debug_frame   0x00002eac       0x70 Src/main.o
 .debug_frame   0x00002f1c       0x2c Src/stm32f3xx_hal_msp.o
 .debug_frame   0x00002f48       0x50 Src/stm32f3xx_hal_timebase_TIM.o
 .debug_frame   0x00002f98       0x40 Src/stm32f3xx_it.o
 .debug_frame   0x00002fd8       0x30 Src/system_stm32f3xx.o
 .debug_frame   0x00003008       0x74 Src/tim.o
 .debug_frame   0x0000307c       0x5c Src/usart.o
 .debug_frame   0x000030d8       0x2c c:/ac6/systemworkbench/plugins/fr.ac6.mcu.externaltools.arm-none.win32_1.15.0.201708311556/tools/compiler/bin/../lib/gcc/arm-none-eabi/6.3.1/../../../../arm-none-eabi/lib/thumb/v7e-m/fpv4-sp/hard\libc_nano.a(lib_a-init.o)
 .debug_frame   0x00003104       0x28 c:/ac6/systemworkbench/plugins/fr.ac6.mcu.externaltools.arm-none.win32_1.15.0.201708311556/tools/compiler/bin/../lib/gcc/arm-none-eabi/6.3.1/../../../../arm-none-eabi/lib/thumb/v7e-m/fpv4-sp/hard\libc_nano.a(lib_a-memcpy-stub.o)
